Archive member included to satisfy reference by file (symbol)

c:/nxp/mcuxpressoide_11.1.0_3209/ide/plugins/com.nxp.mcuxpresso.tools.win32_11.1.0.201909161352/tools/bin/../lib/gcc/arm-none-eabi/8.3.1/../../../../arm-none-eabi/lib/thumb/v6-m/nofp\libcr_semihost_nf.a(_cr__main.o)
                              ./startup/startup_mkl25z4.o (__main)
c:/nxp/mcuxpressoide_11.1.0_3209/ide/plugins/com.nxp.mcuxpresso.tools.win32_11.1.0.201909161352/tools/bin/../lib/gcc/arm-none-eabi/8.3.1/../../../../arm-none-eabi/lib/thumb/v6-m/nofp\libcr_semihost_nf.a(_cr_assert.o)
                              ./source/Program2.o (__assertion_failed)
c:/nxp/mcuxpressoide_11.1.0_3209/ide/plugins/com.nxp.mcuxpresso.tools.win32_11.1.0.201909161352/tools/bin/../lib/gcc/arm-none-eabi/8.3.1/../../../../arm-none-eabi/lib/thumb/v6-m/nofp\libcr_semihost_nf.a(__ciob.o)
                              c:/nxp/mcuxpressoide_11.1.0_3209/ide/plugins/com.nxp.mcuxpresso.tools.win32_11.1.0.201909161352/tools/bin/../lib/gcc/arm-none-eabi/8.3.1/../../../../arm-none-eabi/lib/thumb/v6-m/nofp\libcr_semihost_nf.a(_cr_assert.o) (__Ciob)
c:/nxp/mcuxpressoide_11.1.0_3209/ide/plugins/com.nxp.mcuxpresso.tools.win32_11.1.0.201909161352/tools/bin/../lib/gcc/arm-none-eabi/8.3.1/../../../../arm-none-eabi/lib/thumb/v6-m/nofp\libcr_semihost_nf.a(__sys_appexit.o)
                              c:/nxp/mcuxpressoide_11.1.0_3209/ide/plugins/com.nxp.mcuxpresso.tools.win32_11.1.0.201909161352/tools/bin/../lib/gcc/arm-none-eabi/8.3.1/../../../../arm-none-eabi/lib/thumb/v6-m/nofp\libcr_semihost_nf.a(_cr_assert.o) (__sys_appexit)
c:/nxp/mcuxpressoide_11.1.0_3209/ide/plugins/com.nxp.mcuxpresso.tools.win32_11.1.0.201909161352/tools/bin/../lib/gcc/arm-none-eabi/8.3.1/../../../../arm-none-eabi/lib/thumb/v6-m/nofp\libcr_c.a(memcpy.o)
                              ./freertos/queue.o (memcpy)
c:/nxp/mcuxpressoide_11.1.0_3209/ide/plugins/com.nxp.mcuxpresso.tools.win32_11.1.0.201909161352/tools/bin/../lib/gcc/arm-none-eabi/8.3.1/../../../../arm-none-eabi/lib/thumb/v6-m/nofp\libcr_c.a(memset.o)
                              ./freertos/tasks.o (memset)
c:/nxp/mcuxpressoide_11.1.0_3209/ide/plugins/com.nxp.mcuxpresso.tools.win32_11.1.0.201909161352/tools/bin/../lib/gcc/arm-none-eabi/8.3.1/../../../../arm-none-eabi/lib/thumb/v6-m/nofp\libcr_c.a(_deferredlazyseek.o)
                              c:/nxp/mcuxpressoide_11.1.0_3209/ide/plugins/com.nxp.mcuxpresso.tools.win32_11.1.0.201909161352/tools/bin/../lib/gcc/arm-none-eabi/8.3.1/../../../../arm-none-eabi/lib/thumb/v6-m/nofp\libcr_semihost_nf.a(_cr_assert.o) (__flsbuf)
c:/nxp/mcuxpressoide_11.1.0_3209/ide/plugins/com.nxp.mcuxpresso.tools.win32_11.1.0.201909161352/tools/bin/../lib/gcc/arm-none-eabi/8.3.1/../../../../arm-none-eabi/lib/thumb/v6-m/nofp\libcr_c.a(_fflush.o)
                              c:/nxp/mcuxpressoide_11.1.0_3209/ide/plugins/com.nxp.mcuxpresso.tools.win32_11.1.0.201909161352/tools/bin/../lib/gcc/arm-none-eabi/8.3.1/../../../../arm-none-eabi/lib/thumb/v6-m/nofp\libcr_c.a(_deferredlazyseek.o) (_fflush)
c:/nxp/mcuxpressoide_11.1.0_3209/ide/plugins/com.nxp.mcuxpresso.tools.win32_11.1.0.201909161352/tools/bin/../lib/gcc/arm-none-eabi/8.3.1/../../../../arm-none-eabi/lib/thumb/v6-m/nofp\libcr_c.a(_writebuf.o)
                              c:/nxp/mcuxpressoide_11.1.0_3209/ide/plugins/com.nxp.mcuxpresso.tools.win32_11.1.0.201909161352/tools/bin/../lib/gcc/arm-none-eabi/8.3.1/../../../../arm-none-eabi/lib/thumb/v6-m/nofp\libcr_c.a(_deferredlazyseek.o) (_Cwritebuf)
c:/nxp/mcuxpressoide_11.1.0_3209/ide/plugins/com.nxp.mcuxpresso.tools.win32_11.1.0.201909161352/tools/bin/../lib/gcc/arm-none-eabi/8.3.1/../../../../arm-none-eabi/lib/thumb/v6-m/nofp\libcr_c.a(alloc.o)
                              c:/nxp/mcuxpressoide_11.1.0_3209/ide/plugins/com.nxp.mcuxpresso.tools.win32_11.1.0.201909161352/tools/bin/../lib/gcc/arm-none-eabi/8.3.1/../../../../arm-none-eabi/lib/thumb/v6-m/nofp\libcr_c.a(_deferredlazyseek.o) (_Csys_alloc)
c:/nxp/mcuxpressoide_11.1.0_3209/ide/plugins/com.nxp.mcuxpresso.tools.win32_11.1.0.201909161352/tools/bin/../lib/gcc/arm-none-eabi/8.3.1/../../../../arm-none-eabi/lib/thumb/v6-m/nofp\libcr_c.a(fputs.o)
                              c:/nxp/mcuxpressoide_11.1.0_3209/ide/plugins/com.nxp.mcuxpresso.tools.win32_11.1.0.201909161352/tools/bin/../lib/gcc/arm-none-eabi/8.3.1/../../../../arm-none-eabi/lib/thumb/v6-m/nofp\libcr_semihost_nf.a(_cr_assert.o) (fputs)
c:/nxp/mcuxpressoide_11.1.0_3209/ide/plugins/com.nxp.mcuxpresso.tools.win32_11.1.0.201909161352/tools/bin/../lib/gcc/arm-none-eabi/8.3.1/../../../../arm-none-eabi/lib/thumb/v6-m/nofp\libcr_c.a(fseek.o)
                              c:/nxp/mcuxpressoide_11.1.0_3209/ide/plugins/com.nxp.mcuxpresso.tools.win32_11.1.0.201909161352/tools/bin/../lib/gcc/arm-none-eabi/8.3.1/../../../../arm-none-eabi/lib/thumb/v6-m/nofp\libcr_c.a(_deferredlazyseek.o) (fseek)
[...]
Memory Configuration

Name             Origin             Length             Attributes
PROGRAM_FLASH    0x00000000         0x00020000         xr
SRAM             0x1ffff000         0x00004000         xrw
*default*        0x00000000         0xffffffff

Linker script and memory map

LOAD ./utilities/fsl_debug_console.o
LOAD ./startup/startup_mkl25z4.o
LOAD ./source/LED_control.o
LOAD ./source/Program2.o
LOAD ./source/delay.o
LOAD ./source/mtb.o
LOAD ./source/semihost_hardfault.o
LOAD ./freertos/croutine.o
LOAD ./freertos/event_groups.o
LOAD ./freertos/fsl_tickless_lptmr.o
LOAD ./freertos/fsl_tickless_systick.o
LOAD ./freertos/heap_4.o
LOAD ./freertos/list.o
LOAD ./freertos/port.o
LOAD ./freertos/queue.o
LOAD ./freertos/tasks.o
LOAD ./freertos/timers.o
LOAD ./drivers/fsl_adc16.o
LOAD ./drivers/fsl_clock.o
LOAD ./drivers/fsl_common.o
LOAD ./drivers/fsl_dac.o
LOAD ./drivers/fsl_dma.o
LOAD ./drivers/fsl_dmamux.o
LOAD ./drivers/fsl_flash.o
LOAD ./drivers/fsl_gpio.o
LOAD ./drivers/fsl_lpsci.o
LOAD ./drivers/fsl_lpsci_dma.o
LOAD ./drivers/fsl_lpsci_freertos.o
LOAD ./drivers/fsl_smc.o
LOAD ./drivers/fsl_uart.o
LOAD ./drivers/fsl_uart_dma.o
LOAD ./drivers/fsl_uart_freertos.o
LOAD ./board/board.o
LOAD ./board/clock_config.o
LOAD ./board/peripherals.o
LOAD ./board/pin_mux.o
LOAD ./CMSIS/system_MKL25Z4.o
START GROUP
LOAD c:/nxp/mcuxpressoide_11.1.0_3209/ide/plugins/com.nxp.mcuxpresso.tools.win32_11.1.0.201909161352/tools/bin/../lib/gcc/arm-none-eabi/8.3.1/../../../../arm-none-eabi/lib/thumb/v6-m/nofp\libcr_semihost_nf.a
LOAD c:/nxp/mcuxpressoide_11.1.0_3209/ide/plugins/com.nxp.mcuxpresso.tools.win32_11.1.0.201909161352/tools/bin/../lib/gcc/arm-none-eabi/8.3.1/../../../../arm-none-eabi/lib/thumb/v6-m/nofp\libcr_c.a
LOAD c:/nxp/mcuxpressoide_11.1.0_3209/ide/plugins/com.nxp.mcuxpresso.tools.win32_11.1.0.201909161352/tools/bin/../lib/gcc/arm-none-eabi/8.3.1/thumb/v6-m/nofp\libcr_eabihelpers.a
LOAD c:/nxp/mcuxpressoide_11.1.0_3209/ide/plugins/com.nxp.mcuxpresso.tools.win32_11.1.0.201909161352/tools/bin/../lib/gcc/arm-none-eabi/8.3.1/thumb/v6-m/nofp\libgcc.a
END GROUP
                0x00000000                __base_PROGRAM_FLASH = 0x0
                0x00000000                __base_Flash = 0x0
                0x00020000                __top_PROGRAM_FLASH = 0x20000
                0x00020000                __top_Flash = 0x20000
                0x1ffff000                __base_SRAM = 0x1ffff000
                0x1ffff000                __base_RAM = 0x1ffff000
                0x20003000                __top_SRAM = 0x20003000
                0x20003000                __top_RAM = 0x20003000

.text           0x00000000     0x74cc
 FILL mask 0xff
                0x00000000                __vectors_start__ = ABSOLUTE (.)
 *(SORT_BY_ALIGNMENT(.isr_vector))
 .isr_vector    0x00000000       0xc0 ./startup/startup_mkl25z4.o
                0x00000000                g_pfnVectors
                0x00000000                __Vectors
                0x000000c0                . = ALIGN (0x4)
                0x000000c0                __section_table_start = .
                0x000000c0                __data_section_table = .
                0x000000c0        0x4 LONG 0x74cc LOADADDR (.data)
                0x000000c4        0x4 LONG 0x1ffff080 ADDR (.data)
                0x000000c8        0x4 LONG 0xc SIZEOF (.data)
                0x000000cc                __data_section_table_end = .
                0x000000cc                __bss_section_table = .
                0x000000cc        0x4 LONG 0x1ffff08c ADDR (.bss)
                0x000000d0        0x4 LONG 0x2c80 SIZEOF (.bss)
                0x000000d4                __bss_section_table_end = .
                0x000000d4                __section_table_end = .
 *(SORT_BY_ALIGNMENT(.after_vectors*))
 .after_vectors.reset
                0x000000d4       0x4c ./startup/startup_mkl25z4.o
                0x000000d4                ResetISR
 .after_vectors.init_data
                0x00000120       0x12 ./startup/startup_mkl25z4.o
                0x00000120                data_init
 .after_vectors.init_bss
                0x00000132       0x10 ./startup/startup_mkl25z4.o
                0x00000132                bss_init
 .after_vectors
                0x00000142      0x10c ./startup/startup_mkl25z4.o
                0x00000142                NMI_Handler
                0x0000014c                I2C0_DriverIRQHandler
                0x0000014c                SPI1_DriverIRQHandler
                0x0000014c                LPTMR0_DriverIRQHandler
                0x0000014c                Reserved39_DriverIRQHandler
                0x0000014c                PIT_DriverIRQHandler
                0x0000014c                PORTD_DriverIRQHandler
                0x0000014c                CMP0_DriverIRQHandler
                0x0000014c                ADC0_DriverIRQHandler
                0x0000014c                TPM2_DriverIRQHandler
                0x0000014c                SPI0_DriverIRQHandler
                0x0000014c                I2C1_DriverIRQHandler
                0x0000014c                TSI0_DriverIRQHandler
                0x0000014c                RTC_Seconds_DriverIRQHandler
                0x0000014c                RTC_DriverIRQHandler
                0x0000014c                TPM1_DriverIRQHandler
                0x0000014c                LLWU_DriverIRQHandler
                0x0000014c                MCG_DriverIRQHandler
                0x0000014c                PORTA_DriverIRQHandler
                0x0000014c                Reserved45_DriverIRQHandler
                0x0000014c                FTFA_DriverIRQHandler
                0x0000014c                IntDefaultHandler
                0x0000014c                USB0_DriverIRQHandler
                0x0000014c                DAC0_DriverIRQHandler
                0x0000014c                Reserved20_DriverIRQHandler
                0x0000014c                LVD_LVW_DriverIRQHandler
                0x0000014c                TPM0_DriverIRQHandler
                0x0000014e                DMA0_IRQHandler
                0x00000156                DMA1_IRQHandler
                0x0000015e                DMA2_IRQHandler
                0x00000166                DMA3_IRQHandler
                0x0000016e                Reserved20_IRQHandler
                0x00000176                FTFA_IRQHandler
                0x0000017e                LVD_LVW_IRQHandler
                0x00000186                LLWU_IRQHandler
                0x0000018e                I2C0_IRQHandler
                0x00000196                I2C1_IRQHandler
                0x0000019e                SPI0_IRQHandler
                0x000001a6                SPI1_IRQHandler
                0x000001ae                UART0_IRQHandler
                0x000001b6                UART1_IRQHandler
                0x000001be                UART2_IRQHandler
                0x000001ce                CMP0_IRQHandler
                0x000001d6                TPM0_IRQHandler
                0x000001de                TPM1_IRQHandler
                0x000001e6                TPM2_IRQHandler
                0x000001ee                RTC_IRQHandler
                0x000001f6                RTC_Seconds_IRQHandler
                0x000001fe                PIT_IRQHandler
                0x00000206                Reserved39_IRQHandler
                0x0000020e                USB0_IRQHandler
                0x00000216                DAC0_IRQHandler
                0x0000021e                TSI0_IRQHandler
                0x00000226                MCG_IRQHandler
                0x0000022e                LPTMR0_IRQHandler
                0x00000236                Reserved45_IRQHandler
                0x0000023e                PORTA_IRQHandler
                0x00000246                PORTD_IRQHandler
                0x00000400                . = 0x400
 *fill*         0x0000024e      0x1b2 ff
                0x00000400                PROVIDE (__FLASH_CONFIG_START__ = .)
 *(SORT_BY_ALIGNMENT(.FlashConfig))
 .FlashConfig   0x00000400       0x10 ./startup/startup_mkl25z4.o
                0x00000400                Flash_Config
                0x00000410                PROVIDE (__FLASH_CONFIG_END__ = .)
                0x00000001                ASSERT (! ((__FLASH_CONFIG_START__ == __FLASH_CONFIG_END__)), Linker Flash Config Support Enabled, but no .FlashConfig section provided within application)
 *(SORT_BY_ALIGNMENT(.text*))
 .text.vPortStartFirstTask
                0x00000410       0x38 ./freertos/port.o
 *fill*         0x00000448        0x8 ff
 .text.PendSV_Handler
                0x00000450       0x48 ./freertos/port.o
                0x00000450                PendSV_Handler
 .text.DbgConsole_Init
                0x00000498       0xf0 ./utilities/fsl_debug_console.o
                0x00000498                DbgConsole_Init
 .text.__sys_write
                0x00000588       0x58 ./utilities/fsl_debug_console.o
                0x00000588                __sys_write
 .text.LED_init
                0x000005e0       0xd0 ./source/LED_control.o
                0x000005e0                LED_init
 .text.LED_toggle
                0x000006b0       0x74 ./source/LED_control.o
                0x000006b0                LED_toggle
 .text.NVIC_EnableIRQ
                0x00000724       0x2c ./source/Program2.o
 .text.ADC16_GetChannelConversionValue
                0x00000750       0x30 ./source/Program2.o
 .text.InitDAC  0x00000780       0x30 ./source/Program2.o
 .text.InitADC  0x000007b0       0x6c ./source/Program2.o
 .text.Define_SineTable
                0x0000081c       0xcc ./source/Program2.o
                0x0000081c                Define_SineTable
 .text.ADC0_IRQHandler
                0x000008e8       0x30 ./source/Program2.o
                0x000008e8                ADC0_IRQHandler
 .text.main     0x00000918       0xe8 ./source/Program2.o
                0x00000918                main
 .text.DAC_task
                0x00000a00       0x48 ./source/Program2.o
 .text.ADCstart_task
                0x00000a48       0x30 ./source/Program2.o
 .text.ADCread_task
                0x00000a78       0x64 ./source/Program2.o
 .text.SwTimerCallback
                0x00000adc       0x40 ./source/Program2.o
 .text.HardFault_Handler
                0x00000b1c       0x30 ./source/semihost_hardfault.o
                0x00000b1c                HardFault_Handler
 .text.prvSetupTimerInterrupt
                0x00000b4c       0x40 ./freertos/fsl_tickless_lptmr.o
                0x00000b4c                prvSetupTimerInterrupt
 .text.pvPortMalloc
                0x00000b8c      0x14c ./freertos/heap_4.o
                0x00000b8c                pvPortMalloc
 .text.vPortFree
                0x00000cd8       0x90 ./freertos/heap_4.o
                0x00000cd8                vPortFree
 .text.prvHeapInit
                0x00000d68       0xc0 ./freertos/heap_4.o
 .text.prvInsertBlockIntoFreeList
                0x00000e28       0xb0 ./freertos/heap_4.o
 .text.pxPortInitialiseStack
                0x00000ed8       0x54 ./freertos/port.o
                0x00000ed8                pxPortInitialiseStack
 .text.prvTaskExitError
                0x00000f2c       0x18 ./freertos/port.o
 .text.xPortStartScheduler
                0x00000f44       0x44 ./freertos/port.o
                0x00000f44                xPortStartScheduler
 .text.vPortYield
                0x00000f88       0x20 ./freertos/port.o
                0x00000f88                vPortYield
 .text.vPortEnterCritical
                0x00000fa8       0x24 ./freertos/port.o
                0x00000fa8                vPortEnterCritical
 .text.vPortExitCritical
                0x00000fcc       0x30 ./freertos/port.o
                0x00000fcc                vPortExitCritical
 .text.SysTick_Handler
                0x00000ffc       0x34 ./freertos/port.o
                0x00000ffc                SysTick_Handler
 .text.vQueueAddToRegistry
                0x00001030       0x50 ./freertos/queue.o
                0x00001030                vQueueAddToRegistry
 .text.prvInitialiseNewTask
                0x00001080      0x120 ./freertos/tasks.o
 .text.prvAddNewTaskToReadyList
                0x000011a0       0xd0 ./freertos/tasks.o
 .text.vTaskSuspend
                0x00001270       0xb8 ./freertos/tasks.o
                0x00001270                vTaskSuspend
 .text.prvTaskIsTaskSuspended
                0x00001328       0x60 ./freertos/tasks.o
 .text.vTaskResume
                0x00001388       0x9c ./freertos/tasks.o
                0x00001388                vTaskResume
 .text.xTaskResumeFromISR
                0x00001424       0xbc ./freertos/tasks.o
                0x00001424                xTaskResumeFromISR
 .text.vTaskStartScheduler
                0x000014e0       0x78 ./freertos/tasks.o
                0x000014e0                vTaskStartScheduler
 .text.vTaskSuspendAll
                0x00001558       0x18 ./freertos/tasks.o
                0x00001558                vTaskSuspendAll
 .text.xTaskResumeAll
                0x00001570      0x118 ./freertos/tasks.o
                0x00001570                xTaskResumeAll
 .text.xTaskGetTickCount
                0x00001688       0x1c ./freertos/tasks.o
                0x00001688                xTaskGetTickCount
 .text.xTaskIncrementTick
                0x000016a4      0x14c ./freertos/tasks.o
                0x000016a4                xTaskIncrementTick
 .text.vTaskSwitchContext
                0x000017f0       0xa4 ./freertos/tasks.o
                0x000017f0                vTaskSwitchContext
 .text.vTaskPlaceOnEventList
                0x00001894       0x3c ./freertos/tasks.o
                0x00001894                vTaskPlaceOnEventList
 .text.vTaskPlaceOnEventListRestricted
                0x000018d0       0x4c ./freertos/tasks.o
                0x000018d0                vTaskPlaceOnEventListRestricted
 .text.xTaskRemoveFromEventList
                0x0000191c       0xb8 ./freertos/tasks.o
                0x0000191c                xTaskRemoveFromEventList
 .text.vTaskSetTimeOutState
                0x000019d4       0x34 ./freertos/tasks.o
                0x000019d4                vTaskSetTimeOutState
 .text.xTaskCheckForTimeOut
                0x00001a08       0x9c ./freertos/tasks.o
                0x00001a08                xTaskCheckForTimeOut
 .text.vTaskMissedYield
                0x00001aa4       0x14 ./freertos/tasks.o
                0x00001aa4                vTaskMissedYield
 .text.prvIdleTask
                0x00001ab8       0x20 ./freertos/tasks.o
 .text.prvInitialiseTaskLists
                0x00001ad8       0x88 ./freertos/tasks.o
 .text.prvCheckTasksWaitingTermination
                0x00001b60       0x74 ./freertos/tasks.o
 .text.prvResetNextTaskUnblockTime
                0x00001bd4       0x48 ./freertos/tasks.o
 .text.xTaskGetSchedulerState
                0x00001c1c       0x38 ./freertos/tasks.o
                0x00001c1c                xTaskGetSchedulerState
 .text.vTaskPriorityInherit
                0x00001c54       0xbc ./freertos/tasks.o
                0x00001c54                vTaskPriorityInherit
 .text.xTaskPriorityDisinherit
                0x00001d10       0xb8 ./freertos/tasks.o
                0x00001d10                xTaskPriorityDisinherit
 .text.pvTaskIncrementMutexHeldCount
                0x00001dc8       0x24 ./freertos/tasks.o
                0x00001dc8                pvTaskIncrementMutexHeldCount
 .text.xTaskGenericNotify
                0x00001dec      0x118 ./freertos/tasks.o
                0x00001dec                xTaskGenericNotify
 .text.xTaskGenericNotifyFromISR
                0x00001f04      0x154 ./freertos/tasks.o
                0x00001f04                xTaskGenericNotifyFromISR
 .text.prvAddCurrentTaskToDelayedList
                0x00002058       0xa8 ./freertos/tasks.o
 .text.xTimerCreateTimerTask
                0x00002100       0x54 ./freertos/timers.o
                0x00002100                xTimerCreateTimerTask
 .text.xTimerGenericCommand
                0x00002154       0x94 ./freertos/timers.o
                0x00002154                xTimerGenericCommand
 .text.prvProcessExpiredTimer
                0x000021e8       0x70 ./freertos/timers.o
 .text.prvProcessTimerOrBlockTask
                0x00002258       0x8c ./freertos/timers.o
 .text.prvGetNextExpireTime
                0x000022e4       0x40 ./freertos/timers.o
 .text.prvSampleTimeNow
                0x00002324       0x40 ./freertos/timers.o
 .text.prvInsertTimerInActiveList
                0x00002364       0x84 ./freertos/timers.o
 .text.prvProcessReceivedCommands
                0x000023e8      0x124 ./freertos/timers.o
 .text.prvSwitchTimerLists
                0x0000250c       0xb4 ./freertos/timers.o
 .text.prvCheckForValidListAndQueue
                0x000025c0       0x74 ./freertos/timers.o
 .text.CLOCK_EnableClock
                0x00002634       0x34 ./drivers/fsl_adc16.o
 .text.ADC16_GetInstance
                0x00002668       0x48 ./drivers/fsl_adc16.o
 .text.ADC16_Init
                0x000026b0      0x114 ./drivers/fsl_adc16.o
                0x000026b0                ADC16_Init
 .text.ADC16_GetDefaultConfig
                0x000027c4       0x58 ./drivers/fsl_adc16.o
                0x000027c4                ADC16_GetDefaultConfig
 .text.ADC16_SetChannelConfig
                0x0000281c       0x6c ./drivers/fsl_adc16.o
                0x0000281c                ADC16_SetChannelConfig
 .text.ADC16_GetChannelStatusFlags
                0x00002888       0x40 ./drivers/fsl_adc16.o
                0x00002888                ADC16_GetChannelStatusFlags
 .text.CLOCK_SetEr32kClock
                0x000028c8       0x34 ./drivers/fsl_clock.o
 .text.CLOCK_SetPllFllSelClock
                0x000028fc       0x38 ./drivers/fsl_clock.o
 .text.CLOCK_GetMcgExtClkFreq
                0x00002934       0x28 ./drivers/fsl_clock.o
 .text.CLOCK_GetFllExtRefClkFreq
                0x0000295c       0xa4 ./drivers/fsl_clock.o
 .text.CLOCK_GetFllRefClkFreq
                0x00002a00       0x2c ./drivers/fsl_clock.o
 .text.CLOCK_GetOscRangeFromFreq
                0x00002a2c       0x4c ./drivers/fsl_clock.o
 .text.CLOCK_GetPllFllSelClkFreq
                0x00002a78       0x4c ./drivers/fsl_clock.o
                0x00002a78                CLOCK_GetPllFllSelClkFreq
 .text.CLOCK_SetSimConfig
                0x00002ac4       0x38 ./drivers/fsl_clock.o
                0x00002ac4                CLOCK_SetSimConfig
 .text.CLOCK_GetFllFreq
                0x00002afc       0x84 ./drivers/fsl_clock.o
                0x00002afc                CLOCK_GetFllFreq
 .text.CLOCK_GetPll0Freq
                0x00002b80       0x70 ./drivers/fsl_clock.o
                0x00002b80                CLOCK_GetPll0Freq
 .text.CLOCK_SetInternalRefClkConfig
                0x00002bf0      0x124 ./drivers/fsl_clock.o
                0x00002bf0                CLOCK_SetInternalRefClkConfig
 .text.CLOCK_EnablePll0
                0x00002d14       0x90 ./drivers/fsl_clock.o
                0x00002d14                CLOCK_EnablePll0
 .text.CLOCK_InitOsc0
                0x00002da4       0x94 ./drivers/fsl_clock.o
                0x00002da4                CLOCK_InitOsc0
 .text.CLOCK_SetPbeMode
                0x00002e38       0xb0 ./drivers/fsl_clock.o
                0x00002e38                CLOCK_SetPbeMode
 .text.CLOCK_BootToPeeMode
                0x00002ee8       0x70 ./drivers/fsl_clock.o
                0x00002ee8                CLOCK_BootToPeeMode
 .text.CLOCK_EnableClock
                0x00002f58       0x34 ./drivers/fsl_dac.o
 .text.DAC_GetInstance
                0x00002f8c       0x48 ./drivers/fsl_dac.o
 .text.DAC_Init
                0x00002fd4       0x80 ./drivers/fsl_dac.o
                0x00002fd4                DAC_Init
 .text.DAC_GetDefaultConfig
                0x00003054       0x30 ./drivers/fsl_dac.o
                0x00003054                DAC_GetDefaultConfig
 .text.DAC_SetBufferValue
                0x00003084       0x64 ./drivers/fsl_dac.o
                0x00003084                DAC_SetBufferValue
 .text.DMA_ClearChannelStatusFlags
                0x000030e8       0x54 ./drivers/fsl_dma.o
 .text.DMA_HandleIRQ
                0x0000313c       0x4c ./drivers/fsl_dma.o
                0x0000313c                DMA_HandleIRQ
 .text.DMA0_DriverIRQHandler
                0x00003188       0x18 ./drivers/fsl_dma.o
                0x00003188                DMA0_DriverIRQHandler
 .text.DMA1_DriverIRQHandler
                0x000031a0       0x18 ./drivers/fsl_dma.o
                0x000031a0                DMA1_DriverIRQHandler
 .text.DMA2_DriverIRQHandler
                0x000031b8       0x18 ./drivers/fsl_dma.o
                0x000031b8                DMA2_DriverIRQHandler
 .text.DMA3_DriverIRQHandler
                0x000031d0       0x18 ./drivers/fsl_dma.o
                0x000031d0                DMA3_DriverIRQHandler
 .text.CLOCK_EnableClock
                0x000031e8       0x34 ./drivers/fsl_lpsci.o
 .text.LPSCI_GetInstance
                0x0000321c       0x48 ./drivers/fsl_lpsci.o
                0x0000321c                LPSCI_GetInstance
 .text.LPSCI_Init
                0x00003264      0x258 ./drivers/fsl_lpsci.o
                0x00003264                LPSCI_Init
 .text.LPSCI_GetDefaultConfig
                0x000034bc       0x44 ./drivers/fsl_lpsci.o
                0x000034bc                LPSCI_GetDefaultConfig
 .text.LPSCI_ClearStatusFlags
                0x00003500       0x94 ./drivers/fsl_lpsci.o
                0x00003500                LPSCI_ClearStatusFlags
 .text.LPSCI_WriteBlocking
                0x00003594       0x4c ./drivers/fsl_lpsci.o
                0x00003594                LPSCI_WriteBlocking
 .text.LPSCI_ReadBlocking
                0x000035e0       0xc0 ./drivers/fsl_lpsci.o
                0x000035e0                LPSCI_ReadBlocking
 .text.UART0_DriverIRQHandler
                0x000036a0       0x24 ./drivers/fsl_lpsci.o
                0x000036a0                UART0_DriverIRQHandler
 .text.CLOCK_EnableClock
                0x000036c4       0x34 ./drivers/fsl_uart.o
 .text.UART_GetInstance
                0x000036f8       0x54 ./drivers/fsl_uart.o
                0x000036f8                UART_GetInstance
 .text.UART_Init
                0x0000374c      0x1e0 ./drivers/fsl_uart.o
                0x0000374c                UART_Init
 .text.UART_GetDefaultConfig
                0x0000392c       0x44 ./drivers/fsl_uart.o
                0x0000392c                UART_GetDefaultConfig
 .text.UART_ReadBlocking
                0x00003970       0x98 ./drivers/fsl_uart.o
                0x00003970                UART_ReadBlocking
 .text.UART1_DriverIRQHandler
                0x00003a08       0x24 ./drivers/fsl_uart.o
                0x00003a08                UART1_DriverIRQHandler
 .text.UART2_DriverIRQHandler
                0x00003a2c       0x24 ./drivers/fsl_uart.o
                0x00003a2c                UART2_DriverIRQHandler
 .text.CLOCK_SetLpsci0Clock
                0x00003a50       0x38 ./board/board.o
 .text.BOARD_InitDebugConsole
                0x00003a88       0x30 ./board/board.o
                0x00003a88                BOARD_InitDebugConsole
 .text.CLOCK_SetSimSafeDivs
                0x00003ab8       0x20 ./board/clock_config.o
 .text.CLOCK_SetXtal0Freq
                0x00003ad8       0x1c ./board/clock_config.o
 .text.CLOCK_CONFIG_SetFllExtRefDiv
                0x00003af4       0x3c ./board/clock_config.o
 .text.BOARD_BootClockRUN
                0x00003b30       0x64 ./board/clock_config.o
                0x00003b30                BOARD_BootClockRUN
 .text.CLOCK_EnableClock
                0x00003b94       0x34 ./board/pin_mux.o
 .text.PORT_SetPinMux
                0x00003bc8       0x40 ./board/pin_mux.o
 .text.BOARD_InitPins
                0x00003c08       0x4c ./board/pin_mux.o
                0x00003c08                BOARD_InitPins
 .text.SystemInit
                0x00003c54       0x18 ./CMSIS/system_MKL25Z4.o
                0x00003c54                SystemInit
 .text.SystemCoreClockUpdate
                0x00003c6c      0x238 ./CMSIS/system_MKL25Z4.o
                0x00003c6c                SystemCoreClockUpdate
 .text.__assertion_failed
                0x00003ea4       0x4c c:/nxp/mcuxpressoide_11.1.0_3209/ide/plugins/com.nxp.mcuxpresso.tools.win32_11.1.0.201909161352/tools/bin/../lib/gcc/arm-none-eabi/8.3.1/../../../../arm-none-eabi/lib/thumb/v6-m/nofp\libcr_semihost_nf.a(_cr_assert.o)
                0x00003ea4                __assertion_failed
 .text.__sys_appexit
                0x00003ef0        0xc c:/nxp/mcuxpressoide_11.1.0_3209/ide/plugins/com.nxp.mcuxpresso.tools.win32_11.1.0.201909161352/tools/bin/../lib/gcc/arm-none-eabi/8.3.1/../../../../arm-none-eabi/lib/thumb/v6-m/nofp\libcr_semihost_nf.a(__sys_appexit.o)
                0x00003ef0                __sys_appexit
                0x00003ef0                __exit
 .text._deferredlazyseek
                0x00003efc       0x40 c:/nxp/mcuxpressoide_11.1.0_3209/ide/plugins/com.nxp.mcuxpresso.tools.win32_11.1.0.201909161352/tools/bin/../lib/gcc/arm-none-eabi/8.3.1/../../../../arm-none-eabi/lib/thumb/v6-m/nofp\libcr_c.a(_deferredlazyseek.o)
                0x00003efc                _deferredlazyseek
 .text.__flsbuf
                0x00003f3c      0x14c c:/nxp/mcuxpressoide_11.1.0_3209/ide/plugins/com.nxp.mcuxpresso.tools.win32_11.1.0.201909161352/tools/bin/../lib/gcc/arm-none-eabi/8.3.1/../../../../arm-none-eabi/lib/thumb/v6-m/nofp\libcr_c.a(_deferredlazyseek.o)
                0x00003f3c                __flsbuf
 .text._fflush  0x00004088       0x5c c:/nxp/mcuxpressoide_11.1.0_3209/ide/plugins/com.nxp.mcuxpresso.tools.win32_11.1.0.201909161352/tools/bin/../lib/gcc/arm-none-eabi/8.3.1/../../../../arm-none-eabi/lib/thumb/v6-m/nofp\libcr_c.a(_fflush.o)
                0x00004088                _fflush
 .text._Cwritebuf
                0x000040e4       0x68 c:/nxp/mcuxpressoide_11.1.0_3209/ide/plugins/com.nxp.mcuxpresso.tools.win32_11.1.0.201909161352/tools/bin/../lib/gcc/arm-none-eabi/8.3.1/../../../../arm-none-eabi/lib/thumb/v6-m/nofp\libcr_c.a(_writebuf.o)
                0x000040e4                _Cwritebuf
 .text.malloc   0x0000414c       0xcc c:/nxp/mcuxpressoide_11.1.0_3209/ide/plugins/com.nxp.mcuxpresso.tools.win32_11.1.0.201909161352/tools/bin/../lib/gcc/arm-none-eabi/8.3.1/../../../../arm-none-eabi/lib/thumb/v6-m/nofp\libcr_c.a(alloc.o)
                0x0000414c                malloc
 .text._Csys_alloc
                0x00004218       0x20 c:/nxp/mcuxpressoide_11.1.0_3209/ide/plugins/com.nxp.mcuxpresso.tools.win32_11.1.0.201909161352/tools/bin/../lib/gcc/arm-none-eabi/8.3.1/../../../../arm-none-eabi/lib/thumb/v6-m/nofp\libcr_c.a(alloc.o)
                0x00004218                _Csys_alloc
 .text.fseek    0x00004238       0xf0 c:/nxp/mcuxpressoide_11.1.0_3209/ide/plugins/com.nxp.mcuxpresso.tools.win32_11.1.0.201909161352/tools/bin/../lib/gcc/arm-none-eabi/8.3.1/../../../../arm-none-eabi/lib/thumb/v6-m/nofp\libcr_c.a(fseek.o)
                0x00004238                fseek
 .text.ftell    0x00004328       0x48 c:/nxp/mcuxpressoide_11.1.0_3209/ide/plugins/com.nxp.mcuxpresso.tools.win32_11.1.0.201909161352/tools/bin/../lib/gcc/arm-none-eabi/8.3.1/../../../../arm-none-eabi/lib/thumb/v6-m/nofp\libcr_c.a(ftell.o)
                0x00004328                ftell
 .text._initio  0x00004370       0x7c c:/nxp/mcuxpressoide_11.1.0_3209/ide/plugins/com.nxp.mcuxpresso.tools.win32_11.1.0.201909161352/tools/bin/../lib/gcc/arm-none-eabi/8.3.1/../../../../arm-none-eabi/lib/thumb/v6-m/nofp\libcr_c.a(initio.o)
                0x00004370                _initio
 .text.__vfprintf
                0x000043ec      0xcd8 c:/nxp/mcuxpressoide_11.1.0_3209/ide/plugins/com.nxp.mcuxpresso.tools.win32_11.1.0.201909161352/tools/bin/../lib/gcc/arm-none-eabi/8.3.1/../../../../arm-none-eabi/lib/thumb/v6-m/nofp\libcr_c.a(printf.o)
                0x000043ec                __vfprintf
 .text._vsnprintf
                0x000050c4       0x70 c:/nxp/mcuxpressoide_11.1.0_3209/ide/plugins/com.nxp.mcuxpresso.tools.win32_11.1.0.201909161352/tools/bin/../lib/gcc/arm-none-eabi/8.3.1/../../../../arm-none-eabi/lib/thumb/v6-m/nofp\libcr_c.a(printf.o)
                0x000050c4                _vsnprintf
 .text._printf  0x00005134       0x50 c:/nxp/mcuxpressoide_11.1.0_3209/ide/plugins/com.nxp.mcuxpresso.tools.win32_11.1.0.201909161352/tools/bin/../lib/gcc/arm-none-eabi/8.3.1/../../../../arm-none-eabi/lib/thumb/v6-m/nofp\libcr_c.a(printf.o)
                0x00005134                _printf
 .text.setvbuf  0x00005184       0x4c c:/nxp/mcuxpressoide_11.1.0_3209/ide/plugins/com.nxp.mcuxpresso.tools.win32_11.1.0.201909161352/tools/bin/../lib/gcc/arm-none-eabi/8.3.1/../../../../arm-none-eabi/lib/thumb/v6-m/nofp\libcr_c.a(setvbuf.o)
                0x00005184                setvbuf
 .text.strlen   0x000051d0       0x58 c:/nxp/mcuxpressoide_11.1.0_3209/ide/plugins/com.nxp.mcuxpresso.tools.win32_11.1.0.201909161352/tools/bin/../lib/gcc/arm-none-eabi/8.3.1/../../../../arm-none-eabi/lib/thumb/v6-m/nofp\libcr_c.a(strlen.o)
                0x000051d0                strlen
 .text._sbrk    0x00005228       0x40 c:/nxp/mcuxpressoide_11.1.0_3209/ide/plugins/com.nxp.mcuxpresso.tools.win32_11.1.0.201909161352/tools/bin/../lib/gcc/arm-none-eabi/8.3.1/../../../../arm-none-eabi/lib/thumb/v6-m/nofp\libcr_c.a(_cr_sbrk.o)
                0x00005228                _sbrk
 .text._fdopen  0x00005268       0x74 c:/nxp/mcuxpressoide_11.1.0_3209/ide/plugins/com.nxp.mcuxpresso.tools.win32_11.1.0.201909161352/tools/bin/../lib/gcc/arm-none-eabi/8.3.1/../../../../arm-none-eabi/lib/thumb/v6-m/nofp\libcr_c.a(_fdopen.o)
                0x00005268                _fdopen
 .text._sincos  0x000052dc      0x1dc c:/nxp/mcuxpressoide_11.1.0_3209/ide/plugins/com.nxp.mcuxpresso.tools.win32_11.1.0.201909161352/tools/bin/../lib/gcc/arm-none-eabi/8.3.1/../../../../arm-none-eabi/lib/thumb/v6-m/nofp\libcr_c.a(_sincos.o)
                0x000052dc                _sincos
 .text.fclose   0x000054b8       0x5c c:/nxp/mcuxpressoide_11.1.0_3209/ide/plugins/com.nxp.mcuxpresso.tools.win32_11.1.0.201909161352/tools/bin/../lib/gcc/arm-none-eabi/8.3.1/../../../../arm-none-eabi/lib/thumb/v6-m/nofp\libcr_c.a(fclose.o)
                0x000054b8                fclose
 .text.fflush   0x00005514       0x44 c:/nxp/mcuxpressoide_11.1.0_3209/ide/plugins/com.nxp.mcuxpresso.tools.win32_11.1.0.201909161352/tools/bin/../lib/gcc/arm-none-eabi/8.3.1/../../../../arm-none-eabi/lib/thumb/v6-m/nofp\libcr_c.a(fflush.o)
                0x00005514                fflush
 .text.__check_heap_overflow
                0x00005558       0x14 c:/nxp/mcuxpressoide_11.1.0_3209/ide/plugins/com.nxp.mcuxpresso.tools.win32_11.1.0.201909161352/tools/bin/../lib/gcc/arm-none-eabi/8.3.1/../../../../arm-none-eabi/lib/thumb/v6-m/nofp\libcr_c.a(_cr_check_heap.o)
                0x00005558                __check_heap_overflow
 .text._do_fflush
                0x0000556c       0x44 c:/nxp/mcuxpressoide_11.1.0_3209/ide/plugins/com.nxp.mcuxpresso.tools.win32_11.1.0.201909161352/tools/bin/../lib/gcc/arm-none-eabi/8.3.1/../../../../arm-none-eabi/lib/thumb/v6-m/nofp\libcr_c.a(_do_fflush.o)
                0x0000556c                _do_fflush
 .text.__aeabi_dmul
                0x000055b0      0x188 c:/nxp/mcuxpressoide_11.1.0_3209/ide/plugins/com.nxp.mcuxpresso.tools.win32_11.1.0.201909161352/tools/bin/../lib/gcc/arm-none-eabi/8.3.1/thumb/v6-m/nofp\libcr_eabihelpers.a(double.o)
                0x000055b0                __aeabi_dmul
 .text.__aeabi_ddiv
                0x00005738      0x148 c:/nxp/mcuxpressoide_11.1.0_3209/ide/plugins/com.nxp.mcuxpresso.tools.win32_11.1.0.201909161352/tools/bin/../lib/gcc/arm-none-eabi/8.3.1/thumb/v6-m/nofp\libcr_eabihelpers.a(double.o)
                0x00005738                __aeabi_ddiv
 .text.__aeabi_dsub
                0x00005880      0x1c4 c:/nxp/mcuxpressoide_11.1.0_3209/ide/plugins/com.nxp.mcuxpresso.tools.win32_11.1.0.201909161352/tools/bin/../lib/gcc/arm-none-eabi/8.3.1/thumb/v6-m/nofp\libcr_eabihelpers.a(double.o)
                0x00005880                __aeabi_dsub
 .text.__aeabi_dadd
                0x00005a44      0x12c c:/nxp/mcuxpressoide_11.1.0_3209/ide/plugins/com.nxp.mcuxpresso.tools.win32_11.1.0.201909161352/tools/bin/../lib/gcc/arm-none-eabi/8.3.1/thumb/v6-m/nofp\libcr_eabihelpers.a(double.o)
                0x00005a44                __aeabi_dadd
 .text.__aeabi_d2iz
                0x00005b70       0x4c c:/nxp/mcuxpressoide_11.1.0_3209/ide/plugins/com.nxp.mcuxpresso.tools.win32_11.1.0.201909161352/tools/bin/../lib/gcc/arm-none-eabi/8.3.1/thumb/v6-m/nofp\libcr_eabihelpers.a(double.o)
                0x00005b70                __aeabi_d2iz
 .text.__aeabi_d2uiz
                0x00005bbc       0x34 c:/nxp/mcuxpressoide_11.1.0_3209/ide/plugins/com.nxp.mcuxpresso.tools.win32_11.1.0.201909161352/tools/bin/../lib/gcc/arm-none-eabi/8.3.1/thumb/v6-m/nofp\libcr_eabihelpers.a(double.o)
                0x00005bbc                __aeabi_d2uiz
 .text.__aeabi_dcmplt
                0x00005bf0       0x60 c:/nxp/mcuxpressoide_11.1.0_3209/ide/plugins/com.nxp.mcuxpresso.tools.win32_11.1.0.201909161352/tools/bin/../lib/gcc/arm-none-eabi/8.3.1/thumb/v6-m/nofp\libcr_eabihelpers.a(double.o)
                0x00005bf0                __aeabi_dcmplt
 .text.__aeabi_dcmpge
                0x00005c50       0x60 c:/nxp/mcuxpressoide_11.1.0_3209/ide/plugins/com.nxp.mcuxpresso.tools.win32_11.1.0.201909161352/tools/bin/../lib/gcc/arm-none-eabi/8.3.1/thumb/v6-m/nofp\libcr_eabihelpers.a(double.o)
                0x00005c50                __aeabi_dcmpge
 .text.UART_EnableTx
                0x00005cb0       0x40 ./utilities/fsl_debug_console.o
 .text.UART_EnableRx
                0x00005cf0       0x40 ./utilities/fsl_debug_console.o
 .text.LPSCI_EnableTx
                0x00005d30       0x40 ./utilities/fsl_debug_console.o
 .text.LPSCI_EnableRx
                0x00005d70       0x40 ./utilities/fsl_debug_console.o
 .text.EnableIRQ
                0x00005db0       0x2c ./source/Program2.o
 .text.DAC_Enable
                0x00005ddc       0x4a ./source/Program2.o
 .text.ADC16_EnableHardwareTrigger
                0x00005e26       0x3a ./source/Program2.o
 .text.vListInitialise
                0x00005e60       0x3c ./freertos/list.o
                0x00005e60                vListInitialise
 .text.vListInitialiseItem
                0x00005e9c       0x16 ./freertos/list.o
                0x00005e9c                vListInitialiseItem
 .text.vListInsertEnd
                0x00005eb2       0x44 ./freertos/list.o
                0x00005eb2                vListInsertEnd
 .text.vListInsert
                0x00005ef6       0x6c ./freertos/list.o
                0x00005ef6                vListInsert
 .text.uxListRemove
                0x00005f62       0x50 ./freertos/list.o
                0x00005f62                uxListRemove
 .text.SVC_Handler
                0x00005fb2        0xa ./freertos/port.o
                0x00005fb2                SVC_Handler
 .text.ulSetInterruptMaskFromISR
                0x00005fbc        0xc ./freertos/port.o
                0x00005fbc                ulSetInterruptMaskFromISR
 .text.vClearInterruptMaskFromISR
                0x00005fc8        0x8 ./freertos/port.o
                0x00005fc8                vClearInterruptMaskFromISR
 .text.xQueueGenericReset
                0x00005fd0       0xa8 ./freertos/queue.o
                0x00005fd0                xQueueGenericReset
 .text.xQueueGenericCreate
                0x00006078       0x64 ./freertos/queue.o
                0x00006078                xQueueGenericCreate
 .text.prvInitialiseNewQueue
                0x000060dc       0x4e ./freertos/queue.o
 .text.xQueueGenericSend
                0x0000612a      0x188 ./freertos/queue.o
                0x0000612a                xQueueGenericSend
 .text.xQueueGenericSendFromISR
                0x000062b2       0xe2 ./freertos/queue.o
                0x000062b2                xQueueGenericSendFromISR
 .text.xQueueGenericReceive
                0x00006394      0x1c8 ./freertos/queue.o
                0x00006394                xQueueGenericReceive
 .text.prvCopyDataToQueue
                0x0000655c       0xd6 ./freertos/queue.o
 .text.prvCopyDataFromQueue
                0x00006632       0x4c ./freertos/queue.o
 .text.prvUnlockQueue
                0x0000667e       0xbc ./freertos/queue.o
 .text.prvIsQueueEmpty
                0x0000673a       0x2c ./freertos/queue.o
 .text.prvIsQueueFull
                0x00006766       0x30 ./freertos/queue.o
 .text.vQueueWaitForMessageRestricted
                0x00006796       0x66 ./freertos/queue.o
                0x00006796                vQueueWaitForMessageRestricted
 .text.xTaskCreate
                0x000067fc       0x90 ./freertos/tasks.o
                0x000067fc                xTaskCreate
 .text.prvDeleteTCB
                0x0000688c       0x22 ./freertos/tasks.o
 .text.xTimerCreate
                0x000068ae       0x3e ./freertos/timers.o
                0x000068ae                xTimerCreate
 .text.prvInitialiseNewTimer
                0x000068ec       0x52 ./freertos/timers.o
 .text.prvTimerTask
                0x0000693e       0x28 ./freertos/timers.o
 .text.ADC16_DoAutoCalibration
                0x00006966      0x118 ./drivers/fsl_adc16.o
                0x00006966                ADC16_DoAutoCalibration
 .text.ADC16_GetStatusFlags
                0x00006a7e       0x3a ./drivers/fsl_adc16.o
                0x00006a7e                ADC16_GetStatusFlags
 .text.OSC_SetExtRefClkConfig
                0x00006ab8       0x3e ./drivers/fsl_clock.o
 .text.OSC_SetCapLoad
                0x00006af6       0x42 ./drivers/fsl_clock.o
 .text.CLOCK_GetPll0RefFreq
                0x00006b38       0x10 ./drivers/fsl_clock.o
 .text.CLOCK_SetExternalRefClkConfig
                0x00006b48       0x16 ./drivers/fsl_clock.o
                0x00006b48                CLOCK_SetExternalRefClkConfig
 .text.LPSCI_GetStatusFlags
                0x00006b5e       0x26 ./drivers/fsl_lpsci.o
                0x00006b5e                LPSCI_GetStatusFlags
 .text.UART_GetStatusFlags
                0x00006b84       0x26 ./drivers/fsl_uart.o
                0x00006b84                UART_GetStatusFlags
 .text.UART_WriteBlocking
                0x00006baa       0x3a ./drivers/fsl_uart.o
                0x00006baa                UART_WriteBlocking
 .text.BOARD_InitBootClocks
                0x00006be4        0xe ./board/clock_config.o
                0x00006be4                BOARD_InitBootClocks
 .text.BOARD_InitBootPeripherals
                0x00006bf2        0xa ./board/peripherals.o
                0x00006bf2                BOARD_InitBootPeripherals
 .text.BOARD_InitBootPins
                0x00006bfc        0xe ./board/pin_mux.o
                0x00006bfc                BOARD_InitBootPins
 .text.__main   0x00006c0a        0xc c:/nxp/mcuxpressoide_11.1.0_3209/ide/plugins/com.nxp.mcuxpresso.tools.win32_11.1.0.201909161352/tools/bin/../lib/gcc/arm-none-eabi/8.3.1/../../../../arm-none-eabi/lib/thumb/v6-m/nofp\libcr_semihost_nf.a(_cr__main.o)
                0x00006c0a                __CR_SEMIHOST
                0x00006c0a                __main
 .text.memcpy   0x00006c16        0x8 c:/nxp/mcuxpressoide_11.1.0_3209/ide/plugins/com.nxp.mcuxpresso.tools.win32_11.1.0.201909161352/tools/bin/../lib/gcc/arm-none-eabi/8.3.1/../../../../arm-none-eabi/lib/thumb/v6-m/nofp\libcr_c.a(memcpy.o)
                0x00006c16                memcpy
 .text.memset   0x00006c1e        0x8 c:/nxp/mcuxpressoide_11.1.0_3209/ide/plugins/com.nxp.mcuxpresso.tools.win32_11.1.0.201909161352/tools/bin/../lib/gcc/arm-none-eabi/8.3.1/../../../../arm-none-eabi/lib/thumb/v6-m/nofp\libcr_c.a(memset.o)
                0x00006c1e                memset
 .text.free     0x00006c26       0x2c c:/nxp/mcuxpressoide_11.1.0_3209/ide/plugins/com.nxp.mcuxpresso.tools.win32_11.1.0.201909161352/tools/bin/../lib/gcc/arm-none-eabi/8.3.1/../../../../arm-none-eabi/lib/thumb/v6-m/nofp\libcr_c.a(alloc.o)
                0x00006c26                free
 .text.fputs    0x00006c52       0x2e c:/nxp/mcuxpressoide_11.1.0_3209/ide/plugins/com.nxp.mcuxpresso.tools.win32_11.1.0.201909161352/tools/bin/../lib/gcc/arm-none-eabi/8.3.1/../../../../arm-none-eabi/lib/thumb/v6-m/nofp\libcr_c.a(fputs.o)
                0x00006c52                fputs
 .text.no_fp_display
                0x00006c80        0x4 c:/nxp/mcuxpressoide_11.1.0_3209/ide/plugins/com.nxp.mcuxpresso.tools.win32_11.1.0.201909161352/tools/bin/../lib/gcc/arm-none-eabi/8.3.1/../../../../arm-none-eabi/lib/thumb/v6-m/nofp\libcr_c.a(printf.o)
 .text.sin      0x00006c84       0x36 c:/nxp/mcuxpressoide_11.1.0_3209/ide/plugins/com.nxp.mcuxpresso.tools.win32_11.1.0.201909161352/tools/bin/../lib/gcc/arm-none-eabi/8.3.1/../../../../arm-none-eabi/lib/thumb/v6-m/nofp\libcr_c.a(sin.o)
                0x00006c84                sin
 .text.fabs     0x00006cba       0x22 c:/nxp/mcuxpressoide_11.1.0_3209/ide/plugins/com.nxp.mcuxpresso.tools.win32_11.1.0.201909161352/tools/bin/../lib/gcc/arm-none-eabi/8.3.1/../../../../arm-none-eabi/lib/thumb/v6-m/nofp\libcr_c.a(fabs.o)
                0x00006cba                fabs
 .text.remove   0x00006cdc       0x12 c:/nxp/mcuxpressoide_11.1.0_3209/ide/plugins/com.nxp.mcuxpresso.tools.win32_11.1.0.201909161352/tools/bin/../lib/gcc/arm-none-eabi/8.3.1/../../../../arm-none-eabi/lib/thumb/v6-m/nofp\libcr_c.a(remove.o)
                0x00006cdc                remove
 .text.__aeabi_division_idivmod
                0x00006cee       0x78 c:/nxp/mcuxpressoide_11.1.0_3209/ide/plugins/com.nxp.mcuxpresso.tools.win32_11.1.0.201909161352/tools/bin/../lib/gcc/arm-none-eabi/8.3.1/thumb/v6-m/nofp\libcr_eabihelpers.a(division_32.o)
                0x00006cee                __aeabi_idivmod
                0x00006cee                __aeabi_idiv
                0x00006cf4                __aeabi_uidivmod
                0x00006cf4                __aeabi_uidiv
 .text.__aeabi_division_idiv0
                0x00006d66        0x2 c:/nxp/mcuxpressoide_11.1.0_3209/ide/plugins/com.nxp.mcuxpresso.tools.win32_11.1.0.201909161352/tools/bin/../lib/gcc/arm-none-eabi/8.3.1/thumb/v6-m/nofp\libcr_eabihelpers.a(division_idiv0.o)
                0x00006d66                __aeabi_idiv0
 .text.__bhs_ui2d
                0x00006d68       0x5e c:/nxp/mcuxpressoide_11.1.0_3209/ide/plugins/com.nxp.mcuxpresso.tools.win32_11.1.0.201909161352/tools/bin/../lib/gcc/arm-none-eabi/8.3.1/thumb/v6-m/nofp\libcr_eabihelpers.a(double.o)
                0x00006d68                __bhs_ui2d
 .text.__aeabi_i2d
                0x00006dc6       0x18 c:/nxp/mcuxpressoide_11.1.0_3209/ide/plugins/com.nxp.mcuxpresso.tools.win32_11.1.0.201909161352/tools/bin/../lib/gcc/arm-none-eabi/8.3.1/thumb/v6-m/nofp\libcr_eabihelpers.a(double.o)
                0x00006dc6                __aeabi_i2d
 .text.__aeabi_llong_lmul
                0x00006dde       0x2e c:/nxp/mcuxpressoide_11.1.0_3209/ide/plugins/com.nxp.mcuxpresso.tools.win32_11.1.0.201909161352/tools/bin/../lib/gcc/arm-none-eabi/8.3.1/thumb/v6-m/nofp\libcr_eabihelpers.a(llong.o)
                0x00006dde                __aeabi_lmul
 .text.__aeabi_memcpy
                0x00006e0c       0x2c c:/nxp/mcuxpressoide_11.1.0_3209/ide/plugins/com.nxp.mcuxpresso.tools.win32_11.1.0.201909161352/tools/bin/../lib/gcc/arm-none-eabi/8.3.1/thumb/v6-m/nofp\libcr_eabihelpers.a(memcpy.o)
                0x00006e0c                __aeabi_memcpy4
                0x00006e0c                __aeabi_memcpy8
                0x00006e0c                __aeabi_memcpy
 .text.__aeabi_memset_lowlevel
                0x00006e38       0x2a c:/nxp/mcuxpressoide_11.1.0_3209/ide/plugins/com.nxp.mcuxpresso.tools.win32_11.1.0.201909161352/tools/bin/../lib/gcc/arm-none-eabi/8.3.1/thumb/v6-m/nofp\libcr_eabihelpers.a(memcpy.o)
                0x00006e38                __aeabi_lowlevel_memset
 .text.__sys_close
                0x00006e62        0xc c:/nxp/mcuxpressoide_11.1.0_3209/ide/plugins/com.nxp.mcuxpresso.tools.win32_11.1.0.201909161352/tools/bin/../lib/gcc/arm-none-eabi/8.3.1/../../../../arm-none-eabi/lib/thumb/v6-m/nofp\libcr_semihost_nf.a(__sys_close.o)
                0x00006e62                __sys_close
 .text.__sys_flen
                0x00006e6e        0xc c:/nxp/mcuxpressoide_11.1.0_3209/ide/plugins/com.nxp.mcuxpresso.tools.win32_11.1.0.201909161352/tools/bin/../lib/gcc/arm-none-eabi/8.3.1/../../../../arm-none-eabi/lib/thumb/v6-m/nofp\libcr_semihost_nf.a(__sys_flen.o)
                0x00006e6e                __sys_flen
 .text.__sys_istty
                0x00006e7a        0xc c:/nxp/mcuxpressoide_11.1.0_3209/ide/plugins/com.nxp.mcuxpresso.tools.win32_11.1.0.201909161352/tools/bin/../lib/gcc/arm-none-eabi/8.3.1/../../../../arm-none-eabi/lib/thumb/v6-m/nofp\libcr_semihost_nf.a(__sys_istty.o)
                0x00006e7a                __sys_istty
 .text.__sys_remove
                0x00006e86        0xc c:/nxp/mcuxpressoide_11.1.0_3209/ide/plugins/com.nxp.mcuxpresso.tools.win32_11.1.0.201909161352/tools/bin/../lib/gcc/arm-none-eabi/8.3.1/../../../../arm-none-eabi/lib/thumb/v6-m/nofp\libcr_semihost_nf.a(__sys_remove.o)
                0x00006e86                __sys_remove
 .text.__sys_seek
                0x00006e92        0xc c:/nxp/mcuxpressoide_11.1.0_3209/ide/plugins/com.nxp.mcuxpresso.tools.win32_11.1.0.201909161352/tools/bin/../lib/gcc/arm-none-eabi/8.3.1/../../../../arm-none-eabi/lib/thumb/v6-m/nofp\libcr_semihost_nf.a(__sys_seek.o)
                0x00006e92                __sys_seek
 .text.__sys_tmpnam
                0x00006e9e        0xc c:/nxp/mcuxpressoide_11.1.0_3209/ide/plugins/com.nxp.mcuxpresso.tools.win32_11.1.0.201909161352/tools/bin/../lib/gcc/arm-none-eabi/8.3.1/../../../../arm-none-eabi/lib/thumb/v6-m/nofp\libcr_semihost_nf.a(__sys_tmpnam.o)
                0x00006e9e                __sys_tmpnam
 *freertos*/tasks.o(SORT_BY_ALIGNMENT(.rodata*))
 *fill*         0x00006eaa        0x2 ff
 .rodata.vTaskStartScheduler.str1.4
                0x00006eac        0x5 ./freertos/tasks.o
 *fill*         0x00006eb1        0x3 ff
 .rodata.xTaskGenericNotify
                0x00006eb4       0x14 ./freertos/tasks.o
 .rodata.xTaskGenericNotifyFromISR
                0x00006ec8       0x14 ./freertos/tasks.o
 *(SORT_BY_ALIGNMENT(.rodata) SORT_BY_ALIGNMENT(.rodata.*) SORT_BY_ALIGNMENT(.constdata) SORT_BY_ALIGNMENT(.constdata.*))
 .rodata.ADC16_GetChannelConversionValue.str1.4
                0x00006edc       0x83 ./source/Program2.o
 *fill*         0x00006f5f        0x1 ff
 .rodata.InitADC.str1.4
                0x00006f60       0x48 ./source/Program2.o
 .rodata.main.str1.4
                0x00006fa8       0x34 ./source/Program2.o
 .rodata.ADCread_task.str1.4
                0x00006fdc        0x5 ./source/Program2.o
 *fill*         0x00006fe1        0x3 ff
 .rodata.xTimerCreateTimerTask.str1.4
                0x00006fe4        0x8 ./freertos/timers.o
 .rodata.prvProcessReceivedCommands
                0x00006fec       0x28 ./freertos/timers.o
 .rodata.prvCheckForValidListAndQueue.str1.4
                0x00007014        0x5 ./freertos/timers.o
 *fill*         0x00007019        0x3 ff
 .rodata.ADC16_GetInstance.str1.4
                0x0000701c       0x36 ./drivers/fsl_adc16.o
 *fill*         0x00007052        0x2 ff
 .rodata.ADC16_Init.str1.4
                0x00007054       0x21 ./drivers/fsl_adc16.o
 *fill*         0x00007075        0x3 ff
 .rodata.ADC16_GetDefaultConfig.str1.4
                0x00007078       0x22 ./drivers/fsl_adc16.o
 *fill*         0x0000709a        0x2 ff
 .rodata.ADC16_SetChannelConfig.str1.4
                0x0000709c       0x52 ./drivers/fsl_adc16.o
 *fill*         0x000070ee        0x2 ff
 .rodata.ADC16_GetChannelStatusFlags.str1.4
                0x000070f0       0x30 ./drivers/fsl_adc16.o
 .rodata.CLOCK_GetMcgExtClkFreq.str1.4
                0x00007120       0x1f ./drivers/fsl_clock.o
 *fill*         0x0000713f        0x1 ff
 .rodata.CLOCK_GetPll0Freq.str1.4
                0x00007140       0x1e ./drivers/fsl_clock.o
 *fill*         0x0000715e        0x2 ff
 .rodata.CLOCK_EnablePll0.str1.4
                0x00007160       0x1a ./drivers/fsl_clock.o
 *fill*         0x0000717a        0x2 ff
 .rodata.CLOCK_SetPbeMode.str1.4
                0x0000717c       0x1b ./drivers/fsl_clock.o
 *fill*         0x00007197        0x1 ff
 .rodata.CLOCK_BootToPeeMode.str1.4
                0x00007198       0x1b ./drivers/fsl_clock.o
 *fill*         0x000071b3        0x1 ff
 .rodata.fllFactorTable.5230
                0x000071b4       0x10 ./drivers/fsl_clock.o
 .rodata.DAC_GetInstance.str1.4
                0x000071c4       0x32 ./drivers/fsl_dac.o
 *fill*         0x000071f6        0x2 ff
 .rodata.DAC_Init.str1.4
                0x000071f8       0x1f ./drivers/fsl_dac.o
 *fill*         0x00007217        0x1 ff
 .rodata.DAC_GetDefaultConfig.str1.4
                0x00007218       0x20 ./drivers/fsl_dac.o
 .rodata.DAC_SetBufferValue.str1.4
                0x00007238       0x28 ./drivers/fsl_dac.o
 .rodata.DMA_ClearChannelStatusFlags.str1.4
                0x00007260       0x3d ./drivers/fsl_dma.o
 *fill*         0x0000729d        0x3 ff
 .rodata.DMA_HandleIRQ.str1.4
                0x000072a0       0x20 ./drivers/fsl_dma.o
 .rodata.LPSCI_GetInstance.str1.4
                0x000072c0       0x37 ./drivers/fsl_lpsci.o
 *fill*         0x000072f7        0x1 ff
 .rodata.LPSCI_Init.str1.4
                0x000072f8       0x44 ./drivers/fsl_lpsci.o
 .rodata.LPSCI_GetDefaultConfig.str1.4
                0x0000733c       0x1a ./drivers/fsl_lpsci.o
 *fill*         0x00007356        0x2 ff
 .rodata.LPSCI_WriteBlocking.str1.4
                0x00007358       0x18 ./drivers/fsl_lpsci.o
 .rodata.LPSCI_ReadBlocking.str1.4
                0x00007370       0x18 ./drivers/fsl_lpsci.o
 .rodata.s_uartBases
                0x00007388        0xc ./drivers/fsl_uart.o
 .rodata.s_uartClock
                0x00007394        0xc ./drivers/fsl_uart.o
 .rodata.UART_GetInstance.str1.4
                0x000073a0       0x2c ./drivers/fsl_uart.o
 .rodata.UART_Init.str1.4
                0x000073cc       0x43 ./drivers/fsl_uart.o
 *fill*         0x0000740f        0x1 ff
 .rodata.UART_GetDefaultConfig.str1.4
                0x00007410       0x19 ./drivers/fsl_uart.o
 *fill*         0x00007429        0x3 ff
 .rodata.UART_ReadBlocking.str1.4
                0x0000742c       0x18 ./drivers/fsl_uart.o
                                 0x17 (size before relaxing)
 .rodata.mcgConfig_BOARD_BootClockRUN
                0x00007444        0xa ./board/clock_config.o
                0x00007444                mcgConfig_BOARD_BootClockRUN
 *fill*         0x0000744e        0x2 ff
 .rodata.simConfig_BOARD_BootClockRUN
                0x00007450        0x8 ./board/clock_config.o
                0x00007450                simConfig_BOARD_BootClockRUN
 .rodata.oscConfig_BOARD_BootClockRUN
                0x00007458        0x8 ./board/clock_config.o
                0x00007458                oscConfig_BOARD_BootClockRUN
 .rodata.__num_Ciob_streams
                0x00007460        0x4 c:/nxp/mcuxpressoide_11.1.0_3209/ide/plugins/com.nxp.mcuxpresso.tools.win32_11.1.0.201909161352/tools/bin/../lib/gcc/arm-none-eabi/8.3.1/../../../../arm-none-eabi/lib/thumb/v6-m/nofp\libcr_semihost_nf.a(__ciob.o)
                0x00007460                __num_Ciob_streams
 .rodata.__assertion_failed.str1.1
                0x00007464       0x15 c:/nxp/mcuxpressoide_11.1.0_3209/ide/plugins/com.nxp.mcuxpresso.tools.win32_11.1.0.201909161352/tools/bin/../lib/gcc/arm-none-eabi/8.3.1/../../../../arm-none-eabi/lib/thumb/v6-m/nofp\libcr_semihost_nf.a(_cr_assert.o)
 .rodata._Csys_alloc.str1.1
                0x00007479       0x18 c:/nxp/mcuxpressoide_11.1.0_3209/ide/plugins/com.nxp.mcuxpresso.tools.win32_11.1.0.201909161352/tools/bin/../lib/gcc/arm-none-eabi/8.3.1/../../../../arm-none-eabi/lib/thumb/v6-m/nofp\libcr_c.a(alloc.o)
 .rodata._initio.str1.1
                0x00007491        0x4 c:/nxp/mcuxpressoide_11.1.0_3209/ide/plugins/com.nxp.mcuxpresso.tools.win32_11.1.0.201909161352/tools/bin/../lib/gcc/arm-none-eabi/8.3.1/../../../../arm-none-eabi/lib/thumb/v6-m/nofp\libcr_c.a(initio.o)
 .rodata.__vfprintf.str1.1
                0x00007495       0x35 c:/nxp/mcuxpressoide_11.1.0_3209/ide/plugins/com.nxp.mcuxpresso.tools.win32_11.1.0.201909161352/tools/bin/../lib/gcc/arm-none-eabi/8.3.1/../../../../arm-none-eabi/lib/thumb/v6-m/nofp\libcr_c.a(printf.o)
                                 0x38 (size before relaxing)
                0x000074cc                . = ALIGN (0x4)
 *fill*         0x000074ca        0x2 ff

.glue_7         0x000074cc        0x0
 .glue_7        0x000074cc        0x0 linker stubs

.glue_7t        0x000074cc        0x0
 .glue_7t       0x000074cc        0x0 linker stubs

.vfp11_veneer   0x000074cc        0x0
 .vfp11_veneer  0x000074cc        0x0 linker stubs

.v4_bx          0x000074cc        0x0
 .v4_bx         0x000074cc        0x0 linker stubs

.iplt           0x000074cc        0x0
 .iplt          0x000074cc        0x0 ./utilities/fsl_debug_console.o

.rel.dyn        0x000074cc        0x0
 .rel.iplt      0x000074cc        0x0 ./utilities/fsl_debug_console.o

.ARM.extab
 *(SORT_BY_ALIGNMENT(.ARM.extab*) SORT_BY_ALIGNMENT(.gnu.linkonce.armextab.*))
                0x000074cc                __exidx_start = .

.ARM.exidx
 *(SORT_BY_ALIGNMENT(.ARM.exidx*) SORT_BY_ALIGNMENT(.gnu.linkonce.armexidx.*))
                0x000074cc                __exidx_end = .
                0x000074cc                _etext = .

.m_usb_data
 *(SORT_BY_ALIGNMENT(m_usb_bdt))

.mtb_buffer_default
                0x1ffff000       0x80
 *(SORT_BY_ALIGNMENT(.mtb*))
 .mtb.$RAM1     0x1ffff000       0x80 ./source/mtb.o
                0x1ffff000                __mtb_buffer__

.uninit_RESERVED
                0x1ffff080        0x0
                0x1ffff080                _start_uninit_RESERVED = .
 *(SORT_BY_ALIGNMENT(.bss.$RESERVED*))
                0x1ffff080                . = ALIGN (0x4)
                0x1ffff080                _end_uninit_RESERVED = .

.data           0x1ffff080        0xc load address 0x000074cc
 FILL mask 0xff
                0x1ffff080                _data = .
                [!provide]                PROVIDE (__start_data_RAM = .)
                [!provide]                PROVIDE (__start_data_SRAM = .)
 *(SORT_BY_ALIGNMENT(vtable))
 *(SORT_BY_ALIGNMENT(.ramfunc*))
 *(SORT_BY_ALIGNMENT(CodeQuickAccess))
 *(SORT_BY_ALIGNMENT(DataQuickAccess))
 *(SORT_BY_ALIGNMENT(RamFunction))
 *(SORT_BY_ALIGNMENT(.data*))
 .data.uxCriticalNesting
                0x1ffff080        0x4 ./freertos/port.o
 .data.s_slowIrcFreq
                0x1ffff084        0x4 ./drivers/fsl_clock.o
 .data.SystemCoreClock
                0x1ffff088        0x4 ./CMSIS/system_MKL25Z4.o
                0x1ffff088                SystemCoreClock
                0x1ffff08c                . = ALIGN (0x4)
                0x1ffff08c                _edata = .
                [!provide]                PROVIDE (__end_data_RAM = .)
                [!provide]                PROVIDE (__end_data_SRAM = .)

.igot.plt       0x1ffff08c        0x0 load address 0x000074d8
 .igot.plt      0x1ffff08c        0x0 ./utilities/fsl_debug_console.o

.bss            0x1ffff08c     0x2c80
                0x1ffff08c                _bss = .
                [!provide]                PROVIDE (__start_bss_RAM = .)
                [!provide]                PROVIDE (__start_bss_SRAM = .)
 *(SORT_BY_ALIGNMENT(.bss*))
 .bss.s_debugConsole
                0x1ffff08c       0x10 ./utilities/fsl_debug_console.o
 .bss.LEDport   0x1ffff09c        0x4 ./source/LED_control.o
                0x1ffff09c                LEDport
 .bss.LEDpin    0x1ffff0a0        0x4 ./source/LED_control.o
                0x1ffff0a0                LEDpin
 .bss.xDACtaskHandle
                0x1ffff0a4        0x4 ./source/Program2.o
                0x1ffff0a4                xDACtaskHandle
 .bss.xADCstartTaskHandle
                0x1ffff0a8        0x4 ./source/Program2.o
                0x1ffff0a8                xADCstartTaskHandle
 .bss.xADCreadTaskHandle
                0x1ffff0ac        0x4 ./source/Program2.o
                0x1ffff0ac                xADCreadTaskHandle
 .bss.g_sine_table
                0x1ffff0b0       0xc8 ./source/Program2.o
                0x1ffff0b0                g_sine_table
 .bss.g_Adc16ConversionValue
                0x1ffff178        0x4 ./source/Program2.o
                0x1ffff178                g_Adc16ConversionValue
 .bss.g_adc16ChannelConfigStruct
                0x1ffff17c        0x8 ./source/Program2.o
                0x1ffff17c                g_adc16ChannelConfigStruct
 .bss.g_ADC_buffer
                0x1ffff184      0x100 ./source/Program2.o
                0x1ffff184                g_ADC_buffer
 .bss.ucHeap    0x1ffff284     0x2800 ./freertos/heap_4.o
 .bss.xStart    0x20001a84        0x8 ./freertos/heap_4.o
 .bss.pxEnd     0x20001a8c        0x4 ./freertos/heap_4.o
 .bss.xFreeBytesRemaining
                0x20001a90        0x4 ./freertos/heap_4.o
 .bss.xMinimumEverFreeBytesRemaining
                0x20001a94        0x4 ./freertos/heap_4.o
 .bss.xBlockAllocatedBit
                0x20001a98        0x4 ./freertos/heap_4.o
 .bss.xQueueRegistry
                0x20001a9c       0x40 ./freertos/queue.o
                0x20001a9c                xQueueRegistry
 .bss.pxCurrentTCB
                0x20001adc        0x4 ./freertos/tasks.o
                0x20001adc                pxCurrentTCB
 .bss.pxReadyTasksLists
                0x20001ae0       0x64 ./freertos/tasks.o
 .bss.xDelayedTaskList1
                0x20001b44       0x14 ./freertos/tasks.o
 .bss.xDelayedTaskList2
                0x20001b58       0x14 ./freertos/tasks.o
 .bss.pxDelayedTaskList
                0x20001b6c        0x4 ./freertos/tasks.o
 .bss.pxOverflowDelayedTaskList
                0x20001b70        0x4 ./freertos/tasks.o
 .bss.xPendingReadyList
                0x20001b74       0x14 ./freertos/tasks.o
 .bss.xTasksWaitingTermination
                0x20001b88       0x14 ./freertos/tasks.o
 .bss.uxDeletedTasksWaitingCleanUp
                0x20001b9c        0x4 ./freertos/tasks.o
 .bss.xSuspendedTaskList
                0x20001ba0       0x14 ./freertos/tasks.o
 .bss.uxCurrentNumberOfTasks
                0x20001bb4        0x4 ./freertos/tasks.o
 .bss.xTickCount
                0x20001bb8        0x4 ./freertos/tasks.o
 .bss.uxTopReadyPriority
                0x20001bbc        0x4 ./freertos/tasks.o
 .bss.xSchedulerRunning
                0x20001bc0        0x4 ./freertos/tasks.o
 .bss.uxPendedTicks
                0x20001bc4        0x4 ./freertos/tasks.o
 .bss.xYieldPending
                0x20001bc8        0x4 ./freertos/tasks.o
 .bss.xNumOfOverflows
                0x20001bcc        0x4 ./freertos/tasks.o
 .bss.uxTaskNumber
                0x20001bd0        0x4 ./freertos/tasks.o
 .bss.xNextTaskUnblockTime
                0x20001bd4        0x4 ./freertos/tasks.o
 .bss.xIdleTaskHandle
                0x20001bd8        0x4 ./freertos/tasks.o
 .bss.uxSchedulerSuspended
                0x20001bdc        0x4 ./freertos/tasks.o
 .bss.xActiveTimerList1
                0x20001be0       0x14 ./freertos/timers.o
 .bss.xActiveTimerList2
                0x20001bf4       0x14 ./freertos/timers.o
 .bss.pxCurrentTimerList
                0x20001c08        0x4 ./freertos/timers.o
 .bss.pxOverflowTimerList
                0x20001c0c        0x4 ./freertos/timers.o
 .bss.xTimerQueue
                0x20001c10        0x4 ./freertos/timers.o
 .bss.xTimerTaskHandle
                0x20001c14        0x4 ./freertos/timers.o
 .bss.xLastTime.4575
                0x20001c18        0x4 ./freertos/timers.o
 .bss.g_xtal0Freq
                0x20001c1c        0x4 ./drivers/fsl_clock.o
                0x20001c1c                g_xtal0Freq
 .bss.s_DMAHandle
                0x20001c20       0x10 ./drivers/fsl_dma.o
 .bss.s_lpsciHandle
                0x20001c30        0x4 ./drivers/fsl_lpsci.o
 .bss.s_lpsciIsr
                0x20001c34        0x4 ./drivers/fsl_lpsci.o
 .bss.s_uartHandle
                0x20001c38        0xc ./drivers/fsl_uart.o
 .bss.s_uartIsr
                0x20001c44        0x4 ./drivers/fsl_uart.o
 .bss.__Ciob    0x20001c48       0xb4 c:/nxp/mcuxpressoide_11.1.0_3209/ide/plugins/com.nxp.mcuxpresso.tools.win32_11.1.0.201909161352/tools/bin/../lib/gcc/arm-none-eabi/8.3.1/../../../../arm-none-eabi/lib/thumb/v6-m/nofp\libcr_semihost_nf.a(__ciob.o)
                0x20001c48                __Ciob
 .bss.__end_of_heap
                0x20001cfc        0x4 c:/nxp/mcuxpressoide_11.1.0_3209/ide/plugins/com.nxp.mcuxpresso.tools.win32_11.1.0.201909161352/tools/bin/../lib/gcc/arm-none-eabi/8.3.1/../../../../arm-none-eabi/lib/thumb/v6-m/nofp\libcr_c.a(__init_alloc.o)
                0x20001cfc                __end_of_heap
 .bss.__heaps   0x20001d00        0x4 c:/nxp/mcuxpressoide_11.1.0_3209/ide/plugins/com.nxp.mcuxpresso.tools.win32_11.1.0.201909161352/tools/bin/../lib/gcc/arm-none-eabi/8.3.1/../../../../arm-none-eabi/lib/thumb/v6-m/nofp\libcr_c.a(__init_alloc.o)
                0x20001d00                __heaps
 .bss.errno     0x20001d04        0x4 c:/nxp/mcuxpressoide_11.1.0_3209/ide/plugins/com.nxp.mcuxpresso.tools.win32_11.1.0.201909161352/tools/bin/../lib/gcc/arm-none-eabi/8.3.1/../../../../arm-none-eabi/lib/thumb/v6-m/nofp\libcr_c.a(errno.o)
                0x20001d04                errno
 .bss.g_index   0x20001d08        0x1 ./source/Program2.o
                0x20001d08                g_index
 .bss.g_Adc16ConversionDoneFlag
                0x20001d09        0x1 ./source/Program2.o
                0x20001d09                g_Adc16ConversionDoneFlag
 .bss.ADC_index.6250
                0x20001d0a        0x1 ./source/Program2.o
 *(SORT_BY_ALIGNMENT(COMMON))
                0x20001d0c                . = ALIGN (0x4)
 *fill*         0x20001d0b        0x1 
                0x20001d0c                _ebss = .
                [!provide]                PROVIDE (__end_bss_RAM = .)
                [!provide]                PROVIDE (__end_bss_SRAM = .)
                [!provide]                PROVIDE (end = .)

.noinit         0x20001d0c        0x0
                0x20001d0c                _noinit = .
                [!provide]                PROVIDE (__start_noinit_RAM = .)
                [!provide]                PROVIDE (__start_noinit_SRAM = .)
 *(SORT_BY_ALIGNMENT(.noinit*))
                0x20001d0c                . = ALIGN (0x4)
                0x20001d0c                _end_noinit = .
                [!provide]                PROVIDE (__end_noinit_RAM = .)
                [!provide]                PROVIDE (__end_noinit_SRAM = .)
                0x00000400                _HeapSize = 0x400

.heap           0x20001d0c      0x400
                0x20001d0c                _pvHeapStart = .
                0x2000210c                . = (. + _HeapSize)
 *fill*         0x20001d0c      0x400 
                0x2000210c                . = ALIGN (0x4)
                0x2000210c                _pvHeapLimit = .
                0x00000400                _StackSize = 0x400

.heap2stackfill
                0x2000210c      0x400
                0x2000250c                . = (. + _StackSize)
 *fill*         0x2000210c      0x400 

.stack          0x20002c00        0x0
                0x20002c00                _vStackBase = .
                0x20002c00                . = ALIGN (0x4)
                0x20003000                _vStackTop = (. + _StackSize)
                0x00000000                _image_start = LOADADDR (.text)
                0x000074d8                _image_end = (LOADADDR (.data) + SIZEOF (.data))
                0x000074d8                _image_size = (_image_end - _image_start)
OUTPUT(Program2.axf elf32-littlearm)

.debug_info     0x00000000     0xe73d
 .debug_info    0x00000000      0xa38 ./utilities/fsl_debug_console.o
 .debug_info    0x00000a38      0x4df ./startup/startup_mkl25z4.o
 .debug_info    0x00000f17      0x4a0 ./source/LED_control.o
 .debug_info    0x000013b7     0x1163 ./source/Program2.o
 .debug_info    0x0000251a       0x53 ./source/mtb.o
 .debug_info    0x0000256d       0x3c ./source/semihost_hardfault.o
 .debug_info    0x000025a9       0xec ./freertos/fsl_tickless_lptmr.o
 .debug_info    0x00002695      0x334 ./freertos/heap_4.o
 .debug_info    0x000029c9      0x2eb ./freertos/list.o
 .debug_info    0x00002cb4      0x27a ./freertos/port.o
 .debug_info    0x00002f2e      0xefb ./freertos/queue.o
 .debug_info    0x00003e29     0x18af ./freertos/tasks.o
 .debug_info    0x000056d8      0xb92 ./freertos/timers.o
 .debug_info    0x0000626a      0xc9e ./drivers/fsl_adc16.o
 .debug_info    0x00006f08     0x1a97 ./drivers/fsl_clock.o
 .debug_info    0x0000899f      0x8ba ./drivers/fsl_dac.o
 .debug_info    0x00009259      0xf4e ./drivers/fsl_dma.o
 .debug_info    0x0000a1a7     0x1469 ./drivers/fsl_lpsci.o
 .debug_info    0x0000b610     0x140a ./drivers/fsl_uart.o
 .debug_info    0x0000ca1a      0x80b ./board/board.o
 .debug_info    0x0000d225      0xb00 ./board/clock_config.o
 .debug_info    0x0000dd25       0x3c ./board/peripherals.o
 .debug_info    0x0000dd61      0x5a3 ./board/pin_mux.o
 .debug_info    0x0000e304      0x439 ./CMSIS/system_MKL25Z4.o

.debug_abbrev   0x00000000     0x2d18
 .debug_abbrev  0x00000000      0x22c ./utilities/fsl_debug_console.o
 .debug_abbrev  0x0000022c      0x18d ./startup/startup_mkl25z4.o
 .debug_abbrev  0x000003b9      0x181 ./source/LED_control.o
 .debug_abbrev  0x0000053a      0x2e8 ./source/Program2.o
 .debug_abbrev  0x00000822       0x46 ./source/mtb.o
 .debug_abbrev  0x00000868       0x31 ./source/semihost_hardfault.o
 .debug_abbrev  0x00000899       0x9a ./freertos/fsl_tickless_lptmr.o
 .debug_abbrev  0x00000933      0x1a7 ./freertos/heap_4.o
 .debug_abbrev  0x00000ada      0x126 ./freertos/list.o
 .debug_abbrev  0x00000c00      0x1b3 ./freertos/port.o
 .debug_abbrev  0x00000db3      0x214 ./freertos/queue.o
 .debug_abbrev  0x00000fc7      0x2c3 ./freertos/tasks.o
 .debug_abbrev  0x0000128a      0x225 ./freertos/timers.o
 .debug_abbrev  0x000014af      0x2a2 ./drivers/fsl_adc16.o
 .debug_abbrev  0x00001751      0x36f ./drivers/fsl_clock.o
 .debug_abbrev  0x00001ac0      0x237 ./drivers/fsl_dac.o
 .debug_abbrev  0x00001cf7      0x2ec ./drivers/fsl_dma.o
 .debug_abbrev  0x00001fe3      0x309 ./drivers/fsl_lpsci.o
 .debug_abbrev  0x000022ec      0x323 ./drivers/fsl_uart.o
 .debug_abbrev  0x0000260f      0x1a7 ./board/board.o
 .debug_abbrev  0x000027b6      0x220 ./board/clock_config.o
 .debug_abbrev  0x000029d6       0x31 ./board/peripherals.o
 .debug_abbrev  0x00002a07      0x1bb ./board/pin_mux.o
 .debug_abbrev  0x00002bc2      0x156 ./CMSIS/system_MKL25Z4.o

.debug_aranges  0x00000000      0xeb0
 .debug_aranges
                0x00000000       0x58 ./utilities/fsl_debug_console.o
 .debug_aranges
                0x00000058      0x160 ./startup/startup_mkl25z4.o
 .debug_aranges
                0x000001b8       0x38 ./source/LED_control.o
 .debug_aranges
                0x000001f0       0x88 ./source/Program2.o
 .debug_aranges
                0x00000278       0x18 ./source/mtb.o
 .debug_aranges
                0x00000290       0x20 ./source/semihost_hardfault.o
 .debug_aranges
                0x000002b0       0x20 ./freertos/fsl_tickless_lptmr.o
 .debug_aranges
                0x000002d0       0x50 ./freertos/heap_4.o
 .debug_aranges
                0x00000320       0x40 ./freertos/list.o
 .debug_aranges
                0x00000360       0x80 ./freertos/port.o
 .debug_aranges
                0x000003e0      0x118 ./freertos/queue.o
 .debug_aranges
                0x000004f8      0x1e8 ./freertos/tasks.o
 .debug_aranges
                0x000006e0       0xc8 ./freertos/timers.o
 .debug_aranges
                0x000007a8       0x88 ./drivers/fsl_adc16.o
 .debug_aranges
                0x00000830      0x1d8 ./drivers/fsl_clock.o
 .debug_aranges
                0x00000a08       0x90 ./drivers/fsl_dac.o
 .debug_aranges
                0x00000a98       0xd0 ./drivers/fsl_dma.o
 .debug_aranges
                0x00000b68      0x118 ./drivers/fsl_lpsci.o
 .debug_aranges
                0x00000c80      0x130 ./drivers/fsl_uart.o
 .debug_aranges
                0x00000db0       0x28 ./board/board.o
 .debug_aranges
                0x00000dd8       0x58 ./board/clock_config.o
 .debug_aranges
                0x00000e30       0x20 ./board/peripherals.o
 .debug_aranges
                0x00000e50       0x38 ./board/pin_mux.o
 .debug_aranges
                0x00000e88       0x28 ./CMSIS/system_MKL25Z4.o

.debug_ranges   0x00000000      0xd28
 .debug_ranges  0x00000000       0x48 ./utilities/fsl_debug_console.o
 .debug_ranges  0x00000048      0x150 ./startup/startup_mkl25z4.o
 .debug_ranges  0x00000198       0x28 ./source/LED_control.o
 .debug_ranges  0x000001c0       0x78 ./source/Program2.o
 .debug_ranges  0x00000238       0x10 ./source/semihost_hardfault.o
 .debug_ranges  0x00000248       0x10 ./freertos/fsl_tickless_lptmr.o
 .debug_ranges  0x00000258       0x40 ./freertos/heap_4.o
 .debug_ranges  0x00000298       0x30 ./freertos/list.o
 .debug_ranges  0x000002c8       0x70 ./freertos/port.o
 .debug_ranges  0x00000338      0x108 ./freertos/queue.o
 .debug_ranges  0x00000440      0x1d8 ./freertos/tasks.o
 .debug_ranges  0x00000618       0xb8 ./freertos/timers.o
 .debug_ranges  0x000006d0       0x78 ./drivers/fsl_adc16.o
 .debug_ranges  0x00000748      0x1c8 ./drivers/fsl_clock.o
 .debug_ranges  0x00000910       0x80 ./drivers/fsl_dac.o
 .debug_ranges  0x00000990       0xc0 ./drivers/fsl_dma.o
 .debug_ranges  0x00000a50      0x108 ./drivers/fsl_lpsci.o
 .debug_ranges  0x00000b58      0x120 ./drivers/fsl_uart.o
 .debug_ranges  0x00000c78       0x18 ./board/board.o
 .debug_ranges  0x00000c90       0x48 ./board/clock_config.o
 .debug_ranges  0x00000cd8       0x10 ./board/peripherals.o
 .debug_ranges  0x00000ce8       0x28 ./board/pin_mux.o
 .debug_ranges  0x00000d10       0x18 ./CMSIS/system_MKL25Z4.o

.debug_macro    0x00000000     0xa262
 .debug_macro   0x00000000      0x13a ./utilities/fsl_debug_console.o
 .debug_macro   0x0000013a      0xaba ./utilities/fsl_debug_console.o
 .debug_macro   0x00000bf4       0x10 ./utilities/fsl_debug_console.o
 .debug_macro   0x00000c04       0x16 ./utilities/fsl_debug_console.o
 .debug_macro   0x00000c1a       0x10 ./utilities/fsl_debug_console.o
 .debug_macro   0x00000c2a      0x12e ./utilities/fsl_debug_console.o
 .debug_macro   0x00000d58       0x28 ./utilities/fsl_debug_console.o
 .debug_macro   0x00000d80       0xc4 ./utilities/fsl_debug_console.o
 .debug_macro   0x00000e44       0x16 ./utilities/fsl_debug_console.o
 .debug_macro   0x00000e5a       0x22 ./utilities/fsl_debug_console.o
 .debug_macro   0x00000e7c      0x5b3 ./utilities/fsl_debug_console.o
 .debug_macro   0x0000142f       0x10 ./utilities/fsl_debug_console.o
 .debug_macro   0x0000143f       0x3f ./utilities/fsl_debug_console.o
 .debug_macro   0x0000147e       0x3a ./utilities/fsl_debug_console.o
 .debug_macro   0x000014b8       0x26 ./utilities/fsl_debug_console.o
 .debug_macro   0x000014de      0x329 ./utilities/fsl_debug_console.o
 .debug_macro   0x00001807       0x30 ./utilities/fsl_debug_console.o
 .debug_macro   0x00001837     0x51e2 ./utilities/fsl_debug_console.o
 .debug_macro   0x00006a19     0x1352 ./utilities/fsl_debug_console.o
 .debug_macro   0x00007d6b       0x3a ./utilities/fsl_debug_console.o
 .debug_macro   0x00007da5       0xf4 ./utilities/fsl_debug_console.o
 .debug_macro   0x00007e99       0x35 ./utilities/fsl_debug_console.o
 .debug_macro   0x00007ece       0xd2 ./utilities/fsl_debug_console.o
 .debug_macro   0x00007fa0       0x2e ./utilities/fsl_debug_console.o
 .debug_macro   0x00007fce       0x10 ./utilities/fsl_debug_console.o
 .debug_macro   0x00007fde       0x10 ./utilities/fsl_debug_console.o
 .debug_macro   0x00007fee       0x29 ./startup/startup_mkl25z4.o
 .debug_macro   0x00008017       0x97 ./source/LED_control.o
 .debug_macro   0x000080ae       0x34 ./source/LED_control.o
 .debug_macro   0x000080e2       0x2e ./source/LED_control.o
 .debug_macro   0x00008110      0x272 ./source/Program2.o
 .debug_macro   0x00008382       0xd8 ./source/Program2.o
 .debug_macro   0x0000845a       0x16 ./source/Program2.o
 .debug_macro   0x00008470       0x10 ./source/Program2.o
 .debug_macro   0x00008480      0x112 ./source/Program2.o
 .debug_macro   0x00008592       0x34 ./source/Program2.o
 .debug_macro   0x000085c6       0x10 ./source/Program2.o
 .debug_macro   0x000085d6       0x10 ./source/Program2.o
 .debug_macro   0x000085e6       0x34 ./source/Program2.o
 .debug_macro   0x0000861a       0x10 ./source/Program2.o
 .debug_macro   0x0000862a      0x18b ./source/Program2.o
 .debug_macro   0x000087b5      0x168 ./source/Program2.o
 .debug_macro   0x0000891d       0xb6 ./source/Program2.o
 .debug_macro   0x000089d3       0x10 ./source/Program2.o
 .debug_macro   0x000089e3       0x1f ./source/Program2.o
 .debug_macro   0x00008a02      0x361 ./source/Program2.o
 .debug_macro   0x00008d63       0xc0 ./source/Program2.o
 .debug_macro   0x00008e23       0x8c ./source/Program2.o
 .debug_macro   0x00008eaf       0x94 ./source/Program2.o
 .debug_macro   0x00008f43       0x91 ./source/Program2.o
 .debug_macro   0x00008fd4       0x2f ./source/mtb.o
 .debug_macro   0x00009003       0x82 ./source/mtb.o
 .debug_macro   0x00009085       0x10 ./source/mtb.o
 .debug_macro   0x00009095       0x11 ./source/semihost_hardfault.o
 .debug_macro   0x000090a6       0xbd ./freertos/fsl_tickless_lptmr.o
 .debug_macro   0x00009163       0x8e ./freertos/fsl_tickless_lptmr.o
 .debug_macro   0x000091f1       0xe0 ./freertos/heap_4.o
 .debug_macro   0x000092d1       0xb9 ./freertos/list.o
 .debug_macro   0x0000938a       0xcf ./freertos/port.o
 .debug_macro   0x00009459      0x122 ./freertos/queue.o
 .debug_macro   0x0000957b      0x182 ./freertos/tasks.o
 .debug_macro   0x000096fd       0x11 ./freertos/tasks.o
 .debug_macro   0x0000970e       0xec ./freertos/timers.o
 .debug_macro   0x000097fa       0xec ./drivers/fsl_adc16.o
 .debug_macro   0x000098e6       0x1c ./drivers/fsl_adc16.o
 .debug_macro   0x00009902      0x196 ./drivers/fsl_clock.o
 .debug_macro   0x00009a98       0xec ./drivers/fsl_dac.o
 .debug_macro   0x00009b84       0xec ./drivers/fsl_dma.o
 .debug_macro   0x00009c70       0xec ./drivers/fsl_lpsci.o
 .debug_macro   0x00009d5c       0xf2 ./drivers/fsl_uart.o
 .debug_macro   0x00009e4e      0x12b ./board/board.o
 .debug_macro   0x00009f79      0x123 ./board/clock_config.o
 .debug_macro   0x0000a09c       0x1b ./board/peripherals.o
 .debug_macro   0x0000a0b7      0x107 ./board/pin_mux.o
 .debug_macro   0x0000a1be       0x10 ./board/pin_mux.o
 .debug_macro   0x0000a1ce       0x94 ./CMSIS/system_MKL25Z4.o

.debug_line     0x00000000     0x9962
 .debug_line    0x00000000      0x509 ./utilities/fsl_debug_console.o
 .debug_line    0x00000509      0x1e7 ./startup/startup_mkl25z4.o
 .debug_line    0x000006f0      0x30c ./source/LED_control.o
 .debug_line    0x000009fc      0x7c2 ./source/Program2.o
 .debug_line    0x000011be       0xd1 ./source/mtb.o
 .debug_line    0x0000128f       0x5a ./source/semihost_hardfault.o
 .debug_line    0x000012e9      0x255 ./freertos/fsl_tickless_lptmr.o
 .debug_line    0x0000153e      0x490 ./freertos/heap_4.o
 .debug_line    0x000019ce      0x319 ./freertos/list.o
 .debug_line    0x00001ce7      0x3c8 ./freertos/port.o
 .debug_line    0x000020af      0xc90 ./freertos/queue.o
 .debug_line    0x00002d3f     0x1527 ./freertos/tasks.o
 .debug_line    0x00004266      0x722 ./freertos/timers.o
 .debug_line    0x00004988      0x65f ./drivers/fsl_adc16.o
 .debug_line    0x00004fe7     0x12fc ./drivers/fsl_clock.o
 .debug_line    0x000062e3      0x545 ./drivers/fsl_dac.o
 .debug_line    0x00006828      0x74e ./drivers/fsl_dma.o
 .debug_line    0x00006f76      0xd7d ./drivers/fsl_lpsci.o
 .debug_line    0x00007cf3      0xd6c ./drivers/fsl_uart.o
 .debug_line    0x00008a5f      0x3cf ./board/board.o
 .debug_line    0x00008e2e      0x409 ./board/clock_config.o
 .debug_line    0x00009237       0x5c ./board/peripherals.o
 .debug_line    0x00009293      0x390 ./board/pin_mux.o
 .debug_line    0x00009623      0x33f ./CMSIS/system_MKL25Z4.o

.debug_str      0x00000000    0x3df81
 .debug_str     0x00000000    0x31605 ./utilities/fsl_debug_console.o
                              0x31885 (size before relaxing)
 .debug_str     0x00031605      0x3a6 ./startup/startup_mkl25z4.o
                               0x3219 (size before relaxing)
 .debug_str     0x000319ab      0x1f5 ./source/LED_control.o
                              0x28f78 (size before relaxing)
 .debug_str     0x00031ba0     0x5c38 ./source/Program2.o
                              0x3710f (size before relaxing)
 .debug_str     0x000377d8      0x532 ./source/mtb.o
                               0x3325 (size before relaxing)
 .debug_str     0x00037d0a       0x1f ./source/semihost_hardfault.o
                               0x2e12 (size before relaxing)
 .debug_str     0x00037d29      0x43c ./freertos/fsl_tickless_lptmr.o
                               0x7c8e (size before relaxing)
 .debug_str     0x00038165      0x27e ./freertos/heap_4.o
                               0x7b29 (size before relaxing)
 .debug_str     0x000383e3      0x12a ./freertos/list.o
                               0x7446 (size before relaxing)
 .debug_str     0x0003850d      0x17b ./freertos/port.o
                               0x7e35 (size before relaxing)
 .debug_str     0x00038688      0x75b ./freertos/queue.o
                               0x89a2 (size before relaxing)
 .debug_str     0x00038de3     0x1313 ./freertos/tasks.o
                               0x9613 (size before relaxing)
 .debug_str     0x0003a0f6      0x4c6 ./freertos/timers.o
                               0x8eed (size before relaxing)
 .debug_str     0x0003a5bc      0x5ae ./drivers/fsl_adc16.o
                              0x315be (size before relaxing)
 .debug_str     0x0003ab6a     0x132e ./drivers/fsl_clock.o
                              0x32320 (size before relaxing)
 .debug_str     0x0003be98      0x253 ./drivers/fsl_dac.o
                              0x30f0d (size before relaxing)
 .debug_str     0x0003c0eb      0x774 ./drivers/fsl_dma.o
                              0x315ee (size before relaxing)
 .debug_str     0x0003c85f      0x94b ./drivers/fsl_lpsci.o
                              0x31928 (size before relaxing)
 .debug_str     0x0003d1aa      0x832 ./drivers/fsl_uart.o
                              0x3194b (size before relaxing)
 .debug_str     0x0003d9dc       0x4c ./board/board.o
                              0x31798 (size before relaxing)
 .debug_str     0x0003da28      0x300 ./board/clock_config.o
                              0x3124e (size before relaxing)
 .debug_str     0x0003dd28       0x31 ./board/peripherals.o
                               0x2e23 (size before relaxing)
 .debug_str     0x0003dd59      0x1e1 ./board/pin_mux.o
                              0x309b1 (size before relaxing)
 .debug_str     0x0003df3a       0x47 ./CMSIS/system_MKL25Z4.o
                              0x2fc8a (size before relaxing)

.comment        0x00000000       0x76
 .comment       0x00000000       0x76 ./utilities/fsl_debug_console.o
                                 0x77 (size before relaxing)
 .comment       0x00000076       0x77 ./startup/startup_mkl25z4.o
 .comment       0x00000076       0x77 ./source/LED_control.o
 .comment       0x00000076       0x77 ./source/Program2.o
 .comment       0x00000076       0x77 ./source/mtb.o
 .comment       0x00000076       0x77 ./source/semihost_hardfault.o
 .comment       0x00000076       0x77 ./freertos/fsl_tickless_lptmr.o
 .comment       0x00000076       0x77 ./freertos/heap_4.o
 .comment       0x00000076       0x77 ./freertos/list.o
 .comment       0x00000076       0x77 ./freertos/port.o
 .comment       0x00000076       0x77 ./freertos/queue.o
 .comment       0x00000076       0x77 ./freertos/tasks.o
 .comment       0x00000076       0x77 ./freertos/timers.o
 .comment       0x00000076       0x77 ./drivers/fsl_adc16.o
 .comment       0x00000076       0x77 ./drivers/fsl_clock.o
 .comment       0x00000076       0x77 ./drivers/fsl_dac.o
 .comment       0x00000076       0x77 ./drivers/fsl_dma.o
 .comment       0x00000076       0x77 ./drivers/fsl_lpsci.o
 .comment       0x00000076       0x77 ./drivers/fsl_uart.o
 .comment       0x00000076       0x77 ./board/board.o
 .comment       0x00000076       0x77 ./board/clock_config.o
 .comment       0x00000076       0x77 ./board/peripherals.o
 .comment       0x00000076       0x77 ./board/pin_mux.o
 .comment       0x00000076       0x77 ./CMSIS/system_MKL25Z4.o
 .comment       0x00000076       0x77 c:/nxp/mcuxpressoide_11.1.0_3209/ide/plugins/com.nxp.mcuxpresso.tools.win32_11.1.0.201909161352/tools/bin/../lib/gcc/arm-none-eabi/8.3.1/../../../../arm-none-eabi/lib/thumb/v6-m/nofp\libcr_semihost_nf.a(_cr__main.o)
 .comment       0x00000076       0x77 c:/nxp/mcuxpressoide_11.1.0_3209/ide/plugins/com.nxp.mcuxpresso.tools.win32_11.1.0.201909161352/tools/bin/../lib/gcc/arm-none-eabi/8.3.1/../../../../arm-none-eabi/lib/thumb/v6-m/nofp\libcr_semihost_nf.a(_cr_assert.o)
 .comment       0x00000076       0x77 c:/nxp/mcuxpressoide_11.1.0_3209/ide/plugins/com.nxp.mcuxpresso.tools.win32_11.1.0.201909161352/tools/bin/../lib/gcc/arm-none-eabi/8.3.1/../../../../arm-none-eabi/lib/thumb/v6-m/nofp\libcr_semihost_nf.a(__ciob.o)
 .comment       0x00000076       0x77 c:/nxp/mcuxpressoide_11.1.0_3209/ide/plugins/com.nxp.mcuxpresso.tools.win32_11.1.0.201909161352/tools/bin/../lib/gcc/arm-none-eabi/8.3.1/../../../../arm-none-eabi/lib/thumb/v6-m/nofp\libcr_c.a(memcpy.o)
 .comment       0x00000076       0x77 c:/nxp/mcuxpressoide_11.1.0_3209/ide/plugins/com.nxp.mcuxpresso.tools.win32_11.1.0.201909161352/tools/bin/../lib/gcc/arm-none-eabi/8.3.1/../../../../arm-none-eabi/lib/thumb/v6-m/nofp\libcr_c.a(memset.o)
 .comment       0x00000076       0x77 c:/nxp/mcuxpressoide_11.1.0_3209/ide/plugins/com.nxp.mcuxpresso.tools.win32_11.1.0.201909161352/tools/bin/../lib/gcc/arm-none-eabi/8.3.1/../../../../arm-none-eabi/lib/thumb/v6-m/nofp\libcr_c.a(_deferredlazyseek.o)
 .comment       0x00000076       0x77 c:/nxp/mcuxpressoide_11.1.0_3209/ide/plugins/com.nxp.mcuxpresso.tools.win32_11.1.0.201909161352/tools/bin/../lib/gcc/arm-none-eabi/8.3.1/../../../../arm-none-eabi/lib/thumb/v6-m/nofp\libcr_c.a(_fflush.o)
 .comment       0x00000076       0x77 c:/nxp/mcuxpressoide_11.1.0_3209/ide/plugins/com.nxp.mcuxpresso.tools.win32_11.1.0.201909161352/tools/bin/../lib/gcc/arm-none-eabi/8.3.1/../../../../arm-none-eabi/lib/thumb/v6-m/nofp\libcr_c.a(_writebuf.o)
 .comment       0x00000076       0x77 c:/nxp/mcuxpressoide_11.1.0_3209/ide/plugins/com.nxp.mcuxpresso.tools.win32_11.1.0.201909161352/tools/bin/../lib/gcc/arm-none-eabi/8.3.1/../../../../arm-none-eabi/lib/thumb/v6-m/nofp\libcr_c.a(alloc.o)
 .comment       0x00000076       0x77 c:/nxp/mcuxpressoide_11.1.0_3209/ide/plugins/com.nxp.mcuxpresso.tools.win32_11.1.0.201909161352/tools/bin/../lib/gcc/arm-none-eabi/8.3.1/../../../../arm-none-eabi/lib/thumb/v6-m/nofp\libcr_c.a(fputs.o)
 .comment       0x00000076       0x77 c:/nxp/mcuxpressoide_11.1.0_3209/ide/plugins/com.nxp.mcuxpresso.tools.win32_11.1.0.201909161352/tools/bin/../lib/gcc/arm-none-eabi/8.3.1/../../../../arm-none-eabi/lib/thumb/v6-m/nofp\libcr_c.a(fseek.o)
 .comment       0x00000076       0x77 c:/nxp/mcuxpressoide_11.1.0_3209/ide/plugins/com.nxp.mcuxpresso.tools.win32_11.1.0.201909161352/tools/bin/../lib/gcc/arm-none-eabi/8.3.1/../../../../arm-none-eabi/lib/thumb/v6-m/nofp\libcr_c.a(ftell.o)
 .comment       0x00000076       0x77 c:/nxp/mcuxpressoide_11.1.0_3209/ide/plugins/com.nxp.mcuxpresso.tools.win32_11.1.0.201909161352/tools/bin/../lib/gcc/arm-none-eabi/8.3.1/../../../../arm-none-eabi/lib/thumb/v6-m/nofp\libcr_c.a(initio.o)
 .comment       0x00000076       0x77 c:/nxp/mcuxpressoide_11.1.0_3209/ide/plugins/com.nxp.mcuxpresso.tools.win32_11.1.0.201909161352/tools/bin/../lib/gcc/arm-none-eabi/8.3.1/../../../../arm-none-eabi/lib/thumb/v6-m/nofp\libcr_c.a(printf.o)
 .comment       0x00000076       0x77 c:/nxp/mcuxpressoide_11.1.0_3209/ide/plugins/com.nxp.mcuxpresso.tools.win32_11.1.0.201909161352/tools/bin/../lib/gcc/arm-none-eabi/8.3.1/../../../../arm-none-eabi/lib/thumb/v6-m/nofp\libcr_c.a(setvbuf.o)
 .comment       0x00000076       0x77 c:/nxp/mcuxpressoide_11.1.0_3209/ide/plugins/com.nxp.mcuxpresso.tools.win32_11.1.0.201909161352/tools/bin/../lib/gcc/arm-none-eabi/8.3.1/../../../../arm-none-eabi/lib/thumb/v6-m/nofp\libcr_c.a(sin.o)
 .comment       0x00000076       0x77 c:/nxp/mcuxpressoide_11.1.0_3209/ide/plugins/com.nxp.mcuxpresso.tools.win32_11.1.0.201909161352/tools/bin/../lib/gcc/arm-none-eabi/8.3.1/../../../../arm-none-eabi/lib/thumb/v6-m/nofp\libcr_c.a(strlen.o)
 .comment       0x00000076       0x77 c:/nxp/mcuxpressoide_11.1.0_3209/ide/plugins/com.nxp.mcuxpresso.tools.win32_11.1.0.201909161352/tools/bin/../lib/gcc/arm-none-eabi/8.3.1/../../../../arm-none-eabi/lib/thumb/v6-m/nofp\libcr_c.a(__init_alloc.o)
 .comment       0x00000076       0x77 c:/nxp/mcuxpressoide_11.1.0_3209/ide/plugins/com.nxp.mcuxpresso.tools.win32_11.1.0.201909161352/tools/bin/../lib/gcc/arm-none-eabi/8.3.1/../../../../arm-none-eabi/lib/thumb/v6-m/nofp\libcr_c.a(_cr_sbrk.o)
 .comment       0x00000076       0x77 c:/nxp/mcuxpressoide_11.1.0_3209/ide/plugins/com.nxp.mcuxpresso.tools.win32_11.1.0.201909161352/tools/bin/../lib/gcc/arm-none-eabi/8.3.1/../../../../arm-none-eabi/lib/thumb/v6-m/nofp\libcr_c.a(_fdopen.o)
 .comment       0x00000076       0x77 c:/nxp/mcuxpressoide_11.1.0_3209/ide/plugins/com.nxp.mcuxpresso.tools.win32_11.1.0.201909161352/tools/bin/../lib/gcc/arm-none-eabi/8.3.1/../../../../arm-none-eabi/lib/thumb/v6-m/nofp\libcr_c.a(_sincos.o)
 .comment       0x00000076       0x77 c:/nxp/mcuxpressoide_11.1.0_3209/ide/plugins/com.nxp.mcuxpresso.tools.win32_11.1.0.201909161352/tools/bin/../lib/gcc/arm-none-eabi/8.3.1/../../../../arm-none-eabi/lib/thumb/v6-m/nofp\libcr_c.a(errno.o)
 .comment       0x00000076       0x77 c:/nxp/mcuxpressoide_11.1.0_3209/ide/plugins/com.nxp.mcuxpresso.tools.win32_11.1.0.201909161352/tools/bin/../lib/gcc/arm-none-eabi/8.3.1/../../../../arm-none-eabi/lib/thumb/v6-m/nofp\libcr_c.a(fabs.o)
 .comment       0x00000076       0x77 c:/nxp/mcuxpressoide_11.1.0_3209/ide/plugins/com.nxp.mcuxpresso.tools.win32_11.1.0.201909161352/tools/bin/../lib/gcc/arm-none-eabi/8.3.1/../../../../arm-none-eabi/lib/thumb/v6-m/nofp\libcr_c.a(fclose.o)
 .comment       0x00000076       0x77 c:/nxp/mcuxpressoide_11.1.0_3209/ide/plugins/com.nxp.mcuxpresso.tools.win32_11.1.0.201909161352/tools/bin/../lib/gcc/arm-none-eabi/8.3.1/../../../../arm-none-eabi/lib/thumb/v6-m/nofp\libcr_c.a(fflush.o)
 .comment       0x00000076       0x77 c:/nxp/mcuxpressoide_11.1.0_3209/ide/plugins/com.nxp.mcuxpresso.tools.win32_11.1.0.201909161352/tools/bin/../lib/gcc/arm-none-eabi/8.3.1/../../../../arm-none-eabi/lib/thumb/v6-m/nofp\libcr_c.a(remove.o)
 .comment       0x00000076       0x77 c:/nxp/mcuxpressoide_11.1.0_3209/ide/plugins/com.nxp.mcuxpresso.tools.win32_11.1.0.201909161352/tools/bin/../lib/gcc/arm-none-eabi/8.3.1/../../../../arm-none-eabi/lib/thumb/v6-m/nofp\libcr_c.a(_cr_check_heap.o)
 .comment       0x00000076       0x77 c:/nxp/mcuxpressoide_11.1.0_3209/ide/plugins/com.nxp.mcuxpresso.tools.win32_11.1.0.201909161352/tools/bin/../lib/gcc/arm-none-eabi/8.3.1/../../../../arm-none-eabi/lib/thumb/v6-m/nofp\libcr_c.a(_do_fflush.o)
 .comment       0x00000076       0x77 c:/nxp/mcuxpressoide_11.1.0_3209/ide/plugins/com.nxp.mcuxpresso.tools.win32_11.1.0.201909161352/tools/bin/../lib/gcc/arm-none-eabi/8.3.1/thumb/v6-m/nofp\libcr_eabihelpers.a(double.o)

.ARM.attributes
                0x00000000       0x2a
 .ARM.attributes
                0x00000000       0x2c ./utilities/fsl_debug_console.o
 .ARM.attributes
                0x0000002c       0x2c ./startup/startup_mkl25z4.o
 .ARM.attributes
                0x00000058       0x2c ./source/LED_control.o
 .ARM.attributes
                0x00000084       0x2c ./source/Program2.o
 .ARM.attributes
                0x000000b0       0x32 ./source/mtb.o
 .ARM.attributes
                0x000000e2       0x2c ./source/semihost_hardfault.o
 .ARM.attributes
                0x0000010e       0x2c ./freertos/fsl_tickless_lptmr.o
 .ARM.attributes
                0x0000013a       0x2c ./freertos/heap_4.o
 .ARM.attributes
                0x00000166       0x2c ./freertos/list.o
 .ARM.attributes
                0x00000192       0x2c ./freertos/port.o
 .ARM.attributes
                0x000001be       0x2c ./freertos/queue.o
 .ARM.attributes
                0x000001ea       0x2c ./freertos/tasks.o
 .ARM.attributes
                0x00000216       0x2c ./freertos/timers.o
 .ARM.attributes
                0x00000242       0x2c ./drivers/fsl_adc16.o
 .ARM.attributes
                0x0000026e       0x2c ./drivers/fsl_clock.o
 .ARM.attributes
                0x0000029a       0x2c ./drivers/fsl_dac.o
 .ARM.attributes
                0x000002c6       0x2c ./drivers/fsl_dma.o
 .ARM.attributes
                0x000002f2       0x2c ./drivers/fsl_lpsci.o
 .ARM.attributes
                0x0000031e       0x2c ./drivers/fsl_uart.o
 .ARM.attributes
                0x0000034a       0x2c ./board/board.o
 .ARM.attributes
                0x00000376       0x2c ./board/clock_config.o
 .ARM.attributes
                0x000003a2       0x2c ./board/peripherals.o
 .ARM.attributes
                0x000003ce       0x2c ./board/pin_mux.o
 .ARM.attributes
                0x000003fa       0x2c ./CMSIS/system_MKL25Z4.o
 .ARM.attributes
                0x00000426       0x2c c:/nxp/mcuxpressoide_11.1.0_3209/ide/plugins/com.nxp.mcuxpresso.tools.win32_11.1.0.201909161352/tools/bin/../lib/gcc/arm-none-eabi/8.3.1/../../../../arm-none-eabi/lib/thumb/v6-m/nofp\libcr_semihost_nf.a(_cr__main.o)
 .ARM.attributes
                0x00000452       0x2c c:/nxp/mcuxpressoide_11.1.0_3209/ide/plugins/com.nxp.mcuxpresso.tools.win32_11.1.0.201909161352/tools/bin/../lib/gcc/arm-none-eabi/8.3.1/../../../../arm-none-eabi/lib/thumb/v6-m/nofp\libcr_semihost_nf.a(_cr_assert.o)
 .ARM.attributes
                0x0000047e       0x31 c:/nxp/mcuxpressoide_11.1.0_3209/ide/plugins/com.nxp.mcuxpresso.tools.win32_11.1.0.201909161352/tools/bin/../lib/gcc/arm-none-eabi/8.3.1/../../../../arm-none-eabi/lib/thumb/v6-m/nofp\libcr_semihost_nf.a(__ciob.o)
 .ARM.attributes
                0x000004af       0x1c c:/nxp/mcuxpressoide_11.1.0_3209/ide/plugins/com.nxp.mcuxpresso.tools.win32_11.1.0.201909161352/tools/bin/../lib/gcc/arm-none-eabi/8.3.1/../../../../arm-none-eabi/lib/thumb/v6-m/nofp\libcr_semihost_nf.a(__sys_appexit.o)
 .ARM.attributes
                0x000004cb       0x2c c:/nxp/mcuxpressoide_11.1.0_3209/ide/plugins/com.nxp.mcuxpresso.tools.win32_11.1.0.201909161352/tools/bin/../lib/gcc/arm-none-eabi/8.3.1/../../../../arm-none-eabi/lib/thumb/v6-m/nofp\libcr_c.a(memcpy.o)
 .ARM.attributes
                0x000004f7       0x2c c:/nxp/mcuxpressoide_11.1.0_3209/ide/plugins/com.nxp.mcuxpresso.tools.win32_11.1.0.201909161352/tools/bin/../lib/gcc/arm-none-eabi/8.3.1/../../../../arm-none-eabi/lib/thumb/v6-m/nofp\libcr_c.a(memset.o)
 .ARM.attributes
                0x00000523       0x2c c:/nxp/mcuxpressoide_11.1.0_3209/ide/plugins/com.nxp.mcuxpresso.tools.win32_11.1.0.201909161352/tools/bin/../lib/gcc/arm-none-eabi/8.3.1/../../../../arm-none-eabi/lib/thumb/v6-m/nofp\libcr_c.a(_deferredlazyseek.o)
 .ARM.attributes
                0x0000054f       0x2c c:/nxp/mcuxpressoide_11.1.0_3209/ide/plugins/com.nxp.mcuxpresso.tools.win32_11.1.0.201909161352/tools/bin/../lib/gcc/arm-none-eabi/8.3.1/../../../../arm-none-eabi/lib/thumb/v6-m/nofp\libcr_c.a(_fflush.o)
 .ARM.attributes
                0x0000057b       0x2c c:/nxp/mcuxpressoide_11.1.0_3209/ide/plugins/com.nxp.mcuxpresso.tools.win32_11.1.0.201909161352/tools/bin/../lib/gcc/arm-none-eabi/8.3.1/../../../../arm-none-eabi/lib/thumb/v6-m/nofp\libcr_c.a(_writebuf.o)
 .ARM.attributes
                0x000005a7       0x2c c:/nxp/mcuxpressoide_11.1.0_3209/ide/plugins/com.nxp.mcuxpresso.tools.win32_11.1.0.201909161352/tools/bin/../lib/gcc/arm-none-eabi/8.3.1/../../../../arm-none-eabi/lib/thumb/v6-m/nofp\libcr_c.a(alloc.o)
 .ARM.attributes
                0x000005d3       0x2c c:/nxp/mcuxpressoide_11.1.0_3209/ide/plugins/com.nxp.mcuxpresso.tools.win32_11.1.0.201909161352/tools/bin/../lib/gcc/arm-none-eabi/8.3.1/../../../../arm-none-eabi/lib/thumb/v6-m/nofp\libcr_c.a(fputs.o)
 .ARM.attributes
                0x000005ff       0x2c c:/nxp/mcuxpressoide_11.1.0_3209/ide/plugins/com.nxp.mcuxpresso.tools.win32_11.1.0.201909161352/tools/bin/../lib/gcc/arm-none-eabi/8.3.1/../../../../arm-none-eabi/lib/thumb/v6-m/nofp\libcr_c.a(fseek.o)
 .ARM.attributes
                0x0000062b       0x2c c:/nxp/mcuxpressoide_11.1.0_3209/ide/plugins/com.nxp.mcuxpresso.tools.win32_11.1.0.201909161352/tools/bin/../lib/gcc/arm-none-eabi/8.3.1/../../../../arm-none-eabi/lib/thumb/v6-m/nofp\libcr_c.a(ftell.o)
 .ARM.attributes
                0x00000657       0x2c c:/nxp/mcuxpressoide_11.1.0_3209/ide/plugins/com.nxp.mcuxpresso.tools.win32_11.1.0.201909161352/tools/bin/../lib/gcc/arm-none-eabi/8.3.1/../../../../arm-none-eabi/lib/thumb/v6-m/nofp\libcr_c.a(initio.o)
 .ARM.attributes
                0x00000683       0x2c c:/nxp/mcuxpressoide_11.1.0_3209/ide/plugins/com.nxp.mcuxpresso.tools.win32_11.1.0.201909161352/tools/bin/../lib/gcc/arm-none-eabi/8.3.1/../../../../arm-none-eabi/lib/thumb/v6-m/nofp\libcr_c.a(printf.o)
 .ARM.attributes
                0x000006af       0x2c c:/nxp/mcuxpressoide_11.1.0_3209/ide/plugins/com.nxp.mcuxpresso.tools.win32_11.1.0.201909161352/tools/bin/../lib/gcc/arm-none-eabi/8.3.1/../../../../arm-none-eabi/lib/thumb/v6-m/nofp\libcr_c.a(setvbuf.o)
 .ARM.attributes
                0x000006db       0x2c c:/nxp/mcuxpressoide_11.1.0_3209/ide/plugins/com.nxp.mcuxpresso.tools.win32_11.1.0.201909161352/tools/bin/../lib/gcc/arm-none-eabi/8.3.1/../../../../arm-none-eabi/lib/thumb/v6-m/nofp\libcr_c.a(sin.o)
 .ARM.attributes
                0x00000707       0x2c c:/nxp/mcuxpressoide_11.1.0_3209/ide/plugins/com.nxp.mcuxpresso.tools.win32_11.1.0.201909161352/tools/bin/../lib/gcc/arm-none-eabi/8.3.1/../../../../arm-none-eabi/lib/thumb/v6-m/nofp\libcr_c.a(strlen.o)
 .ARM.attributes
                0x00000733       0x2c c:/nxp/mcuxpressoide_11.1.0_3209/ide/plugins/com.nxp.mcuxpresso.tools.win32_11.1.0.201909161352/tools/bin/../lib/gcc/arm-none-eabi/8.3.1/../../../../arm-none-eabi/lib/thumb/v6-m/nofp\libcr_c.a(__init_alloc.o)
 .ARM.attributes