Archive member included to satisfy reference by file (symbol)

c:/nxp/mcuxpressoide_11.1.0_3209/ide/plugins/com.nxp.mcuxpresso.tools.win32_11.1.0.201909161352/tools/bin/../lib/gcc/arm-none-eabi/8.3.1/../../../../arm-none-eabi/lib/thumb/v6-m/nofp\libcr_semihost_nf.a(_cr__main.o)
                              ./startup/startup_mkl25z4.o (__main)
c:/nxp/mcuxpressoide_11.1.0_3209/ide/plugins/com.nxp.mcuxpresso.tools.win32_11.1.0.201909161352/tools/bin/../lib/gcc/arm-none-eabi/8.3.1/../../../../arm-none-eabi/lib/thumb/v6-m/nofp\libcr_semihost_nf.a(_cr_assert.o)
                              ./source/Program2.o (__assertion_failed)
c:/nxp/mcuxpressoide_11.1.0_3209/ide/plugins/com.nxp.mcuxpresso.tools.win32_11.1.0.201909161352/tools/bin/../lib/gcc/arm-none-eabi/8.3.1/../../../../arm-none-eabi/lib/thumb/v6-m/nofp\libcr_semihost_nf.a(__ciob.o)
                              c:/nxp/mcuxpressoide_11.1.0_3209/ide/plugins/com.nxp.mcuxpresso.tools.win32_11.1.0.201909161352/tools/bin/../lib/gcc/arm-none-eabi/8.3.1/../../../../arm-none-eabi/lib/thumb/v6-m/nofp\libcr_semihost_nf.a(_cr_assert.o) (__Ciob)
c:/nxp/mcuxpressoide_11.1.0_3209/ide/plugins/com.nxp.mcuxpresso.tools.win32_11.1.0.201909161352/tools/bin/../lib/gcc/arm-none-eabi/8.3.1/../../../../arm-none-eabi/lib/thumb/v6-m/nofp\libcr_semihost_nf.a(__sys_appexit.o)
                              c:/nxp/mcuxpressoide_11.1.0_3209/ide/plugins/com.nxp.mcuxpresso.tools.win32_11.1.0.201909161352/tools/bin/../lib/gcc/arm-none-eabi/8.3.1/../../../../arm-none-eabi/lib/thumb/v6-m/nofp\libcr_semihost_nf.a(_cr_assert.o) (__sys_appexit)
c:/nxp/mcuxpressoide_11.1.0_3209/ide/plugins/com.nxp.mcuxpresso.tools.win32_11.1.0.201909161352/tools/bin/../lib/gcc/arm-none-eabi/8.3.1/../../../../arm-none-eabi/lib/thumb/v6-m/nofp\libcr_c.a(memcpy.o)
                              ./freertos/queue.o (memcpy)
c:/nxp/mcuxpressoide_11.1.0_3209/ide/plugins/com.nxp.mcuxpresso.tools.win32_11.1.0.201909161352/tools/bin/../lib/gcc/arm-none-eabi/8.3.1/../../../../arm-none-eabi/lib/thumb/v6-m/nofp\libcr_c.a(memset.o)
                              ./freertos/tasks.o (memset)
c:/nxp/mcuxpressoide_11.1.0_3209/ide/plugins/com.nxp.mcuxpresso.tools.win32_11.1.0.201909161352/tools/bin/../lib/gcc/arm-none-eabi/8.3.1/../../../../arm-none-eabi/lib/thumb/v6-m/nofp\libcr_c.a(_deferredlazyseek.o)
                              c:/nxp/mcuxpressoide_11.1.0_3209/ide/plugins/com.nxp.mcuxpresso.tools.win32_11.1.0.201909161352/tools/bin/../lib/gcc/arm-none-eabi/8.3.1/../../../../arm-none-eabi/lib/thumb/v6-m/nofp\libcr_semihost_nf.a(_cr_assert.o) (__flsbuf)
c:/nxp/mcuxpressoide_11.1.0_3209/ide/plugins/com.nxp.mcuxpresso.tools.win32_11.1.0.201909161352/tools/bin/../lib/gcc/arm-none-eabi/8.3.1/../../../../arm-none-eabi/lib/thumb/v6-m/nofp\libcr_c.a(_fflush.o)
                              c:/nxp/mcuxpressoide_11.1.0_3209/ide/plugins/com.nxp.mcuxpresso.tools.win32_11.1.0.201909161352/tools/bin/../lib/gcc/arm-none-eabi/8.3.1/../../../../arm-none-eabi/lib/thumb/v6-m/nofp\libcr_c.a(_deferredlazyseek.o) (_fflush)
c:/nxp/mcuxpressoide_11.1.0_3209/ide/plugins/com.nxp.mcuxpresso.tools.win32_11.1.0.201909161352/tools/bin/../lib/gcc/arm-none-eabi/8.3.1/../../../../arm-none-eabi/lib/thumb/v6-m/nofp\libcr_c.a(_writebuf.o)
                              c:/nxp/mcuxpressoide_11.1.0_3209/ide/plugins/com.nxp.mcuxpresso.tools.win32_11.1.0.201909161352/tools/bin/../lib/gcc/arm-none-eabi/8.3.1/../../../../arm-none-eabi/lib/thumb/v6-m/nofp\libcr_c.a(_deferredlazyseek.o) (_Cwritebuf)
c:/nxp/mcuxpressoide_11.1.0_3209/ide/plugins/com.nxp.mcuxpresso.tools.win32_11.1.0.201909161352/tools/bin/../lib/gcc/arm-none-eabi/8.3.1/../../../../arm-none-eabi/lib/thumb/v6-m/nofp\libcr_c.a(alloc.o)
                              c:/nxp/mcuxpressoide_11.1.0_3209/ide/plugins/com.nxp.mcuxpresso.tools.win32_11.1.0.201909161352/tools/bin/../lib/gcc/arm-none-eabi/8.3.1/../../../../arm-none-eabi/lib/thumb/v6-m/nofp\libcr_c.a(_deferredlazyseek.o) (_Csys_alloc)
c:/nxp/mcuxpressoide_11.1.0_3209/ide/plugins/com.nxp.mcuxpresso.tools.win32_11.1.0.201909161352/tools/bin/../lib/gcc/arm-none-eabi/8.3.1/../../../../arm-none-eabi/lib/thumb/v6-m/nofp\libcr_c.a(fpprintf.o)
                              ./source/Program2.o (printf)
c:/nxp/mcuxpressoide_11.1.0_3209/ide/plugins/com.nxp.mcuxpresso.tools.win32_11.1.0.201909161352/tools/bin/../lib/gcc/arm-none-eabi/8.3.1/../../../../arm-none-eabi/lib/thumb/v6-m/nofp\libcr_c.a(fputs.o)
                              c:/nxp/mcuxpressoide_11.1.0_3209/ide/plugins/com.nxp.mcuxpresso.tools.win32_11.1.0.201909161352/tools/bin/../lib/gcc/arm-none-eabi/8.3.1/../../../../arm-none-eabi/lib/thumb/v6-m/nofp\libcr_semihost_nf.a(_cr_assert.o) (fputs)
c:/nxp/mcuxpressoide_11.1.0_3209/ide/plugins/com.nxp.mcuxpresso.tools.win32_11.1.0.201909161352/tools/bin/../lib/gcc/arm-none-eabi/8.3.1/../../../../arm-none-eabi/lib/thumb/v6-m/nofp\libcr_c.a(fseek.o)
[...]
Memory Configuration

Name             Origin             Length             Attributes
PROGRAM_FLASH    0x00000000         0x00020000         xr
SRAM             0x1ffff000         0x00004000         xrw
*default*        0x00000000         0xffffffff

Linker script and memory map

LOAD ./utilities/fsl_debug_console.o
LOAD ./startup/startup_mkl25z4.o
LOAD ./source/LED_control.o
LOAD ./source/Program2.o
LOAD ./source/delay.o
LOAD ./source/mtb.o
LOAD ./source/semihost_hardfault.o
LOAD ./freertos/croutine.o
LOAD ./freertos/event_groups.o
LOAD ./freertos/fsl_tickless_lptmr.o
LOAD ./freertos/fsl_tickless_systick.o
LOAD ./freertos/heap_4.o
LOAD ./freertos/list.o
LOAD ./freertos/port.o
LOAD ./freertos/queue.o
LOAD ./freertos/tasks.o
LOAD ./freertos/timers.o
LOAD ./drivers/fsl_adc16.o
LOAD ./drivers/fsl_clock.o
LOAD ./drivers/fsl_common.o
LOAD ./drivers/fsl_dac.o
LOAD ./drivers/fsl_dma.o
LOAD ./drivers/fsl_dmamux.o
LOAD ./drivers/fsl_flash.o
LOAD ./drivers/fsl_gpio.o
LOAD ./drivers/fsl_lpsci.o
LOAD ./drivers/fsl_lpsci_dma.o
LOAD ./drivers/fsl_lpsci_freertos.o
LOAD ./drivers/fsl_smc.o
LOAD ./drivers/fsl_uart.o
LOAD ./drivers/fsl_uart_dma.o
LOAD ./drivers/fsl_uart_freertos.o
LOAD ./board/board.o
LOAD ./board/clock_config.o
LOAD ./board/peripherals.o
LOAD ./board/pin_mux.o
LOAD ./CMSIS/system_MKL25Z4.o
START GROUP
LOAD c:/nxp/mcuxpressoide_11.1.0_3209/ide/plugins/com.nxp.mcuxpresso.tools.win32_11.1.0.201909161352/tools/bin/../lib/gcc/arm-none-eabi/8.3.1/../../../../arm-none-eabi/lib/thumb/v6-m/nofp\libcr_semihost_nf.a
LOAD c:/nxp/mcuxpressoide_11.1.0_3209/ide/plugins/com.nxp.mcuxpresso.tools.win32_11.1.0.201909161352/tools/bin/../lib/gcc/arm-none-eabi/8.3.1/../../../../arm-none-eabi/lib/thumb/v6-m/nofp\libcr_c.a
LOAD c:/nxp/mcuxpressoide_11.1.0_3209/ide/plugins/com.nxp.mcuxpresso.tools.win32_11.1.0.201909161352/tools/bin/../lib/gcc/arm-none-eabi/8.3.1/thumb/v6-m/nofp\libcr_eabihelpers.a
LOAD c:/nxp/mcuxpressoide_11.1.0_3209/ide/plugins/com.nxp.mcuxpresso.tools.win32_11.1.0.201909161352/tools/bin/../lib/gcc/arm-none-eabi/8.3.1/thumb/v6-m/nofp\libgcc.a
END GROUP
                0x00000000                __base_PROGRAM_FLASH = 0x0
                0x00000000                __base_Flash = 0x0
                0x00020000                __top_PROGRAM_FLASH = 0x20000
                0x00020000                __top_Flash = 0x20000
                0x1ffff000                __base_SRAM = 0x1ffff000
                0x1ffff000                __base_RAM = 0x1ffff000
                0x20003000                __top_SRAM = 0x20003000
                0x20003000                __top_RAM = 0x20003000

.text           0x00000000     0x9438
 FILL mask 0xff
                0x00000000                __vectors_start__ = ABSOLUTE (.)
 *(SORT_BY_ALIGNMENT(.isr_vector))
 .isr_vector    0x00000000       0xc0 ./startup/startup_mkl25z4.o
                0x00000000                g_pfnVectors
                0x00000000                __Vectors
                0x000000c0                . = ALIGN (0x4)
                0x000000c0                __section_table_start = .
                0x000000c0                __data_section_table = .
                0x000000c0        0x4 LONG 0x9438 LOADADDR (.data)
                0x000000c4        0x4 LONG 0x1ffff080 ADDR (.data)
                0x000000c8        0x4 LONG 0x10 SIZEOF (.data)
                0x000000cc                __data_section_table_end = .
                0x000000cc                __bss_section_table = .
                0x000000cc        0x4 LONG 0x1ffff090 ADDR (.bss)
                0x000000d0        0x4 LONG 0x2da4 SIZEOF (.bss)
                0x000000d4                __bss_section_table_end = .
                0x000000d4                __section_table_end = .
 *(SORT_BY_ALIGNMENT(.after_vectors*))
 .after_vectors.reset
                0x000000d4       0x4c ./startup/startup_mkl25z4.o
                0x000000d4                ResetISR
 .after_vectors.init_data
                0x00000120       0x12 ./startup/startup_mkl25z4.o
                0x00000120                data_init
 .after_vectors.init_bss
                0x00000132       0x10 ./startup/startup_mkl25z4.o
                0x00000132                bss_init
 .after_vectors
                0x00000142      0x10c ./startup/startup_mkl25z4.o
                0x00000142                NMI_Handler
                0x0000014c                I2C0_DriverIRQHandler
                0x0000014c                SPI1_DriverIRQHandler
                0x0000014c                LPTMR0_DriverIRQHandler
                0x0000014c                Reserved39_DriverIRQHandler
                0x0000014c                PIT_DriverIRQHandler
                0x0000014c                PORTD_DriverIRQHandler
                0x0000014c                CMP0_DriverIRQHandler
                0x0000014c                ADC0_DriverIRQHandler
                0x0000014c                TPM2_DriverIRQHandler
                0x0000014c                SPI0_DriverIRQHandler
                0x0000014c                I2C1_DriverIRQHandler
                0x0000014c                TSI0_DriverIRQHandler
                0x0000014c                RTC_Seconds_DriverIRQHandler
                0x0000014c                RTC_DriverIRQHandler
                0x0000014c                TPM1_DriverIRQHandler
                0x0000014c                LLWU_DriverIRQHandler
                0x0000014c                MCG_DriverIRQHandler
                0x0000014c                PORTA_DriverIRQHandler
                0x0000014c                Reserved45_DriverIRQHandler
                0x0000014c                FTFA_DriverIRQHandler
                0x0000014c                IntDefaultHandler
                0x0000014c                USB0_DriverIRQHandler
                0x0000014c                DAC0_DriverIRQHandler
                0x0000014c                Reserved20_DriverIRQHandler
                0x0000014c                LVD_LVW_DriverIRQHandler
                0x0000014c                TPM0_DriverIRQHandler
                0x0000014e                DMA0_IRQHandler
                0x00000156                DMA1_IRQHandler
                0x0000015e                DMA2_IRQHandler
                0x00000166                DMA3_IRQHandler
                0x0000016e                Reserved20_IRQHandler
                0x00000176                FTFA_IRQHandler
                0x0000017e                LVD_LVW_IRQHandler
                0x00000186                LLWU_IRQHandler
                0x0000018e                I2C0_IRQHandler
                0x00000196                I2C1_IRQHandler
                0x0000019e                SPI0_IRQHandler
                0x000001a6                SPI1_IRQHandler
                0x000001ae                UART0_IRQHandler
                0x000001b6                UART1_IRQHandler
                0x000001be                UART2_IRQHandler
                0x000001ce                CMP0_IRQHandler
                0x000001d6                TPM0_IRQHandler
                0x000001de                TPM1_IRQHandler
                0x000001e6                TPM2_IRQHandler
                0x000001ee                RTC_IRQHandler
                0x000001f6                RTC_Seconds_IRQHandler
                0x000001fe                PIT_IRQHandler
                0x00000206                Reserved39_IRQHandler
                0x0000020e                USB0_IRQHandler
                0x00000216                DAC0_IRQHandler
                0x0000021e                TSI0_IRQHandler
                0x00000226                MCG_IRQHandler
                0x0000022e                LPTMR0_IRQHandler
                0x00000236                Reserved45_IRQHandler
                0x0000023e                PORTA_IRQHandler
                0x00000246                PORTD_IRQHandler
                0x00000400                . = 0x400
 *fill*         0x0000024e      0x1b2 ff
                0x00000400                PROVIDE (__FLASH_CONFIG_START__ = .)
 *(SORT_BY_ALIGNMENT(.FlashConfig))
 .FlashConfig   0x00000400       0x10 ./startup/startup_mkl25z4.o
                0x00000400                Flash_Config
                0x00000410                PROVIDE (__FLASH_CONFIG_END__ = .)
                0x00000001                ASSERT (! ((__FLASH_CONFIG_START__ == __FLASH_CONFIG_END__)), Linker Flash Config Support Enabled, but no .FlashConfig section provided within application)
 *(SORT_BY_ALIGNMENT(.text*))
 .text.vPortStartFirstTask
                0x00000410       0x38 ./freertos/port.o
 *fill*         0x00000448        0x8 ff
 .text.PendSV_Handler
                0x00000450       0x48 ./freertos/port.o
                0x00000450                PendSV_Handler
 .text.DbgConsole_Init
                0x00000498       0xf0 ./utilities/fsl_debug_console.o
                0x00000498                DbgConsole_Init
 .text.__sys_write
                0x00000588       0x58 ./utilities/fsl_debug_console.o
                0x00000588                __sys_write
 .text.LED_init
                0x000005e0       0xd0 ./source/LED_control.o
                0x000005e0                LED_init
 .text.LED_on   0x000006b0       0x74 ./source/LED_control.o
                0x000006b0                LED_on
 .text.LED_off  0x00000724       0x74 ./source/LED_control.o
                0x00000724                LED_off
 .text.LED_toggle
                0x00000798       0x74 ./source/LED_control.o
                0x00000798                LED_toggle
 .text.NVIC_EnableIRQ
                0x0000080c       0x2c ./source/Program2.o
 .text.ADC16_GetChannelConversionValue
                0x00000838       0x30 ./source/Program2.o
 .text.DMA_StartTransfer
                0x00000868       0x54 ./source/Program2.o
 .text.DMAMUX_EnableChannel
                0x000008bc       0x40 ./source/Program2.o
 .text.DMAMUX_SetSource
                0x000008fc       0x50 ./source/Program2.o
 .text.InitDAC  0x0000094c       0x30 ./source/Program2.o
 .text.InitADC  0x0000097c       0x6c ./source/Program2.o
 .text.InitDMA  0x000009e8       0x2c ./source/Program2.o
 .text.Define_SineTable
                0x00000a14       0xcc ./source/Program2.o
                0x00000a14                Define_SineTable
 .text.ADC0_IRQHandler
                0x00000ae0       0x30 ./source/Program2.o
                0x00000ae0                ADC0_IRQHandler
 .text.DMA_Callback
                0x00000b10       0x20 ./source/Program2.o
                0x00000b10                DMA_Callback
 .text.main     0x00000b30      0x164 ./source/Program2.o
                0x00000b30                main
 .text.LEDgive_task
                0x00000c94       0x38 ./source/Program2.o
 .text.DAC_task
                0x00000ccc       0x70 ./source/Program2.o
 .text.ADCstart_task
                0x00000d3c       0x30 ./source/Program2.o
 .text.ADCread_task
                0x00000d6c       0xec ./source/Program2.o
 .text.DSP_task
                0x00000e58      0x2b0 ./source/Program2.o
 .text.SwTimerCallback
                0x00001108       0x40 ./source/Program2.o
 .text.HardFault_Handler
                0x00001148       0x30 ./source/semihost_hardfault.o
                0x00001148                HardFault_Handler
 .text.prvSetupTimerInterrupt
                0x00001178       0x40 ./freertos/fsl_tickless_lptmr.o
                0x00001178                prvSetupTimerInterrupt
 .text.pvPortMalloc
                0x000011b8      0x14c ./freertos/heap_4.o
                0x000011b8                pvPortMalloc
 .text.vPortFree
                0x00001304       0x90 ./freertos/heap_4.o
                0x00001304                vPortFree
 .text.prvHeapInit
                0x00001394       0xc0 ./freertos/heap_4.o
 .text.prvInsertBlockIntoFreeList
                0x00001454       0xb0 ./freertos/heap_4.o
 .text.pxPortInitialiseStack
                0x00001504       0x54 ./freertos/port.o
                0x00001504                pxPortInitialiseStack
 .text.prvTaskExitError
                0x00001558       0x18 ./freertos/port.o
 .text.xPortStartScheduler
                0x00001570       0x44 ./freertos/port.o
                0x00001570                xPortStartScheduler
 .text.vPortEndScheduler
                0x000015b4       0x20 ./freertos/port.o
                0x000015b4                vPortEndScheduler
 .text.vPortYield
                0x000015d4       0x20 ./freertos/port.o
                0x000015d4                vPortYield
 .text.vPortEnterCritical
                0x000015f4       0x24 ./freertos/port.o
                0x000015f4                vPortEnterCritical
 .text.vPortExitCritical
                0x00001618       0x30 ./freertos/port.o
                0x00001618                vPortExitCritical
 .text.SysTick_Handler
                0x00001648       0x34 ./freertos/port.o
                0x00001648                SysTick_Handler
 .text.vQueueAddToRegistry
                0x0000167c       0x50 ./freertos/queue.o
                0x0000167c                vQueueAddToRegistry
 .text.prvInitialiseNewTask
                0x000016cc      0x120 ./freertos/tasks.o
 .text.prvAddNewTaskToReadyList
                0x000017ec       0xd0 ./freertos/tasks.o
 .text.vTaskDelay
                0x000018bc       0x4c ./freertos/tasks.o
                0x000018bc                vTaskDelay
 .text.vTaskSuspend
                0x00001908       0xb8 ./freertos/tasks.o
                0x00001908                vTaskSuspend
 .text.prvTaskIsTaskSuspended
                0x000019c0       0x60 ./freertos/tasks.o
 .text.vTaskResume
                0x00001a20       0x9c ./freertos/tasks.o
                0x00001a20                vTaskResume
 .text.xTaskResumeFromISR
                0x00001abc       0xbc ./freertos/tasks.o
                0x00001abc                xTaskResumeFromISR
 .text.vTaskStartScheduler
                0x00001b78       0x78 ./freertos/tasks.o
                0x00001b78                vTaskStartScheduler
 .text.vTaskEndScheduler
                0x00001bf0       0x1c ./freertos/tasks.o
                0x00001bf0                vTaskEndScheduler
 .text.vTaskSuspendAll
                0x00001c0c       0x18 ./freertos/tasks.o
                0x00001c0c                vTaskSuspendAll
 .text.xTaskResumeAll
                0x00001c24      0x118 ./freertos/tasks.o
                0x00001c24                xTaskResumeAll
 .text.xTaskGetTickCount
                0x00001d3c       0x1c ./freertos/tasks.o
                0x00001d3c                xTaskGetTickCount
 .text.xTaskIncrementTick
                0x00001d58      0x14c ./freertos/tasks.o
                0x00001d58                xTaskIncrementTick
 .text.vTaskSwitchContext
                0x00001ea4       0xa4 ./freertos/tasks.o
                0x00001ea4                vTaskSwitchContext
 .text.vTaskPlaceOnEventList
                0x00001f48       0x3c ./freertos/tasks.o
                0x00001f48                vTaskPlaceOnEventList
 .text.vTaskPlaceOnEventListRestricted
                0x00001f84       0x4c ./freertos/tasks.o
                0x00001f84                vTaskPlaceOnEventListRestricted
 .text.xTaskRemoveFromEventList
                0x00001fd0       0xb8 ./freertos/tasks.o
                0x00001fd0                xTaskRemoveFromEventList
 .text.vTaskSetTimeOutState
                0x00002088       0x34 ./freertos/tasks.o
                0x00002088                vTaskSetTimeOutState
 .text.xTaskCheckForTimeOut
                0x000020bc       0x9c ./freertos/tasks.o
                0x000020bc                xTaskCheckForTimeOut
 .text.vTaskMissedYield
                0x00002158       0x14 ./freertos/tasks.o
                0x00002158                vTaskMissedYield
 .text.prvIdleTask
                0x0000216c       0x20 ./freertos/tasks.o
 .text.prvInitialiseTaskLists
                0x0000218c       0x88 ./freertos/tasks.o
 .text.prvCheckTasksWaitingTermination
                0x00002214       0x74 ./freertos/tasks.o
 .text.prvResetNextTaskUnblockTime
                0x00002288       0x48 ./freertos/tasks.o
 .text.xTaskGetSchedulerState
                0x000022d0       0x38 ./freertos/tasks.o
                0x000022d0                xTaskGetSchedulerState
 .text.vTaskPriorityInherit
                0x00002308       0xbc ./freertos/tasks.o
                0x00002308                vTaskPriorityInherit
 .text.xTaskPriorityDisinherit
                0x000023c4       0xb8 ./freertos/tasks.o
                0x000023c4                xTaskPriorityDisinherit
 .text.pvTaskIncrementMutexHeldCount
                0x0000247c       0x24 ./freertos/tasks.o
                0x0000247c                pvTaskIncrementMutexHeldCount
 .text.xTaskGenericNotify
                0x000024a0      0x118 ./freertos/tasks.o
                0x000024a0                xTaskGenericNotify
 .text.xTaskGenericNotifyFromISR
                0x000025b8      0x154 ./freertos/tasks.o
                0x000025b8                xTaskGenericNotifyFromISR
 .text.prvAddCurrentTaskToDelayedList
                0x0000270c       0xa8 ./freertos/tasks.o
 .text.xTimerCreateTimerTask
                0x000027b4       0x54 ./freertos/timers.o
                0x000027b4                xTimerCreateTimerTask
 .text.xTimerGenericCommand
                0x00002808       0x94 ./freertos/timers.o
                0x00002808                xTimerGenericCommand
 .text.prvProcessExpiredTimer
                0x0000289c       0x70 ./freertos/timers.o
 .text.prvProcessTimerOrBlockTask
                0x0000290c       0x8c ./freertos/timers.o
 .text.prvGetNextExpireTime
                0x00002998       0x40 ./freertos/timers.o
 .text.prvSampleTimeNow
                0x000029d8       0x40 ./freertos/timers.o
 .text.prvInsertTimerInActiveList
                0x00002a18       0x84 ./freertos/timers.o
 .text.prvProcessReceivedCommands
                0x00002a9c      0x124 ./freertos/timers.o
 .text.prvSwitchTimerLists
                0x00002bc0       0xb4 ./freertos/timers.o
 .text.prvCheckForValidListAndQueue
                0x00002c74       0x74 ./freertos/timers.o
 .text.CLOCK_EnableClock
                0x00002ce8       0x34 ./drivers/fsl_adc16.o
 .text.ADC16_GetInstance
                0x00002d1c       0x48 ./drivers/fsl_adc16.o
 .text.ADC16_Init
                0x00002d64      0x114 ./drivers/fsl_adc16.o
                0x00002d64                ADC16_Init
 .text.ADC16_GetDefaultConfig
                0x00002e78       0x58 ./drivers/fsl_adc16.o
                0x00002e78                ADC16_GetDefaultConfig
 .text.ADC16_SetChannelConfig
                0x00002ed0       0x6c ./drivers/fsl_adc16.o
                0x00002ed0                ADC16_SetChannelConfig
 .text.ADC16_GetChannelStatusFlags
                0x00002f3c       0x40 ./drivers/fsl_adc16.o
                0x00002f3c                ADC16_GetChannelStatusFlags
 .text.CLOCK_SetEr32kClock
                0x00002f7c       0x34 ./drivers/fsl_clock.o
 .text.CLOCK_SetPllFllSelClock
                0x00002fb0       0x38 ./drivers/fsl_clock.o
 .text.CLOCK_GetMcgExtClkFreq
                0x00002fe8       0x28 ./drivers/fsl_clock.o
 .text.CLOCK_GetFllExtRefClkFreq
                0x00003010       0xa4 ./drivers/fsl_clock.o
 .text.CLOCK_GetFllRefClkFreq
                0x000030b4       0x2c ./drivers/fsl_clock.o
 .text.CLOCK_GetOscRangeFromFreq
                0x000030e0       0x4c ./drivers/fsl_clock.o
 .text.CLOCK_GetPllFllSelClkFreq
                0x0000312c       0x4c ./drivers/fsl_clock.o
                0x0000312c                CLOCK_GetPllFllSelClkFreq
 .text.CLOCK_SetSimConfig
                0x00003178       0x38 ./drivers/fsl_clock.o
                0x00003178                CLOCK_SetSimConfig
 .text.CLOCK_GetFllFreq
                0x000031b0       0x84 ./drivers/fsl_clock.o
                0x000031b0                CLOCK_GetFllFreq
 .text.CLOCK_GetPll0Freq
                0x00003234       0x70 ./drivers/fsl_clock.o
                0x00003234                CLOCK_GetPll0Freq
 .text.CLOCK_SetInternalRefClkConfig
                0x000032a4      0x124 ./drivers/fsl_clock.o
                0x000032a4                CLOCK_SetInternalRefClkConfig
 .text.CLOCK_EnablePll0
                0x000033c8       0x90 ./drivers/fsl_clock.o
                0x000033c8                CLOCK_EnablePll0
 .text.CLOCK_InitOsc0
                0x00003458       0x94 ./drivers/fsl_clock.o
                0x00003458                CLOCK_InitOsc0
 .text.CLOCK_SetPbeMode
                0x000034ec       0xb0 ./drivers/fsl_clock.o
                0x000034ec                CLOCK_SetPbeMode
 .text.CLOCK_BootToPeeMode
                0x0000359c       0x70 ./drivers/fsl_clock.o
                0x0000359c                CLOCK_BootToPeeMode
 .text.CLOCK_EnableClock
                0x0000360c       0x34 ./drivers/fsl_dac.o
 .text.DAC_GetInstance
                0x00003640       0x48 ./drivers/fsl_dac.o
 .text.DAC_Init
                0x00003688       0x80 ./drivers/fsl_dac.o
                0x00003688                DAC_Init
 .text.DAC_GetDefaultConfig
                0x00003708       0x30 ./drivers/fsl_dac.o
                0x00003708                DAC_GetDefaultConfig
 .text.DAC_SetBufferValue
                0x00003738       0x64 ./drivers/fsl_dac.o
                0x00003738                DAC_SetBufferValue
 .text.NVIC_EnableIRQ
                0x0000379c       0x2c ./drivers/fsl_dma.o
 .text.CLOCK_EnableClock
                0x000037c8       0x34 ./drivers/fsl_dma.o
 .text.DMA_EnableInterrupts
                0x000037fc       0x4c ./drivers/fsl_dma.o
 .text.DMA_ClearChannelStatusFlags
                0x00003848       0x54 ./drivers/fsl_dma.o
 .text.DMA_GetInstance
                0x0000389c       0x48 ./drivers/fsl_dma.o
 .text.DMA_Init
                0x000038e4       0x24 ./drivers/fsl_dma.o
                0x000038e4                DMA_Init
 .text.DMA_ResetChannel
                0x00003908       0x90 ./drivers/fsl_dma.o
                0x00003908                DMA_ResetChannel
 .text.DMA_SetTransferConfig
                0x00003998       0xdc ./drivers/fsl_dma.o
                0x00003998                DMA_SetTransferConfig
 .text.DMA_CreateHandle
                0x00003a74       0x90 ./drivers/fsl_dma.o
                0x00003a74                DMA_CreateHandle
 .text.DMA_PrepareTransfer
                0x00003b04      0x130 ./drivers/fsl_dma.o
                0x00003b04                DMA_PrepareTransfer
 .text.DMA_SetCallback
                0x00003c34       0x34 ./drivers/fsl_dma.o
                0x00003c34                DMA_SetCallback
 .text.DMA_SubmitTransfer
                0x00003c68       0x9c ./drivers/fsl_dma.o
                0x00003c68                DMA_SubmitTransfer
 .text.DMA_HandleIRQ
                0x00003d04       0x4c ./drivers/fsl_dma.o
                0x00003d04                DMA_HandleIRQ
 .text.DMA0_DriverIRQHandler
                0x00003d50       0x18 ./drivers/fsl_dma.o
                0x00003d50                DMA0_DriverIRQHandler
 .text.DMA1_DriverIRQHandler
                0x00003d68       0x18 ./drivers/fsl_dma.o
                0x00003d68                DMA1_DriverIRQHandler
 .text.DMA2_DriverIRQHandler
                0x00003d80       0x18 ./drivers/fsl_dma.o
                0x00003d80                DMA2_DriverIRQHandler
 .text.DMA3_DriverIRQHandler
                0x00003d98       0x18 ./drivers/fsl_dma.o
                0x00003d98                DMA3_DriverIRQHandler
 .text.CLOCK_EnableClock
                0x00003db0       0x34 ./drivers/fsl_dmamux.o
 .text.DMAMUX_GetInstance
                0x00003de4       0x48 ./drivers/fsl_dmamux.o
 .text.DMAMUX_Init
                0x00003e2c       0x24 ./drivers/fsl_dmamux.o
                0x00003e2c                DMAMUX_Init
 .text.CLOCK_EnableClock
                0x00003e50       0x34 ./drivers/fsl_lpsci.o
 .text.LPSCI_GetInstance
                0x00003e84       0x48 ./drivers/fsl_lpsci.o
                0x00003e84                LPSCI_GetInstance
 .text.LPSCI_Init
                0x00003ecc      0x258 ./drivers/fsl_lpsci.o
                0x00003ecc                LPSCI_Init
 .text.LPSCI_GetDefaultConfig
                0x00004124       0x44 ./drivers/fsl_lpsci.o
                0x00004124                LPSCI_GetDefaultConfig
 .text.LPSCI_ClearStatusFlags
                0x00004168       0x94 ./drivers/fsl_lpsci.o
                0x00004168                LPSCI_ClearStatusFlags
 .text.LPSCI_WriteBlocking
                0x000041fc       0x4c ./drivers/fsl_lpsci.o
                0x000041fc                LPSCI_WriteBlocking
 .text.LPSCI_ReadBlocking
                0x00004248       0xc0 ./drivers/fsl_lpsci.o
                0x00004248                LPSCI_ReadBlocking
 .text.UART0_DriverIRQHandler
                0x00004308       0x24 ./drivers/fsl_lpsci.o
                0x00004308                UART0_DriverIRQHandler
 .text.CLOCK_EnableClock
                0x0000432c       0x34 ./drivers/fsl_uart.o
 .text.UART_GetInstance
                0x00004360       0x54 ./drivers/fsl_uart.o
                0x00004360                UART_GetInstance
 .text.UART_Init
                0x000043b4      0x1e0 ./drivers/fsl_uart.o
                0x000043b4                UART_Init
 .text.UART_GetDefaultConfig
                0x00004594       0x44 ./drivers/fsl_uart.o
                0x00004594                UART_GetDefaultConfig
 .text.UART_ReadBlocking
                0x000045d8       0x98 ./drivers/fsl_uart.o
                0x000045d8                UART_ReadBlocking
 .text.UART1_DriverIRQHandler
                0x00004670       0x24 ./drivers/fsl_uart.o
                0x00004670                UART1_DriverIRQHandler
 .text.UART2_DriverIRQHandler
                0x00004694       0x24 ./drivers/fsl_uart.o
                0x00004694                UART2_DriverIRQHandler
 .text.CLOCK_SetLpsci0Clock
                0x000046b8       0x38 ./board/board.o
 .text.BOARD_InitDebugConsole
                0x000046f0       0x30 ./board/board.o
                0x000046f0                BOARD_InitDebugConsole
 .text.CLOCK_SetSimSafeDivs
                0x00004720       0x20 ./board/clock_config.o
 .text.CLOCK_SetXtal0Freq
                0x00004740       0x1c ./board/clock_config.o
 .text.CLOCK_CONFIG_SetFllExtRefDiv
                0x0000475c       0x3c ./board/clock_config.o
 .text.BOARD_BootClockRUN
                0x00004798       0x64 ./board/clock_config.o
                0x00004798                BOARD_BootClockRUN
 .text.CLOCK_EnableClock
                0x000047fc       0x34 ./board/pin_mux.o
 .text.PORT_SetPinMux
                0x00004830       0x40 ./board/pin_mux.o
 .text.BOARD_InitPins
                0x00004870       0x4c ./board/pin_mux.o
                0x00004870                BOARD_InitPins
 .text.SystemInit
                0x000048bc       0x18 ./CMSIS/system_MKL25Z4.o
                0x000048bc                SystemInit
 .text.SystemCoreClockUpdate
                0x000048d4      0x238 ./CMSIS/system_MKL25Z4.o
                0x000048d4                SystemCoreClockUpdate
 .text.__assertion_failed
                0x00004b0c       0x4c c:/nxp/mcuxpressoide_11.1.0_3209/ide/plugins/com.nxp.mcuxpresso.tools.win32_11.1.0.201909161352/tools/bin/../lib/gcc/arm-none-eabi/8.3.1/../../../../arm-none-eabi/lib/thumb/v6-m/nofp\libcr_semihost_nf.a(_cr_assert.o)
                0x00004b0c                __assertion_failed
 .text.__sys_appexit
                0x00004b58        0xc c:/nxp/mcuxpressoide_11.1.0_3209/ide/plugins/com.nxp.mcuxpresso.tools.win32_11.1.0.201909161352/tools/bin/../lib/gcc/arm-none-eabi/8.3.1/../../../../arm-none-eabi/lib/thumb/v6-m/nofp\libcr_semihost_nf.a(__sys_appexit.o)
                0x00004b58                __sys_appexit
                0x00004b58                __exit
 .text._deferredlazyseek
                0x00004b64       0x40 c:/nxp/mcuxpressoide_11.1.0_3209/ide/plugins/com.nxp.mcuxpresso.tools.win32_11.1.0.201909161352/tools/bin/../lib/gcc/arm-none-eabi/8.3.1/../../../../arm-none-eabi/lib/thumb/v6-m/nofp\libcr_c.a(_deferredlazyseek.o)
                0x00004b64                _deferredlazyseek
 .text.__flsbuf
                0x00004ba4      0x14c c:/nxp/mcuxpressoide_11.1.0_3209/ide/plugins/com.nxp.mcuxpresso.tools.win32_11.1.0.201909161352/tools/bin/../lib/gcc/arm-none-eabi/8.3.1/../../../../arm-none-eabi/lib/thumb/v6-m/nofp\libcr_c.a(_deferredlazyseek.o)
                0x00004ba4                __flsbuf
 .text._fflush  0x00004cf0       0x5c c:/nxp/mcuxpressoide_11.1.0_3209/ide/plugins/com.nxp.mcuxpresso.tools.win32_11.1.0.201909161352/tools/bin/../lib/gcc/arm-none-eabi/8.3.1/../../../../arm-none-eabi/lib/thumb/v6-m/nofp\libcr_c.a(_fflush.o)
                0x00004cf0                _fflush
 .text._Cwritebuf
                0x00004d4c       0x68 c:/nxp/mcuxpressoide_11.1.0_3209/ide/plugins/com.nxp.mcuxpresso.tools.win32_11.1.0.201909161352/tools/bin/../lib/gcc/arm-none-eabi/8.3.1/../../../../arm-none-eabi/lib/thumb/v6-m/nofp\libcr_c.a(_writebuf.o)
                0x00004d4c                _Cwritebuf
 .text.malloc   0x00004db4       0xcc c:/nxp/mcuxpressoide_11.1.0_3209/ide/plugins/com.nxp.mcuxpresso.tools.win32_11.1.0.201909161352/tools/bin/../lib/gcc/arm-none-eabi/8.3.1/../../../../arm-none-eabi/lib/thumb/v6-m/nofp\libcr_c.a(alloc.o)
                0x00004db4                malloc
 .text._Csys_alloc
                0x00004e80       0x20 c:/nxp/mcuxpressoide_11.1.0_3209/ide/plugins/com.nxp.mcuxpresso.tools.win32_11.1.0.201909161352/tools/bin/../lib/gcc/arm-none-eabi/8.3.1/../../../../arm-none-eabi/lib/thumb/v6-m/nofp\libcr_c.a(alloc.o)
                0x00004e80                _Csys_alloc
 .text.sprintf  0x00004ea0       0x6c c:/nxp/mcuxpressoide_11.1.0_3209/ide/plugins/com.nxp.mcuxpresso.tools.win32_11.1.0.201909161352/tools/bin/../lib/gcc/arm-none-eabi/8.3.1/../../../../arm-none-eabi/lib/thumb/v6-m/nofp\libcr_c.a(fpprintf.o)
                0x00004ea0                sprintf
 .text.fp_display
                0x00004f0c      0x964 c:/nxp/mcuxpressoide_11.1.0_3209/ide/plugins/com.nxp.mcuxpresso.tools.win32_11.1.0.201909161352/tools/bin/../lib/gcc/arm-none-eabi/8.3.1/../../../../arm-none-eabi/lib/thumb/v6-m/nofp\libcr_c.a(fpprintf.o)
 .text.vsnprintf
                0x00005870       0x70 c:/nxp/mcuxpressoide_11.1.0_3209/ide/plugins/com.nxp.mcuxpresso.tools.win32_11.1.0.201909161352/tools/bin/../lib/gcc/arm-none-eabi/8.3.1/../../../../arm-none-eabi/lib/thumb/v6-m/nofp\libcr_c.a(fpprintf.o)
                0x00005870                vsnprintf
 .text.printf   0x000058e0       0x50 c:/nxp/mcuxpressoide_11.1.0_3209/ide/plugins/com.nxp.mcuxpresso.tools.win32_11.1.0.201909161352/tools/bin/../lib/gcc/arm-none-eabi/8.3.1/../../../../arm-none-eabi/lib/thumb/v6-m/nofp\libcr_c.a(fpprintf.o)
                0x000058e0                printf
 .text.fseek    0x00005930       0xf0 c:/nxp/mcuxpressoide_11.1.0_3209/ide/plugins/com.nxp.mcuxpresso.tools.win32_11.1.0.201909161352/tools/bin/../lib/gcc/arm-none-eabi/8.3.1/../../../../arm-none-eabi/lib/thumb/v6-m/nofp\libcr_c.a(fseek.o)
                0x00005930                fseek
 .text.ftell    0x00005a20       0x48 c:/nxp/mcuxpressoide_11.1.0_3209/ide/plugins/com.nxp.mcuxpresso.tools.win32_11.1.0.201909161352/tools/bin/../lib/gcc/arm-none-eabi/8.3.1/../../../../arm-none-eabi/lib/thumb/v6-m/nofp\libcr_c.a(ftell.o)
                0x00005a20                ftell
 .text._initio  0x00005a68       0x7c c:/nxp/mcuxpressoide_11.1.0_3209/ide/plugins/com.nxp.mcuxpresso.tools.win32_11.1.0.201909161352/tools/bin/../lib/gcc/arm-none-eabi/8.3.1/../../../../arm-none-eabi/lib/thumb/v6-m/nofp\libcr_c.a(initio.o)
                0x00005a68                _initio
 .text.__vfprintf
                0x00005ae4      0xcd8 c:/nxp/mcuxpressoide_11.1.0_3209/ide/plugins/com.nxp.mcuxpresso.tools.win32_11.1.0.201909161352/tools/bin/../lib/gcc/arm-none-eabi/8.3.1/../../../../arm-none-eabi/lib/thumb/v6-m/nofp\libcr_c.a(printf.o)
                0x00005ae4                __vfprintf
 .text.setvbuf  0x000067bc       0x4c c:/nxp/mcuxpressoide_11.1.0_3209/ide/plugins/com.nxp.mcuxpresso.tools.win32_11.1.0.201909161352/tools/bin/../lib/gcc/arm-none-eabi/8.3.1/../../../../arm-none-eabi/lib/thumb/v6-m/nofp\libcr_c.a(setvbuf.o)
                0x000067bc                setvbuf
 .text.sqrt     0x00006808      0x13c c:/nxp/mcuxpressoide_11.1.0_3209/ide/plugins/com.nxp.mcuxpresso.tools.win32_11.1.0.201909161352/tools/bin/../lib/gcc/arm-none-eabi/8.3.1/../../../../arm-none-eabi/lib/thumb/v6-m/nofp\libcr_c.a(sqrt.o)
                0x00006808                sqrt
 .text.strlen   0x00006944       0x58 c:/nxp/mcuxpressoide_11.1.0_3209/ide/plugins/com.nxp.mcuxpresso.tools.win32_11.1.0.201909161352/tools/bin/../lib/gcc/arm-none-eabi/8.3.1/../../../../arm-none-eabi/lib/thumb/v6-m/nofp\libcr_c.a(strlen.o)
                0x00006944                strlen
 .text._sbrk    0x0000699c       0x40 c:/nxp/mcuxpressoide_11.1.0_3209/ide/plugins/com.nxp.mcuxpresso.tools.win32_11.1.0.201909161352/tools/bin/../lib/gcc/arm-none-eabi/8.3.1/../../../../arm-none-eabi/lib/thumb/v6-m/nofp\libcr_c.a(_cr_sbrk.o)
                0x0000699c                _sbrk
 .text._fdopen  0x000069dc       0x74 c:/nxp/mcuxpressoide_11.1.0_3209/ide/plugins/com.nxp.mcuxpresso.tools.win32_11.1.0.201909161352/tools/bin/../lib/gcc/arm-none-eabi/8.3.1/../../../../arm-none-eabi/lib/thumb/v6-m/nofp\libcr_c.a(_fdopen.o)
                0x000069dc                _fdopen
 .text._frexpl  0x00006a50       0x80 c:/nxp/mcuxpressoide_11.1.0_3209/ide/plugins/com.nxp.mcuxpresso.tools.win32_11.1.0.201909161352/tools/bin/../lib/gcc/arm-none-eabi/8.3.1/../../../../arm-none-eabi/lib/thumb/v6-m/nofp\libcr_c.a(_frexpl.o)
                0x00006a50                _frexpl
 .text._ldexpl  0x00006ad0       0x58 c:/nxp/mcuxpressoide_11.1.0_3209/ide/plugins/com.nxp.mcuxpresso.tools.win32_11.1.0.201909161352/tools/bin/../lib/gcc/arm-none-eabi/8.3.1/../../../../arm-none-eabi/lib/thumb/v6-m/nofp\libcr_c.a(_ldexpl.o)
                0x00006ad0                _ldexpl
 .text._sincos  0x00006b28      0x1dc c:/nxp/mcuxpressoide_11.1.0_3209/ide/plugins/com.nxp.mcuxpresso.tools.win32_11.1.0.201909161352/tools/bin/../lib/gcc/arm-none-eabi/8.3.1/../../../../arm-none-eabi/lib/thumb/v6-m/nofp\libcr_c.a(_sincos.o)
                0x00006b28                _sincos
 .text.fclose   0x00006d04       0x5c c:/nxp/mcuxpressoide_11.1.0_3209/ide/plugins/com.nxp.mcuxpresso.tools.win32_11.1.0.201909161352/tools/bin/../lib/gcc/arm-none-eabi/8.3.1/../../../../arm-none-eabi/lib/thumb/v6-m/nofp\libcr_c.a(fclose.o)
                0x00006d04                fclose
 .text.fflush   0x00006d60       0x44 c:/nxp/mcuxpressoide_11.1.0_3209/ide/plugins/com.nxp.mcuxpresso.tools.win32_11.1.0.201909161352/tools/bin/../lib/gcc/arm-none-eabi/8.3.1/../../../../arm-none-eabi/lib/thumb/v6-m/nofp\libcr_c.a(fflush.o)
                0x00006d60                fflush
 .text.__check_heap_overflow
                0x00006da4       0x14 c:/nxp/mcuxpressoide_11.1.0_3209/ide/plugins/com.nxp.mcuxpresso.tools.win32_11.1.0.201909161352/tools/bin/../lib/gcc/arm-none-eabi/8.3.1/../../../../arm-none-eabi/lib/thumb/v6-m/nofp\libcr_c.a(_cr_check_heap.o)
                0x00006da4                __check_heap_overflow
 .text._do_fflush
                0x00006db8       0x44 c:/nxp/mcuxpressoide_11.1.0_3209/ide/plugins/com.nxp.mcuxpresso.tools.win32_11.1.0.201909161352/tools/bin/../lib/gcc/arm-none-eabi/8.3.1/../../../../arm-none-eabi/lib/thumb/v6-m/nofp\libcr_c.a(_do_fflush.o)
                0x00006db8                _do_fflush
 .text.__aeabi_dmul
                0x00006dfc      0x188 c:/nxp/mcuxpressoide_11.1.0_3209/ide/plugins/com.nxp.mcuxpresso.tools.win32_11.1.0.201909161352/tools/bin/../lib/gcc/arm-none-eabi/8.3.1/thumb/v6-m/nofp\libcr_eabihelpers.a(double.o)
                0x00006dfc                __aeabi_dmul
 .text.__aeabi_ddiv
                0x00006f84      0x148 c:/nxp/mcuxpressoide_11.1.0_3209/ide/plugins/com.nxp.mcuxpresso.tools.win32_11.1.0.201909161352/tools/bin/../lib/gcc/arm-none-eabi/8.3.1/thumb/v6-m/nofp\libcr_eabihelpers.a(double.o)
                0x00006f84                __aeabi_ddiv
 .text.__aeabi_dsub
                0x000070cc      0x1c4 c:/nxp/mcuxpressoide_11.1.0_3209/ide/plugins/com.nxp.mcuxpresso.tools.win32_11.1.0.201909161352/tools/bin/../lib/gcc/arm-none-eabi/8.3.1/thumb/v6-m/nofp\libcr_eabihelpers.a(double.o)
                0x000070cc                __aeabi_dsub
 .text.__aeabi_dadd
                0x00007290      0x12c c:/nxp/mcuxpressoide_11.1.0_3209/ide/plugins/com.nxp.mcuxpresso.tools.win32_11.1.0.201909161352/tools/bin/../lib/gcc/arm-none-eabi/8.3.1/thumb/v6-m/nofp\libcr_eabihelpers.a(double.o)
                0x00007290                __aeabi_dadd
 .text.__aeabi_d2f
                0x000073bc       0x60 c:/nxp/mcuxpressoide_11.1.0_3209/ide/plugins/com.nxp.mcuxpresso.tools.win32_11.1.0.201909161352/tools/bin/../lib/gcc/arm-none-eabi/8.3.1/thumb/v6-m/nofp\libcr_eabihelpers.a(double.o)
                0x000073bc                __aeabi_d2f
 .text.__aeabi_d2iz
                0x0000741c       0x4c c:/nxp/mcuxpressoide_11.1.0_3209/ide/plugins/com.nxp.mcuxpresso.tools.win32_11.1.0.201909161352/tools/bin/../lib/gcc/arm-none-eabi/8.3.1/thumb/v6-m/nofp\libcr_eabihelpers.a(double.o)
                0x0000741c                __aeabi_d2iz
 .text.__aeabi_d2uiz
                0x00007468       0x34 c:/nxp/mcuxpressoide_11.1.0_3209/ide/plugins/com.nxp.mcuxpresso.tools.win32_11.1.0.201909161352/tools/bin/../lib/gcc/arm-none-eabi/8.3.1/thumb/v6-m/nofp\libcr_eabihelpers.a(double.o)
                0x00007468                __aeabi_d2uiz
 .text.__aeabi_dcmpeq
                0x0000749c       0x30 c:/nxp/mcuxpressoide_11.1.0_3209/ide/plugins/com.nxp.mcuxpresso.tools.win32_11.1.0.201909161352/tools/bin/../lib/gcc/arm-none-eabi/8.3.1/thumb/v6-m/nofp\libcr_eabihelpers.a(double.o)
                0x0000749c                __aeabi_dcmpeq
 .text.__aeabi_dcmplt
                0x000074cc       0x60 c:/nxp/mcuxpressoide_11.1.0_3209/ide/plugins/com.nxp.mcuxpresso.tools.win32_11.1.0.201909161352/tools/bin/../lib/gcc/arm-none-eabi/8.3.1/thumb/v6-m/nofp\libcr_eabihelpers.a(double.o)
                0x000074cc                __aeabi_dcmplt
 .text.__aeabi_dcmple
                0x0000752c       0x58 c:/nxp/mcuxpressoide_11.1.0_3209/ide/plugins/com.nxp.mcuxpresso.tools.win32_11.1.0.201909161352/tools/bin/../lib/gcc/arm-none-eabi/8.3.1/thumb/v6-m/nofp\libcr_eabihelpers.a(double.o)
                0x0000752c                __aeabi_dcmple
 .text.__aeabi_dcmpge
                0x00007584       0x60 c:/nxp/mcuxpressoide_11.1.0_3209/ide/plugins/com.nxp.mcuxpresso.tools.win32_11.1.0.201909161352/tools/bin/../lib/gcc/arm-none-eabi/8.3.1/thumb/v6-m/nofp\libcr_eabihelpers.a(double.o)
                0x00007584                __aeabi_dcmpge
 .text.__aeabi_f2d
                0x000075e4       0x3c c:/nxp/mcuxpressoide_11.1.0_3209/ide/plugins/com.nxp.mcuxpresso.tools.win32_11.1.0.201909161352/tools/bin/../lib/gcc/arm-none-eabi/8.3.1/thumb/v6-m/nofp\libcr_eabihelpers.a(float.o)
                0x000075e4                __aeabi_f2d
 .text.UART_EnableTx
                0x00007620       0x40 ./utilities/fsl_debug_console.o
 .text.UART_EnableRx
                0x00007660       0x40 ./utilities/fsl_debug_console.o
 .text.LPSCI_EnableTx
                0x000076a0       0x40 ./utilities/fsl_debug_console.o
 .text.LPSCI_EnableRx
                0x000076e0       0x40 ./utilities/fsl_debug_console.o
 .text.EnableIRQ
                0x00007720       0x2c ./source/Program2.o
 .text.DAC_Enable
                0x0000774c       0x4a ./source/Program2.o
 .text.ADC16_EnableHardwareTrigger
                0x00007796       0x3a ./source/Program2.o
 .text.vListInitialise
                0x000077d0       0x3c ./freertos/list.o
                0x000077d0                vListInitialise
 .text.vListInitialiseItem
                0x0000780c       0x16 ./freertos/list.o
                0x0000780c                vListInitialiseItem
 .text.vListInsertEnd
                0x00007822       0x44 ./freertos/list.o
                0x00007822                vListInsertEnd
 .text.vListInsert
                0x00007866       0x6c ./freertos/list.o
                0x00007866                vListInsert
 .text.uxListRemove
                0x000078d2       0x50 ./freertos/list.o
                0x000078d2                uxListRemove
 .text.SVC_Handler
                0x00007922        0xa ./freertos/port.o
                0x00007922                SVC_Handler
 .text.ulSetInterruptMaskFromISR
                0x0000792c        0xc ./freertos/port.o
                0x0000792c                ulSetInterruptMaskFromISR
 .text.vClearInterruptMaskFromISR
                0x00007938        0x8 ./freertos/port.o
                0x00007938                vClearInterruptMaskFromISR
 .text.xQueueGenericReset
                0x00007940       0xa8 ./freertos/queue.o
                0x00007940                xQueueGenericReset
 .text.xQueueGenericCreate
                0x000079e8       0x64 ./freertos/queue.o
                0x000079e8                xQueueGenericCreate
 .text.prvInitialiseNewQueue
                0x00007a4c       0x4e ./freertos/queue.o
 .text.xQueueGenericSend
                0x00007a9a      0x188 ./freertos/queue.o
                0x00007a9a                xQueueGenericSend
 .text.xQueueGenericSendFromISR
                0x00007c22       0xe2 ./freertos/queue.o
                0x00007c22                xQueueGenericSendFromISR
 .text.xQueueGenericReceive
                0x00007d04      0x1c8 ./freertos/queue.o
                0x00007d04                xQueueGenericReceive
 .text.prvCopyDataToQueue
                0x00007ecc       0xd6 ./freertos/queue.o
 .text.prvCopyDataFromQueue
                0x00007fa2       0x4c ./freertos/queue.o
 .text.prvUnlockQueue
                0x00007fee       0xbc ./freertos/queue.o
 .text.prvIsQueueEmpty
                0x000080aa       0x2c ./freertos/queue.o
 .text.prvIsQueueFull
                0x000080d6       0x30 ./freertos/queue.o
 .text.vQueueWaitForMessageRestricted
                0x00008106       0x66 ./freertos/queue.o
                0x00008106                vQueueWaitForMessageRestricted
 .text.xTaskCreate
                0x0000816c       0x90 ./freertos/tasks.o
                0x0000816c                xTaskCreate
 .text.prvDeleteTCB
                0x000081fc       0x22 ./freertos/tasks.o
 .text.xTimerCreate
                0x0000821e       0x3e ./freertos/timers.o
                0x0000821e                xTimerCreate
 .text.prvInitialiseNewTimer
                0x0000825c       0x52 ./freertos/timers.o
 .text.prvTimerTask
                0x000082ae       0x28 ./freertos/timers.o
 .text.ADC16_DoAutoCalibration
                0x000082d6      0x118 ./drivers/fsl_adc16.o
                0x000082d6                ADC16_DoAutoCalibration
 .text.ADC16_GetStatusFlags
                0x000083ee       0x3a ./drivers/fsl_adc16.o
                0x000083ee                ADC16_GetStatusFlags
 .text.OSC_SetExtRefClkConfig
                0x00008428       0x3e ./drivers/fsl_clock.o
 .text.OSC_SetCapLoad
                0x00008466       0x42 ./drivers/fsl_clock.o
 .text.CLOCK_GetPll0RefFreq
                0x000084a8       0x10 ./drivers/fsl_clock.o
 .text.CLOCK_SetExternalRefClkConfig
                0x000084b8       0x16 ./drivers/fsl_clock.o
                0x000084b8                CLOCK_SetExternalRefClkConfig
 .text.EnableIRQ
                0x000084ce       0x2c ./drivers/fsl_dma.o
 .text.LPSCI_GetStatusFlags
                0x000084fa       0x26 ./drivers/fsl_lpsci.o
                0x000084fa                LPSCI_GetStatusFlags
 .text.UART_GetStatusFlags
                0x00008520       0x26 ./drivers/fsl_uart.o
                0x00008520                UART_GetStatusFlags
 .text.UART_WriteBlocking
                0x00008546       0x3a ./drivers/fsl_uart.o
                0x00008546                UART_WriteBlocking
 .text.BOARD_InitBootClocks
                0x00008580        0xe ./board/clock_config.o
                0x00008580                BOARD_InitBootClocks
 .text.BOARD_InitBootPeripherals
                0x0000858e        0xa ./board/peripherals.o
                0x0000858e                BOARD_InitBootPeripherals
 .text.BOARD_InitBootPins
                0x00008598        0xe ./board/pin_mux.o
                0x00008598                BOARD_InitBootPins
 .text.__main   0x000085a6        0xc c:/nxp/mcuxpressoide_11.1.0_3209/ide/plugins/com.nxp.mcuxpresso.tools.win32_11.1.0.201909161352/tools/bin/../lib/gcc/arm-none-eabi/8.3.1/../../../../arm-none-eabi/lib/thumb/v6-m/nofp\libcr_semihost_nf.a(_cr__main.o)
                0x000085a6                __CR_SEMIHOST
                0x000085a6                __main
 .text.memcpy   0x000085b2        0x8 c:/nxp/mcuxpressoide_11.1.0_3209/ide/plugins/com.nxp.mcuxpresso.tools.win32_11.1.0.201909161352/tools/bin/../lib/gcc/arm-none-eabi/8.3.1/../../../../arm-none-eabi/lib/thumb/v6-m/nofp\libcr_c.a(memcpy.o)
                0x000085b2                memcpy
 .text.memset   0x000085ba        0x8 c:/nxp/mcuxpressoide_11.1.0_3209/ide/plugins/com.nxp.mcuxpresso.tools.win32_11.1.0.201909161352/tools/bin/../lib/gcc/arm-none-eabi/8.3.1/../../../../arm-none-eabi/lib/thumb/v6-m/nofp\libcr_c.a(memset.o)
                0x000085ba                memset
 .text.free     0x000085c2       0x2c c:/nxp/mcuxpressoide_11.1.0_3209/ide/plugins/com.nxp.mcuxpresso.tools.win32_11.1.0.201909161352/tools/bin/../lib/gcc/arm-none-eabi/8.3.1/../../../../arm-none-eabi/lib/thumb/v6-m/nofp\libcr_c.a(alloc.o)
                0x000085c2                free
 .text.fp_round
                0x000085ee       0x4a c:/nxp/mcuxpressoide_11.1.0_3209/ide/plugins/com.nxp.mcuxpresso.tools.win32_11.1.0.201909161352/tools/bin/../lib/gcc/arm-none-eabi/8.3.1/../../../../arm-none-eabi/lib/thumb/v6-m/nofp\libcr_c.a(fpprintf.o)
 .text.pr_dec.constprop.1
                0x00008638       0x30 c:/nxp/mcuxpressoide_11.1.0_3209/ide/plugins/com.nxp.mcuxpresso.tools.win32_11.1.0.201909161352/tools/bin/../lib/gcc/arm-none-eabi/8.3.1/../../../../arm-none-eabi/lib/thumb/v6-m/nofp\libcr_c.a(fpprintf.o)
 .text.fputs    0x00008668       0x2e c:/nxp/mcuxpressoide_11.1.0_3209/ide/plugins/com.nxp.mcuxpresso.tools.win32_11.1.0.201909161352/tools/bin/../lib/gcc/arm-none-eabi/8.3.1/../../../../arm-none-eabi/lib/thumb/v6-m/nofp\libcr_c.a(fputs.o)
                0x00008668                fputs
 .text.sin      0x00008696       0x36 c:/nxp/mcuxpressoide_11.1.0_3209/ide/plugins/com.nxp.mcuxpresso.tools.win32_11.1.0.201909161352/tools/bin/../lib/gcc/arm-none-eabi/8.3.1/../../../../arm-none-eabi/lib/thumb/v6-m/nofp\libcr_c.a(sin.o)
                0x00008696                sin
 .text.fabs     0x000086cc       0x22 c:/nxp/mcuxpressoide_11.1.0_3209/ide/plugins/com.nxp.mcuxpresso.tools.win32_11.1.0.201909161352/tools/bin/../lib/gcc/arm-none-eabi/8.3.1/../../../../arm-none-eabi/lib/thumb/v6-m/nofp\libcr_c.a(fabs.o)
                0x000086cc                fabs
 .text.remove   0x000086ee       0x12 c:/nxp/mcuxpressoide_11.1.0_3209/ide/plugins/com.nxp.mcuxpresso.tools.win32_11.1.0.201909161352/tools/bin/../lib/gcc/arm-none-eabi/8.3.1/../../../../arm-none-eabi/lib/thumb/v6-m/nofp\libcr_c.a(remove.o)
                0x000086ee                remove
 .text.__aeabi_division_idivmod
                0x00008700       0x78 c:/nxp/mcuxpressoide_11.1.0_3209/ide/plugins/com.nxp.mcuxpresso.tools.win32_11.1.0.201909161352/tools/bin/../lib/gcc/arm-none-eabi/8.3.1/thumb/v6-m/nofp\libcr_eabihelpers.a(division_32.o)
                0x00008700                __aeabi_idivmod
                0x00008700                __aeabi_idiv
                0x00008706                __aeabi_uidivmod
                0x00008706                __aeabi_uidiv
 .text.__aeabi_division_idiv0
                0x00008778        0x2 c:/nxp/mcuxpressoide_11.1.0_3209/ide/plugins/com.nxp.mcuxpresso.tools.win32_11.1.0.201909161352/tools/bin/../lib/gcc/arm-none-eabi/8.3.1/thumb/v6-m/nofp\libcr_eabihelpers.a(division_idiv0.o)
                0x00008778                __aeabi_idiv0
 .text.__bhs_ui2d
                0x0000877a       0x5e c:/nxp/mcuxpressoide_11.1.0_3209/ide/plugins/com.nxp.mcuxpresso.tools.win32_11.1.0.201909161352/tools/bin/../lib/gcc/arm-none-eabi/8.3.1/thumb/v6-m/nofp\libcr_eabihelpers.a(double.o)
                0x0000877a                __bhs_ui2d
 .text.__aeabi_i2d
                0x000087d8       0x18 c:/nxp/mcuxpressoide_11.1.0_3209/ide/plugins/com.nxp.mcuxpresso.tools.win32_11.1.0.201909161352/tools/bin/../lib/gcc/arm-none-eabi/8.3.1/thumb/v6-m/nofp\libcr_eabihelpers.a(double.o)
                0x000087d8                __aeabi_i2d
 .text.__aeabi_ui2d
                0x000087f0        0xc c:/nxp/mcuxpressoide_11.1.0_3209/ide/plugins/com.nxp.mcuxpresso.tools.win32_11.1.0.201909161352/tools/bin/../lib/gcc/arm-none-eabi/8.3.1/thumb/v6-m/nofp\libcr_eabihelpers.a(double.o)
                0x000087f0                __aeabi_ui2d
 .text.__aeabi_llong_lmul
                0x000087fc       0x2e c:/nxp/mcuxpressoide_11.1.0_3209/ide/plugins/com.nxp.mcuxpresso.tools.win32_11.1.0.201909161352/tools/bin/../lib/gcc/arm-none-eabi/8.3.1/thumb/v6-m/nofp\libcr_eabihelpers.a(llong.o)
                0x000087fc                __aeabi_lmul
 .text.__aeabi_memcpy
                0x0000882a       0x2c c:/nxp/mcuxpressoide_11.1.0_3209/ide/plugins/com.nxp.mcuxpresso.tools.win32_11.1.0.201909161352/tools/bin/../lib/gcc/arm-none-eabi/8.3.1/thumb/v6-m/nofp\libcr_eabihelpers.a(memcpy.o)
                0x0000882a                __aeabi_memcpy4
                0x0000882a                __aeabi_memcpy8
                0x0000882a                __aeabi_memcpy
 .text.__aeabi_memset_lowlevel
                0x00008856       0x2a c:/nxp/mcuxpressoide_11.1.0_3209/ide/plugins/com.nxp.mcuxpresso.tools.win32_11.1.0.201909161352/tools/bin/../lib/gcc/arm-none-eabi/8.3.1/thumb/v6-m/nofp\libcr_eabihelpers.a(memcpy.o)
                0x00008856                __aeabi_lowlevel_memset
 .text.__sys_close
                0x00008880        0xc c:/nxp/mcuxpressoide_11.1.0_3209/ide/plugins/com.nxp.mcuxpresso.tools.win32_11.1.0.201909161352/tools/bin/../lib/gcc/arm-none-eabi/8.3.1/../../../../arm-none-eabi/lib/thumb/v6-m/nofp\libcr_semihost_nf.a(__sys_close.o)
                0x00008880                __sys_close
 .text.__sys_flen
                0x0000888c        0xc c:/nxp/mcuxpressoide_11.1.0_3209/ide/plugins/com.nxp.mcuxpresso.tools.win32_11.1.0.201909161352/tools/bin/../lib/gcc/arm-none-eabi/8.3.1/../../../../arm-none-eabi/lib/thumb/v6-m/nofp\libcr_semihost_nf.a(__sys_flen.o)
                0x0000888c                __sys_flen
 .text.__sys_istty
                0x00008898        0xc c:/nxp/mcuxpressoide_11.1.0_3209/ide/plugins/com.nxp.mcuxpresso.tools.win32_11.1.0.201909161352/tools/bin/../lib/gcc/arm-none-eabi/8.3.1/../../../../arm-none-eabi/lib/thumb/v6-m/nofp\libcr_semihost_nf.a(__sys_istty.o)
                0x00008898                __sys_istty
 .text.__sys_remove
                0x000088a4        0xc c:/nxp/mcuxpressoide_11.1.0_3209/ide/plugins/com.nxp.mcuxpresso.tools.win32_11.1.0.201909161352/tools/bin/../lib/gcc/arm-none-eabi/8.3.1/../../../../arm-none-eabi/lib/thumb/v6-m/nofp\libcr_semihost_nf.a(__sys_remove.o)
                0x000088a4                __sys_remove
 .text.__sys_seek
                0x000088b0        0xc c:/nxp/mcuxpressoide_11.1.0_3209/ide/plugins/com.nxp.mcuxpresso.tools.win32_11.1.0.201909161352/tools/bin/../lib/gcc/arm-none-eabi/8.3.1/../../../../arm-none-eabi/lib/thumb/v6-m/nofp\libcr_semihost_nf.a(__sys_seek.o)
                0x000088b0                __sys_seek
 .text.__sys_tmpnam
                0x000088bc        0xc c:/nxp/mcuxpressoide_11.1.0_3209/ide/plugins/com.nxp.mcuxpresso.tools.win32_11.1.0.201909161352/tools/bin/../lib/gcc/arm-none-eabi/8.3.1/../../../../arm-none-eabi/lib/thumb/v6-m/nofp\libcr_semihost_nf.a(__sys_tmpnam.o)
                0x000088bc                __sys_tmpnam
 *freertos*/tasks.o(SORT_BY_ALIGNMENT(.rodata*))
 .rodata.vTaskStartScheduler.str1.4
                0x000088c8        0x5 ./freertos/tasks.o
 *fill*         0x000088cd        0x3 ff
 .rodata.xTaskGenericNotify
                0x000088d0       0x14 ./freertos/tasks.o
 .rodata.xTaskGenericNotifyFromISR
                0x000088e4       0x14 ./freertos/tasks.o
 *(SORT_BY_ALIGNMENT(.rodata) SORT_BY_ALIGNMENT(.rodata.*) SORT_BY_ALIGNMENT(.constdata) SORT_BY_ALIGNMENT(.constdata.*))
 .rodata.ADC16_GetChannelConversionValue.str1.4
                0x000088f8       0x83 ./source/Program2.o
 *fill*         0x0000897b        0x1 ff
 .rodata.DMA_StartTransfer.str1.4
                0x0000897c       0x75 ./source/Program2.o
 *fill*         0x000089f1        0x3 ff
 .rodata.DMAMUX_EnableChannel.str1.4
                0x000089f4       0x95 ./source/Program2.o
 *fill*         0x00008a89        0x3 ff
 .rodata.DMAMUX_SetSource.str1.4
                0x00008a8c       0x95 ./source/Program2.o
 *fill*         0x00008b21        0x3 ff
 .rodata.InitADC.str1.4
                0x00008b24       0x48 ./source/Program2.o
 .rodata.main.str1.4
                0x00008b6c       0x50 ./source/Program2.o
 .rodata.DSP_task.str1.4
                0x00008bbc       0x5e ./source/Program2.o
 *fill*         0x00008c1a        0x2 ff
 .rodata.xTimerCreateTimerTask.str1.4
                0x00008c1c        0x8 ./freertos/timers.o
 .rodata.prvProcessReceivedCommands
                0x00008c24       0x28 ./freertos/timers.o
 .rodata.prvCheckForValidListAndQueue.str1.4
                0x00008c4c        0x5 ./freertos/timers.o
 *fill*         0x00008c51        0x3 ff
 .rodata.ADC16_GetInstance.str1.4
                0x00008c54       0x36 ./drivers/fsl_adc16.o
 *fill*         0x00008c8a        0x2 ff
 .rodata.ADC16_Init.str1.4
                0x00008c8c       0x21 ./drivers/fsl_adc16.o
 *fill*         0x00008cad        0x3 ff
 .rodata.ADC16_GetDefaultConfig.str1.4
                0x00008cb0       0x22 ./drivers/fsl_adc16.o
 *fill*         0x00008cd2        0x2 ff
 .rodata.ADC16_SetChannelConfig.str1.4
                0x00008cd4       0x52 ./drivers/fsl_adc16.o
 *fill*         0x00008d26        0x2 ff
 .rodata.ADC16_GetChannelStatusFlags.str1.4
                0x00008d28       0x30 ./drivers/fsl_adc16.o
 .rodata.CLOCK_GetMcgExtClkFreq.str1.4
                0x00008d58       0x1f ./drivers/fsl_clock.o
 *fill*         0x00008d77        0x1 ff
 .rodata.CLOCK_GetPll0Freq.str1.4
                0x00008d78       0x1e ./drivers/fsl_clock.o
 *fill*         0x00008d96        0x2 ff
 .rodata.CLOCK_EnablePll0.str1.4
                0x00008d98       0x1a ./drivers/fsl_clock.o
 *fill*         0x00008db2        0x2 ff
 .rodata.CLOCK_SetPbeMode.str1.4
                0x00008db4       0x1b ./drivers/fsl_clock.o
 *fill*         0x00008dcf        0x1 ff
 .rodata.CLOCK_BootToPeeMode.str1.4
                0x00008dd0       0x1b ./drivers/fsl_clock.o
 *fill*         0x00008deb        0x1 ff
 .rodata.fllFactorTable.5230
                0x00008dec       0x10 ./drivers/fsl_clock.o
 .rodata.DAC_GetInstance.str1.4
                0x00008dfc       0x32 ./drivers/fsl_dac.o
 *fill*         0x00008e2e        0x2 ff
 .rodata.DAC_Init.str1.4
                0x00008e30       0x1f ./drivers/fsl_dac.o
 *fill*         0x00008e4f        0x1 ff
 .rodata.DAC_GetDefaultConfig.str1.4
                0x00008e50       0x20 ./drivers/fsl_dac.o
 .rodata.DAC_SetBufferValue.str1.4
                0x00008e70       0x28 ./drivers/fsl_dac.o
 .rodata.DMA_EnableInterrupts.str1.4
                0x00008e98       0x3d ./drivers/fsl_dma.o
 *fill*         0x00008ed5        0x3 ff
 .rodata.DMA_ClearChannelStatusFlags.str1.4
                0x00008ed8       0x3d ./drivers/fsl_dma.o
 *fill*         0x00008f15        0x3 ff
 .rodata.s_dmaIRQNumber
                0x00008f18        0x4 ./drivers/fsl_dma.o
 .rodata.DMA_GetInstance.str1.4
                0x00008f1c       0x32 ./drivers/fsl_dma.o
 *fill*         0x00008f4e        0x2 ff
 .rodata.DMA_ResetChannel.str1.4
                0x00008f50       0x3a ./drivers/fsl_dma.o
 *fill*         0x00008f8a        0x2 ff
 .rodata.DMA_SetTransferConfig.str1.4
                0x00008f8c       0x5c ./drivers/fsl_dma.o
 .rodata.DMA_CreateHandle.str1.4
                0x00008fe8       0x5a ./drivers/fsl_dma.o
 *fill*         0x00009042        0x2 ff
 .rodata.DMA_PrepareTransfer.str1.4
                0x00009044      0x101 ./drivers/fsl_dma.o
 *fill*         0x00009145        0x3 ff
 .rodata.DMA_SetCallback.str1.4
                0x00009148       0x20 ./drivers/fsl_dma.o
 .rodata.DMA_SubmitTransfer.str1.4
                0x00009168       0x40 ./drivers/fsl_dma.o
 .rodata.DMA_HandleIRQ.str1.4
                0x000091a8       0x20 ./drivers/fsl_dma.o
 .rodata.DMAMUX_GetInstance.str1.4
                0x000091c8       0x38 ./drivers/fsl_dmamux.o
 .rodata.LPSCI_GetInstance.str1.4
                0x00009200       0x37 ./drivers/fsl_lpsci.o
 *fill*         0x00009237        0x1 ff
 .rodata.LPSCI_Init.str1.4
                0x00009238       0x44 ./drivers/fsl_lpsci.o
 .rodata.LPSCI_GetDefaultConfig.str1.4
                0x0000927c       0x1a ./drivers/fsl_lpsci.o
 *fill*         0x00009296        0x2 ff
 .rodata.LPSCI_WriteBlocking.str1.4
                0x00009298       0x18 ./drivers/fsl_lpsci.o
 .rodata.LPSCI_ReadBlocking.str1.4
                0x000092b0       0x18 ./drivers/fsl_lpsci.o
 .rodata.s_uartBases
                0x000092c8        0xc ./drivers/fsl_uart.o
 .rodata.s_uartClock
                0x000092d4        0xc ./drivers/fsl_uart.o
 .rodata.UART_GetInstance.str1.4
                0x000092e0       0x2c ./drivers/fsl_uart.o
 .rodata.UART_Init.str1.4
                0x0000930c       0x43 ./drivers/fsl_uart.o
 *fill*         0x0000934f        0x1 ff
 .rodata.UART_GetDefaultConfig.str1.4
                0x00009350       0x19 ./drivers/fsl_uart.o
 *fill*         0x00009369        0x3 ff
 .rodata.UART_ReadBlocking.str1.4
                0x0000936c       0x18 ./drivers/fsl_uart.o
                                 0x17 (size before relaxing)
 .rodata.mcgConfig_BOARD_BootClockRUN
                0x00009384        0xa ./board/clock_config.o
                0x00009384                mcgConfig_BOARD_BootClockRUN
 *fill*         0x0000938e        0x2 ff
 .rodata.simConfig_BOARD_BootClockRUN
                0x00009390        0x8 ./board/clock_config.o
                0x00009390                simConfig_BOARD_BootClockRUN
 .rodata.oscConfig_BOARD_BootClockRUN
                0x00009398        0x8 ./board/clock_config.o
                0x00009398                oscConfig_BOARD_BootClockRUN
 .rodata.__num_Ciob_streams
                0x000093a0        0x4 c:/nxp/mcuxpressoide_11.1.0_3209/ide/plugins/com.nxp.mcuxpresso.tools.win32_11.1.0.201909161352/tools/bin/../lib/gcc/arm-none-eabi/8.3.1/../../../../arm-none-eabi/lib/thumb/v6-m/nofp\libcr_semihost_nf.a(__ciob.o)
                0x000093a0                __num_Ciob_streams
 .rodata.__assertion_failed.str1.1
                0x000093a4       0x15 c:/nxp/mcuxpressoide_11.1.0_3209/ide/plugins/com.nxp.mcuxpresso.tools.win32_11.1.0.201909161352/tools/bin/../lib/gcc/arm-none-eabi/8.3.1/../../../../arm-none-eabi/lib/thumb/v6-m/nofp\libcr_semihost_nf.a(_cr_assert.o)
 .rodata._Csys_alloc.str1.1
                0x000093b9       0x18 c:/nxp/mcuxpressoide_11.1.0_3209/ide/plugins/com.nxp.mcuxpresso.tools.win32_11.1.0.201909161352/tools/bin/../lib/gcc/arm-none-eabi/8.3.1/../../../../arm-none-eabi/lib/thumb/v6-m/nofp\libcr_c.a(alloc.o)
 .rodata.fp_display.str1.1
                0x000093d1       0x32 c:/nxp/mcuxpressoide_11.1.0_3209/ide/plugins/com.nxp.mcuxpresso.tools.win32_11.1.0.201909161352/tools/bin/../lib/gcc/arm-none-eabi/8.3.1/../../../../arm-none-eabi/lib/thumb/v6-m/nofp\libcr_c.a(fpprintf.o)
                                 0x35 (size before relaxing)
 .rodata._initio.str1.1
                0x00009403        0x4 c:/nxp/mcuxpressoide_11.1.0_3209/ide/plugins/com.nxp.mcuxpresso.tools.win32_11.1.0.201909161352/tools/bin/../lib/gcc/arm-none-eabi/8.3.1/../../../../arm-none-eabi/lib/thumb/v6-m/nofp\libcr_c.a(initio.o)
 .rodata.__vfprintf.str1.1
                0x00009407       0x31 c:/nxp/mcuxpressoide_11.1.0_3209/ide/plugins/com.nxp.mcuxpresso.tools.win32_11.1.0.201909161352/tools/bin/../lib/gcc/arm-none-eabi/8.3.1/../../../../arm-none-eabi/lib/thumb/v6-m/nofp\libcr_c.a(printf.o)
                                 0x38 (size before relaxing)
                0x00009438                . = ALIGN (0x4)

.glue_7         0x00009438        0x0
 .glue_7        0x00009438        0x0 linker stubs

.glue_7t        0x00009438        0x0
 .glue_7t       0x00009438        0x0 linker stubs

.vfp11_veneer   0x00009438        0x0
 .vfp11_veneer  0x00009438        0x0 linker stubs

.v4_bx          0x00009438        0x0
 .v4_bx         0x00009438        0x0 linker stubs

.iplt           0x00009438        0x0
 .iplt          0x00009438        0x0 ./utilities/fsl_debug_console.o

.rel.dyn        0x00009438        0x0
 .rel.iplt      0x00009438        0x0 ./utilities/fsl_debug_console.o

.ARM.extab
 *(SORT_BY_ALIGNMENT(.ARM.extab*) SORT_BY_ALIGNMENT(.gnu.linkonce.armextab.*))
                0x00009438                __exidx_start = .

.ARM.exidx
 *(SORT_BY_ALIGNMENT(.ARM.exidx*) SORT_BY_ALIGNMENT(.gnu.linkonce.armexidx.*))
                0x00009438                __exidx_end = .
                0x00009438                _etext = .

.m_usb_data
 *(SORT_BY_ALIGNMENT(m_usb_bdt))

.mtb_buffer_default
                0x1ffff000       0x80
 *(SORT_BY_ALIGNMENT(.mtb*))
 .mtb.$RAM1     0x1ffff000       0x80 ./source/mtb.o
                0x1ffff000                __mtb_buffer__

.uninit_RESERVED
                0x1ffff080        0x0
                0x1ffff080                _start_uninit_RESERVED = .
 *(SORT_BY_ALIGNMENT(.bss.$RESERVED*))
                0x1ffff080                . = ALIGN (0x4)
                0x1ffff080                _end_uninit_RESERVED = .

.data           0x1ffff080       0x10 load address 0x00009438
 FILL mask 0xff
                0x1ffff080                _data = .
                [!provide]                PROVIDE (__start_data_RAM = .)
                [!provide]                PROVIDE (__start_data_SRAM = .)
 *(SORT_BY_ALIGNMENT(vtable))
 *(SORT_BY_ALIGNMENT(.ramfunc*))
 *(SORT_BY_ALIGNMENT(CodeQuickAccess))
 *(SORT_BY_ALIGNMENT(DataQuickAccess))
 *(SORT_BY_ALIGNMENT(RamFunction))
 *(SORT_BY_ALIGNMENT(.data*))
 .data.uxCriticalNesting
                0x1ffff080        0x4 ./freertos/port.o
 .data.s_slowIrcFreq
                0x1ffff084        0x4 ./drivers/fsl_clock.o
 .data.SystemCoreClock
                0x1ffff088        0x4 ./CMSIS/system_MKL25Z4.o
                0x1ffff088                SystemCoreClock
 .data.run_count.6491
                0x1ffff08c        0x1 ./source/Program2.o
                0x1ffff090                . = ALIGN (0x4)
 *fill*         0x1ffff08d        0x3 ff
                0x1ffff090                _edata = .
                [!provide]                PROVIDE (__end_data_RAM = .)
                [!provide]                PROVIDE (__end_data_SRAM = .)

.igot.plt       0x1ffff090        0x0 load address 0x00009448
 .igot.plt      0x1ffff090        0x0 ./utilities/fsl_debug_console.o

.bss            0x1ffff090     0x2da4
                0x1ffff090                _bss = .
                [!provide]                PROVIDE (__start_bss_RAM = .)
                [!provide]                PROVIDE (__start_bss_SRAM = .)
 *(SORT_BY_ALIGNMENT(.bss*))
 .bss.s_debugConsole
                0x1ffff090       0x10 ./utilities/fsl_debug_console.o
 .bss.LEDport   0x1ffff0a0        0x4 ./source/LED_control.o
                0x1ffff0a0                LEDport
 .bss.LEDpin    0x1ffff0a4        0x4 ./source/LED_control.o
                0x1ffff0a4                LEDpin
 .bss.xDACtaskHandle
                0x1ffff0a8        0x4 ./source/Program2.o
                0x1ffff0a8                xDACtaskHandle
 .bss.xADCstartTaskHandle
                0x1ffff0ac        0x4 ./source/Program2.o
                0x1ffff0ac                xADCstartTaskHandle
 .bss.xADCreadTaskHandle
                0x1ffff0b0        0x4 ./source/Program2.o
                0x1ffff0b0                xADCreadTaskHandle
 .bss.xDSPtaskHandle
                0x1ffff0b4        0x4 ./source/Program2.o
                0x1ffff0b4                xDSPtaskHandle
 .bss.xLEDsemHandle
                0x1ffff0b8        0x4 ./source/Program2.o
                0x1ffff0b8                xLEDsemHandle
 .bss.xLEDgiveHandle
                0x1ffff0bc        0x4 ./source/Program2.o
                0x1ffff0bc                xLEDgiveHandle
 .bss.g_DMA_Handle
                0x1ffff0c0       0x10 ./source/Program2.o
                0x1ffff0c0                g_DMA_Handle
 .bss.g_sine_table
                0x1ffff0d0       0xc8 ./source/Program2.o
                0x1ffff0d0                g_sine_table
 .bss.g_Adc16ConversionValue
                0x1ffff198        0x4 ./source/Program2.o
                0x1ffff198                g_Adc16ConversionValue
 .bss.g_adc16ChannelConfigStruct
                0x1ffff19c        0x8 ./source/Program2.o
                0x1ffff19c                g_adc16ChannelConfigStruct
 .bss.g_ADC_buffer
                0x1ffff1a4      0x100 ./source/Program2.o
                0x1ffff1a4                g_ADC_buffer
 .bss.g_DSP_buffer
                0x1ffff2a4      0x100 ./source/Program2.o
                0x1ffff2a4                g_DSP_buffer
 .bss.DMA_start_time
                0x1ffff3a4        0x4 ./source/Program2.o
                0x1ffff3a4                DMA_start_time
 .bss.DMA_end_time
                0x1ffff3a8        0x4 ./source/Program2.o
                0x1ffff3a8                DMA_end_time
 .bss.ucHeap    0x1ffff3ac     0x2800 ./freertos/heap_4.o
 .bss.xStart    0x20001bac        0x8 ./freertos/heap_4.o
 .bss.pxEnd     0x20001bb4        0x4 ./freertos/heap_4.o
 .bss.xFreeBytesRemaining
                0x20001bb8        0x4 ./freertos/heap_4.o
 .bss.xMinimumEverFreeBytesRemaining
                0x20001bbc        0x4 ./freertos/heap_4.o
 .bss.xBlockAllocatedBit
                0x20001bc0        0x4 ./freertos/heap_4.o
 .bss.xQueueRegistry
                0x20001bc4       0x40 ./freertos/queue.o
                0x20001bc4                xQueueRegistry
 .bss.pxCurrentTCB
                0x20001c04        0x4 ./freertos/tasks.o
                0x20001c04                pxCurrentTCB
 .bss.pxReadyTasksLists
                0x20001c08       0x64 ./freertos/tasks.o
 .bss.xDelayedTaskList1
                0x20001c6c       0x14 ./freertos/tasks.o
 .bss.xDelayedTaskList2
                0x20001c80       0x14 ./freertos/tasks.o
 .bss.pxDelayedTaskList
                0x20001c94        0x4 ./freertos/tasks.o
 .bss.pxOverflowDelayedTaskList
                0x20001c98        0x4 ./freertos/tasks.o
 .bss.xPendingReadyList
                0x20001c9c       0x14 ./freertos/tasks.o
 .bss.xTasksWaitingTermination
                0x20001cb0       0x14 ./freertos/tasks.o
 .bss.uxDeletedTasksWaitingCleanUp
                0x20001cc4        0x4 ./freertos/tasks.o
 .bss.xSuspendedTaskList
                0x20001cc8       0x14 ./freertos/tasks.o
 .bss.uxCurrentNumberOfTasks
                0x20001cdc        0x4 ./freertos/tasks.o
 .bss.xTickCount
                0x20001ce0        0x4 ./freertos/tasks.o
 .bss.uxTopReadyPriority
                0x20001ce4        0x4 ./freertos/tasks.o
 .bss.xSchedulerRunning
                0x20001ce8        0x4 ./freertos/tasks.o
 .bss.uxPendedTicks
                0x20001cec        0x4 ./freertos/tasks.o
 .bss.xYieldPending
                0x20001cf0        0x4 ./freertos/tasks.o
 .bss.xNumOfOverflows
                0x20001cf4        0x4 ./freertos/tasks.o
 .bss.uxTaskNumber
                0x20001cf8        0x4 ./freertos/tasks.o
 .bss.xNextTaskUnblockTime
                0x20001cfc        0x4 ./freertos/tasks.o
 .bss.xIdleTaskHandle
                0x20001d00        0x4 ./freertos/tasks.o
 .bss.uxSchedulerSuspended
                0x20001d04        0x4 ./freertos/tasks.o
 .bss.xActiveTimerList1
                0x20001d08       0x14 ./freertos/timers.o
 .bss.xActiveTimerList2
                0x20001d1c       0x14 ./freertos/timers.o
 .bss.pxCurrentTimerList
                0x20001d30        0x4 ./freertos/timers.o
 .bss.pxOverflowTimerList
                0x20001d34        0x4 ./freertos/timers.o
 .bss.xTimerQueue
                0x20001d38        0x4 ./freertos/timers.o
 .bss.xTimerTaskHandle
                0x20001d3c        0x4 ./freertos/timers.o
 .bss.xLastTime.4575
                0x20001d40        0x4 ./freertos/timers.o
 .bss.g_xtal0Freq
                0x20001d44        0x4 ./drivers/fsl_clock.o
                0x20001d44                g_xtal0Freq
 .bss.s_DMAHandle
                0x20001d48       0x10 ./drivers/fsl_dma.o
 .bss.s_lpsciHandle
                0x20001d58        0x4 ./drivers/fsl_lpsci.o
 .bss.s_lpsciIsr
                0x20001d5c        0x4 ./drivers/fsl_lpsci.o
 .bss.s_uartHandle
                0x20001d60        0xc ./drivers/fsl_uart.o
 .bss.s_uartIsr
                0x20001d6c        0x4 ./drivers/fsl_uart.o
 .bss.__Ciob    0x20001d70       0xb4 c:/nxp/mcuxpressoide_11.1.0_3209/ide/plugins/com.nxp.mcuxpresso.tools.win32_11.1.0.201909161352/tools/bin/../lib/gcc/arm-none-eabi/8.3.1/../../../../arm-none-eabi/lib/thumb/v6-m/nofp\libcr_semihost_nf.a(__ciob.o)
                0x20001d70                __Ciob
 .bss.__end_of_heap
                0x20001e24        0x4 c:/nxp/mcuxpressoide_11.1.0_3209/ide/plugins/com.nxp.mcuxpresso.tools.win32_11.1.0.201909161352/tools/bin/../lib/gcc/arm-none-eabi/8.3.1/../../../../arm-none-eabi/lib/thumb/v6-m/nofp\libcr_c.a(__init_alloc.o)
                0x20001e24                __end_of_heap
 .bss.__heaps   0x20001e28        0x4 c:/nxp/mcuxpressoide_11.1.0_3209/ide/plugins/com.nxp.mcuxpresso.tools.win32_11.1.0.201909161352/tools/bin/../lib/gcc/arm-none-eabi/8.3.1/../../../../arm-none-eabi/lib/thumb/v6-m/nofp\libcr_c.a(__init_alloc.o)
                0x20001e28                __heaps
 .bss.errno     0x20001e2c        0x4 c:/nxp/mcuxpressoide_11.1.0_3209/ide/plugins/com.nxp.mcuxpresso.tools.win32_11.1.0.201909161352/tools/bin/../lib/gcc/arm-none-eabi/8.3.1/../../../../arm-none-eabi/lib/thumb/v6-m/nofp\libcr_c.a(errno.o)
                0x20001e2c                errno
 .bss.g_index   0x20001e30        0x1 ./source/Program2.o
                0x20001e30                g_index
 .bss.g_Adc16ConversionDoneFlag
                0x20001e31        0x1 ./source/Program2.o
                0x20001e31                g_Adc16ConversionDoneFlag
 .bss.ADC_index.6485
                0x20001e32        0x1 ./source/Program2.o
 *(SORT_BY_ALIGNMENT(COMMON))
                0x20001e34                . = ALIGN (0x4)
 *fill*         0x20001e33        0x1 
                0x20001e34                _ebss = .
                [!provide]                PROVIDE (__end_bss_RAM = .)
                [!provide]                PROVIDE (__end_bss_SRAM = .)
                [!provide]                PROVIDE (end = .)

.noinit         0x20001e34        0x0
                0x20001e34                _noinit = .
                [!provide]                PROVIDE (__start_noinit_RAM = .)
                [!provide]                PROVIDE (__start_noinit_SRAM = .)
 *(SORT_BY_ALIGNMENT(.noinit*))
                0x20001e34                . = ALIGN (0x4)
                0x20001e34                _end_noinit = .
                [!provide]                PROVIDE (__end_noinit_RAM = .)
                [!provide]                PROVIDE (__end_noinit_SRAM = .)
                0x00000400                _HeapSize = 0x400

.heap           0x20001e34      0x400
                0x20001e34                _pvHeapStart = .
                0x20002234                . = (. + _HeapSize)
 *fill*         0x20001e34      0x400 
                0x20002234                . = ALIGN (0x4)
                0x20002234                _pvHeapLimit = .
                0x00000400                _StackSize = 0x400

.heap2stackfill
                0x20002234      0x400
                0x20002634                . = (. + _StackSize)
 *fill*         0x20002234      0x400 

.stack          0x20002c00        0x0
                0x20002c00                _vStackBase = .
                0x20002c00                . = ALIGN (0x4)
                0x20003000                _vStackTop = (. + _StackSize)
                0x00000000                _image_start = LOADADDR (.text)
                0x00009448                _image_end = (LOADADDR (.data) + SIZEOF (.data))
                0x00009448                _image_size = (_image_end - _image_start)
OUTPUT(Program2.axf elf32-littlearm)

.debug_info     0x00000000     0xf1b7
 .debug_info    0x00000000      0xa38 ./utilities/fsl_debug_console.o
 .debug_info    0x00000a38      0x4df ./startup/startup_mkl25z4.o
 .debug_info    0x00000f17      0x4a0 ./source/LED_control.o
 .debug_info    0x000013b7     0x16f6 ./source/Program2.o
 .debug_info    0x00002aad       0x53 ./source/mtb.o
 .debug_info    0x00002b00       0x3c ./source/semihost_hardfault.o
 .debug_info    0x00002b3c       0xec ./freertos/fsl_tickless_lptmr.o
 .debug_info    0x00002c28      0x334 ./freertos/heap_4.o
 .debug_info    0x00002f5c      0x2eb ./freertos/list.o
 .debug_info    0x00003247      0x27a ./freertos/port.o
 .debug_info    0x000034c1      0xefb ./freertos/queue.o
 .debug_info    0x000043bc     0x18af ./freertos/tasks.o
 .debug_info    0x00005c6b      0xb92 ./freertos/timers.o
 .debug_info    0x000067fd      0xc9e ./drivers/fsl_adc16.o
 .debug_info    0x0000749b     0x1a97 ./drivers/fsl_clock.o
 .debug_info    0x00008f32      0x8ba ./drivers/fsl_dac.o
 .debug_info    0x000097ec      0xf4e ./drivers/fsl_dma.o
 .debug_info    0x0000a73a      0x4e7 ./drivers/fsl_dmamux.o
 .debug_info    0x0000ac21     0x1469 ./drivers/fsl_lpsci.o
 .debug_info    0x0000c08a     0x140a ./drivers/fsl_uart.o
 .debug_info    0x0000d494      0x80b ./board/board.o
 .debug_info    0x0000dc9f      0xb00 ./board/clock_config.o
 .debug_info    0x0000e79f       0x3c ./board/peripherals.o
 .debug_info    0x0000e7db      0x5a3 ./board/pin_mux.o
 .debug_info    0x0000ed7e      0x439 ./CMSIS/system_MKL25Z4.o

.debug_abbrev   0x00000000     0x2f4f
 .debug_abbrev  0x00000000      0x22c ./utilities/fsl_debug_console.o
 .debug_abbrev  0x0000022c      0x18d ./startup/startup_mkl25z4.o
 .debug_abbrev  0x000003b9      0x181 ./source/LED_control.o
 .debug_abbrev  0x0000053a      0x36f ./source/Program2.o
 .debug_abbrev  0x000008a9       0x46 ./source/mtb.o
 .debug_abbrev  0x000008ef       0x31 ./source/semihost_hardfault.o
 .debug_abbrev  0x00000920       0x9a ./freertos/fsl_tickless_lptmr.o
 .debug_abbrev  0x000009ba      0x1a7 ./freertos/heap_4.o
 .debug_abbrev  0x00000b61      0x126 ./freertos/list.o
 .debug_abbrev  0x00000c87      0x1b3 ./freertos/port.o
 .debug_abbrev  0x00000e3a      0x214 ./freertos/queue.o
 .debug_abbrev  0x0000104e      0x2c3 ./freertos/tasks.o
 .debug_abbrev  0x00001311      0x225 ./freertos/timers.o
 .debug_abbrev  0x00001536      0x2a2 ./drivers/fsl_adc16.o
 .debug_abbrev  0x000017d8      0x36f ./drivers/fsl_clock.o
 .debug_abbrev  0x00001b47      0x237 ./drivers/fsl_dac.o
 .debug_abbrev  0x00001d7e      0x2ec ./drivers/fsl_dma.o
 .debug_abbrev  0x0000206a      0x1b0 ./drivers/fsl_dmamux.o
 .debug_abbrev  0x0000221a      0x309 ./drivers/fsl_lpsci.o
 .debug_abbrev  0x00002523      0x323 ./drivers/fsl_uart.o
 .debug_abbrev  0x00002846      0x1a7 ./board/board.o
 .debug_abbrev  0x000029ed      0x220 ./board/clock_config.o
 .debug_abbrev  0x00002c0d       0x31 ./board/peripherals.o
 .debug_abbrev  0x00002c3e      0x1bb ./board/pin_mux.o
 .debug_abbrev  0x00002df9      0x156 ./CMSIS/system_MKL25Z4.o

.debug_aranges  0x00000000      0xf28
 .debug_aranges
                0x00000000       0x58 ./utilities/fsl_debug_console.o
 .debug_aranges
                0x00000058      0x160 ./startup/startup_mkl25z4.o
 .debug_aranges
                0x000001b8       0x38 ./source/LED_control.o
 .debug_aranges
                0x000001f0       0xc0 ./source/Program2.o
 .debug_aranges
                0x000002b0       0x18 ./source/mtb.o
 .debug_aranges
                0x000002c8       0x20 ./source/semihost_hardfault.o
 .debug_aranges
                0x000002e8       0x20 ./freertos/fsl_tickless_lptmr.o
 .debug_aranges
                0x00000308       0x50 ./freertos/heap_4.o
 .debug_aranges
                0x00000358       0x40 ./freertos/list.o
 .debug_aranges
                0x00000398       0x80 ./freertos/port.o
 .debug_aranges
                0x00000418      0x118 ./freertos/queue.o
 .debug_aranges
                0x00000530      0x1e8 ./freertos/tasks.o
 .debug_aranges
                0x00000718       0xc8 ./freertos/timers.o
 .debug_aranges
                0x000007e0       0x88 ./drivers/fsl_adc16.o
 .debug_aranges
                0x00000868      0x1d8 ./drivers/fsl_clock.o
 .debug_aranges
                0x00000a40       0x90 ./drivers/fsl_dac.o
 .debug_aranges
                0x00000ad0       0xd0 ./drivers/fsl_dma.o
 .debug_aranges
                0x00000ba0       0x40 ./drivers/fsl_dmamux.o
 .debug_aranges
                0x00000be0      0x118 ./drivers/fsl_lpsci.o
 .debug_aranges
                0x00000cf8      0x130 ./drivers/fsl_uart.o
 .debug_aranges
                0x00000e28       0x28 ./board/board.o
 .debug_aranges
                0x00000e50       0x58 ./board/clock_config.o
 .debug_aranges
                0x00000ea8       0x20 ./board/peripherals.o
 .debug_aranges
                0x00000ec8       0x38 ./board/pin_mux.o
 .debug_aranges
                0x00000f00       0x28 ./CMSIS/system_MKL25Z4.o

.debug_ranges   0x00000000      0xd90
 .debug_ranges  0x00000000       0x48 ./utilities/fsl_debug_console.o
 .debug_ranges  0x00000048      0x150 ./startup/startup_mkl25z4.o
 .debug_ranges  0x00000198       0x28 ./source/LED_control.o
 .debug_ranges  0x000001c0       0xb0 ./source/Program2.o
 .debug_ranges  0x00000270       0x10 ./source/semihost_hardfault.o
 .debug_ranges  0x00000280       0x10 ./freertos/fsl_tickless_lptmr.o
 .debug_ranges  0x00000290       0x40 ./freertos/heap_4.o
 .debug_ranges  0x000002d0       0x30 ./freertos/list.o
 .debug_ranges  0x00000300       0x70 ./freertos/port.o
 .debug_ranges  0x00000370      0x108 ./freertos/queue.o
 .debug_ranges  0x00000478      0x1d8 ./freertos/tasks.o
 .debug_ranges  0x00000650       0xb8 ./freertos/timers.o
 .debug_ranges  0x00000708       0x78 ./drivers/fsl_adc16.o
 .debug_ranges  0x00000780      0x1c8 ./drivers/fsl_clock.o
 .debug_ranges  0x00000948       0x80 ./drivers/fsl_dac.o
 .debug_ranges  0x000009c8       0xc0 ./drivers/fsl_dma.o
 .debug_ranges  0x00000a88       0x30 ./drivers/fsl_dmamux.o
 .debug_ranges  0x00000ab8      0x108 ./drivers/fsl_lpsci.o
 .debug_ranges  0x00000bc0      0x120 ./drivers/fsl_uart.o
 .debug_ranges  0x00000ce0       0x18 ./board/board.o
 .debug_ranges  0x00000cf8       0x48 ./board/clock_config.o
 .debug_ranges  0x00000d40       0x10 ./board/peripherals.o
 .debug_ranges  0x00000d50       0x28 ./board/pin_mux.o
 .debug_ranges  0x00000d78       0x18 ./CMSIS/system_MKL25Z4.o

.debug_macro    0x00000000     0xa3b3
 .debug_macro   0x00000000      0x13a ./utilities/fsl_debug_console.o
 .debug_macro   0x0000013a      0xab4 ./utilities/fsl_debug_console.o
 .debug_macro   0x00000bee       0x10 ./utilities/fsl_debug_console.o
 .debug_macro   0x00000bfe       0x16 ./utilities/fsl_debug_console.o
 .debug_macro   0x00000c14       0x10 ./utilities/fsl_debug_console.o
 .debug_macro   0x00000c24      0x12e ./utilities/fsl_debug_console.o
 .debug_macro   0x00000d52       0x28 ./utilities/fsl_debug_console.o
 .debug_macro   0x00000d7a       0xc4 ./utilities/fsl_debug_console.o
 .debug_macro   0x00000e3e       0x16 ./utilities/fsl_debug_console.o
 .debug_macro   0x00000e54       0x22 ./utilities/fsl_debug_console.o
 .debug_macro   0x00000e76      0x5b3 ./utilities/fsl_debug_console.o
 .debug_macro   0x00001429       0x10 ./utilities/fsl_debug_console.o
 .debug_macro   0x00001439       0x3f ./utilities/fsl_debug_console.o
 .debug_macro   0x00001478       0x3a ./utilities/fsl_debug_console.o
 .debug_macro   0x000014b2       0x26 ./utilities/fsl_debug_console.o
 .debug_macro   0x000014d8      0x329 ./utilities/fsl_debug_console.o
 .debug_macro   0x00001801       0x30 ./utilities/fsl_debug_console.o
 .debug_macro   0x00001831     0x51e2 ./utilities/fsl_debug_console.o
 .debug_macro   0x00006a13     0x1352 ./utilities/fsl_debug_console.o
 .debug_macro   0x00007d65       0x3a ./utilities/fsl_debug_console.o
 .debug_macro   0x00007d9f       0xf4 ./utilities/fsl_debug_console.o
 .debug_macro   0x00007e93       0x35 ./utilities/fsl_debug_console.o
 .debug_macro   0x00007ec8       0x9a ./utilities/fsl_debug_console.o
 .debug_macro   0x00007f62       0x2e ./utilities/fsl_debug_console.o
 .debug_macro   0x00007f90       0x10 ./utilities/fsl_debug_console.o
 .debug_macro   0x00007fa0       0x10 ./utilities/fsl_debug_console.o
 .debug_macro   0x00007fb0       0x29 ./startup/startup_mkl25z4.o
 .debug_macro   0x00007fd9       0x97 ./source/LED_control.o
 .debug_macro   0x00008070       0x34 ./source/LED_control.o
 .debug_macro   0x000080a4       0x2e ./source/LED_control.o
 .debug_macro   0x000080d2      0x2b5 ./source/Program2.o
 .debug_macro   0x00008387       0xa0 ./source/Program2.o
 .debug_macro   0x00008427       0x16 ./source/Program2.o
 .debug_macro   0x0000843d       0x10 ./source/Program2.o
 .debug_macro   0x0000844d      0x112 ./source/Program2.o
 .debug_macro   0x0000855f       0x34 ./source/Program2.o
 .debug_macro   0x00008593       0x10 ./source/Program2.o
 .debug_macro   0x000085a3       0x10 ./source/Program2.o
 .debug_macro   0x000085b3       0x10 ./source/Program2.o
 .debug_macro   0x000085c3       0x10 ./source/Program2.o
 .debug_macro   0x000085d3       0x34 ./source/Program2.o
 .debug_macro   0x00008607       0x10 ./source/Program2.o
 .debug_macro   0x00008617      0x18b ./source/Program2.o
 .debug_macro   0x000087a2      0x168 ./source/Program2.o
 .debug_macro   0x0000890a       0xb6 ./source/Program2.o
 .debug_macro   0x000089c0       0x10 ./source/Program2.o
 .debug_macro   0x000089d0       0x1f ./source/Program2.o
 .debug_macro   0x000089ef      0x361 ./source/Program2.o
 .debug_macro   0x00008d50       0xc0 ./source/Program2.o
 .debug_macro   0x00008e10       0x8c ./source/Program2.o
 .debug_macro   0x00008e9c       0x94 ./source/Program2.o
 .debug_macro   0x00008f30       0x91 ./source/Program2.o
 .debug_macro   0x00008fc1       0x78 ./source/Program2.o
 .debug_macro   0x00009039       0x2f ./source/mtb.o
 .debug_macro   0x00009068       0x82 ./source/mtb.o
 .debug_macro   0x000090ea       0x10 ./source/mtb.o
 .debug_macro   0x000090fa       0x11 ./source/semihost_hardfault.o
 .debug_macro   0x0000910b       0xbd ./freertos/fsl_tickless_lptmr.o
 .debug_macro   0x000091c8       0x8e ./freertos/fsl_tickless_lptmr.o
 .debug_macro   0x00009256       0xe0 ./freertos/heap_4.o
 .debug_macro   0x00009336       0xb9 ./freertos/list.o
 .debug_macro   0x000093ef       0xcf ./freertos/port.o
 .debug_macro   0x000094be      0x122 ./freertos/queue.o
 .debug_macro   0x000095e0      0x182 ./freertos/tasks.o
 .debug_macro   0x00009762       0x11 ./freertos/tasks.o
 .debug_macro   0x00009773       0xec ./freertos/timers.o
 .debug_macro   0x0000985f       0xec ./drivers/fsl_adc16.o
 .debug_macro   0x0000994b       0x1c ./drivers/fsl_adc16.o
 .debug_macro   0x00009967      0x196 ./drivers/fsl_clock.o
 .debug_macro   0x00009afd       0xec ./drivers/fsl_dac.o
 .debug_macro   0x00009be9       0xec ./drivers/fsl_dma.o
 .debug_macro   0x00009cd5       0xec ./drivers/fsl_dmamux.o
 .debug_macro   0x00009dc1       0xec ./drivers/fsl_lpsci.o
 .debug_macro   0x00009ead       0xf2 ./drivers/fsl_uart.o
 .debug_macro   0x00009f9f      0x12b ./board/board.o
 .debug_macro   0x0000a0ca      0x123 ./board/clock_config.o
 .debug_macro   0x0000a1ed       0x1b ./board/peripherals.o
 .debug_macro   0x0000a208      0x107 ./board/pin_mux.o
 .debug_macro   0x0000a30f       0x10 ./board/pin_mux.o
 .debug_macro   0x0000a31f       0x94 ./CMSIS/system_MKL25Z4.o

.debug_line     0x00000000     0x9eeb
 .debug_line    0x00000000      0x509 ./utilities/fsl_debug_console.o
 .debug_line    0x00000509      0x1e7 ./startup/startup_mkl25z4.o
 .debug_line    0x000006f0      0x30c ./source/LED_control.o
 .debug_line    0x000009fc      0x9db ./source/Program2.o
 .debug_line    0x000013d7       0xd1 ./source/mtb.o
 .debug_line    0x000014a8       0x5a ./source/semihost_hardfault.o
 .debug_line    0x00001502      0x255 ./freertos/fsl_tickless_lptmr.o
 .debug_line    0x00001757      0x490 ./freertos/heap_4.o
 .debug_line    0x00001be7      0x319 ./freertos/list.o
 .debug_line    0x00001f00      0x3c8 ./freertos/port.o
 .debug_line    0x000022c8      0xc90 ./freertos/queue.o
 .debug_line    0x00002f58     0x1527 ./freertos/tasks.o
 .debug_line    0x0000447f      0x722 ./freertos/timers.o
 .debug_line    0x00004ba1      0x65f ./drivers/fsl_adc16.o
 .debug_line    0x00005200     0x12fc ./drivers/fsl_clock.o
 .debug_line    0x000064fc      0x545 ./drivers/fsl_dac.o
 .debug_line    0x00006a41      0x74e ./drivers/fsl_dma.o
 .debug_line    0x0000718f      0x370 ./drivers/fsl_dmamux.o
 .debug_line    0x000074ff      0xd7d ./drivers/fsl_lpsci.o
 .debug_line    0x0000827c      0xd6c ./drivers/fsl_uart.o
 .debug_line    0x00008fe8      0x3cf ./board/board.o
 .debug_line    0x000093b7      0x409 ./board/clock_config.o
 .debug_line    0x000097c0       0x5c ./board/peripherals.o
 .debug_line    0x0000981c      0x390 ./board/pin_mux.o
 .debug_line    0x00009bac      0x33f ./CMSIS/system_MKL25Z4.o

.debug_str      0x00000000    0x3e7f6
 .debug_str     0x00000000    0x31561 ./utilities/fsl_debug_console.o
                              0x317e1 (size before relaxing)
 .debug_str     0x00031561      0x3a6 ./startup/startup_mkl25z4.o
                               0x3205 (size before relaxing)
 .debug_str     0x00031907      0x1f5 ./source/LED_control.o
                              0x28f64 (size before relaxing)
 .debug_str     0x00031afc     0x670f ./source/Program2.o
                              0x37b7e (size before relaxing)
 .debug_str     0x0003820b      0x532 ./source/mtb.o
                               0x3311 (size before relaxing)
 .debug_str     0x0003873d       0x1f ./source/semihost_hardfault.o
                               0x2dfe (size before relaxing)
 .debug_str     0x0003875c      0x43c ./freertos/fsl_tickless_lptmr.o
                               0x7c7a (size before relaxing)
 .debug_str     0x00038b98      0x27e ./freertos/heap_4.o
                               0x7b15 (size before relaxing)
 .debug_str     0x00038e16      0x11e ./freertos/list.o
                               0x7432 (size before relaxing)
 .debug_str     0x00038f34      0x17b ./freertos/port.o
                               0x7e21 (size before relaxing)
 .debug_str     0x000390af      0x75b ./freertos/queue.o
                               0x898e (size before relaxing)
 .debug_str     0x0003980a     0x1313 ./freertos/tasks.o
                               0x95ff (size before relaxing)
 .debug_str     0x0003ab1d      0x4c6 ./freertos/timers.o
                               0x8ed9 (size before relaxing)
 .debug_str     0x0003afe3      0x5ae ./drivers/fsl_adc16.o
                              0x315aa (size before relaxing)
 .debug_str     0x0003b591     0x132e ./drivers/fsl_clock.o
                              0x3230c (size before relaxing)
 .debug_str     0x0003c8bf      0x253 ./drivers/fsl_dac.o
                              0x30ef9 (size before relaxing)
 .debug_str     0x0003cb12      0x55d ./drivers/fsl_dma.o
                              0x315da (size before relaxing)
 .debug_str     0x0003d06f       0x65 ./drivers/fsl_dmamux.o
                              0x30c07 (size before relaxing)
 .debug_str     0x0003d0d4      0x94b ./drivers/fsl_lpsci.o
                              0x31914 (size before relaxing)
 .debug_str     0x0003da1f      0x832 ./drivers/fsl_uart.o
                              0x31937 (size before relaxing)
 .debug_str     0x0003e251       0x4c ./board/board.o
                              0x316f4 (size before relaxing)
 .debug_str     0x0003e29d      0x300 ./board/clock_config.o
                              0x3123a (size before relaxing)
 .debug_str     0x0003e59d       0x31 ./board/peripherals.o
                               0x2e0f (size before relaxing)
 .debug_str     0x0003e5ce      0x1e1 ./board/pin_mux.o
                              0x3099d (size before relaxing)
 .debug_str     0x0003e7af       0x47 ./CMSIS/system_MKL25Z4.o
                              0x2fc76 (size before relaxing)

.comment        0x00000000       0x76
 .comment       0x00000000       0x76 ./utilities/fsl_debug_console.o
                                 0x77 (size before relaxing)
 .comment       0x00000076       0x77 ./startup/startup_mkl25z4.o
 .comment       0x00000076       0x77 ./source/LED_control.o
 .comment       0x00000076       0x77 ./source/Program2.o
 .comment       0x00000076       0x77 ./source/mtb.o
 .comment       0x00000076       0x77 ./source/semihost_hardfault.o
 .comment       0x00000076       0x77 ./freertos/fsl_tickless_lptmr.o
 .comment       0x00000076       0x77 ./freertos/heap_4.o
 .comment       0x00000076       0x77 ./freertos/list.o
 .comment       0x00000076       0x77 ./freertos/port.o
 .comment       0x00000076       0x77 ./freertos/queue.o
 .comment       0x00000076       0x77 ./freertos/tasks.o
 .comment       0x00000076       0x77 ./freertos/timers.o
 .comment       0x00000076       0x77 ./drivers/fsl_adc16.o
 .comment       0x00000076       0x77 ./drivers/fsl_clock.o
 .comment       0x00000076       0x77 ./drivers/fsl_dac.o
 .comment       0x00000076       0x77 ./drivers/fsl_dma.o
 .comment       0x00000076       0x77 ./drivers/fsl_dmamux.o
 .comment       0x00000076       0x77 ./drivers/fsl_lpsci.o
 .comment       0x00000076       0x77 ./drivers/fsl_uart.o
 .comment       0x00000076       0x77 ./board/board.o
 .comment       0x00000076       0x77 ./board/clock_config.o
 .comment       0x00000076       0x77 ./board/peripherals.o
 .comment       0x00000076       0x77 ./board/pin_mux.o
 .comment       0x00000076       0x77 ./CMSIS/system_MKL25Z4.o
 .comment       0x00000076       0x77 c:/nxp/mcuxpressoide_11.1.0_3209/ide/plugins/com.nxp.mcuxpresso.tools.win32_11.1.0.201909161352/tools/bin/../lib/gcc/arm-none-eabi/8.3.1/../../../../arm-none-eabi/lib/thumb/v6-m/nofp\libcr_semihost_nf.a(_cr__main.o)
 .comment       0x00000076       0x77 c:/nxp/mcuxpressoide_11.1.0_3209/ide/plugins/com.nxp.mcuxpresso.tools.win32_11.1.0.201909161352/tools/bin/../lib/gcc/arm-none-eabi/8.3.1/../../../../arm-none-eabi/lib/thumb/v6-m/nofp\libcr_semihost_nf.a(_cr_assert.o)
 .comment       0x00000076       0x77 c:/nxp/mcuxpressoide_11.1.0_3209/ide/plugins/com.nxp.mcuxpresso.tools.win32_11.1.0.201909161352/tools/bin/../lib/gcc/arm-none-eabi/8.3.1/../../../../arm-none-eabi/lib/thumb/v6-m/nofp\libcr_semihost_nf.a(__ciob.o)
 .comment       0x00000076       0x77 c:/nxp/mcuxpressoide_11.1.0_3209/ide/plugins/com.nxp.mcuxpresso.tools.win32_11.1.0.201909161352/tools/bin/../lib/gcc/arm-none-eabi/8.3.1/../../../../arm-none-eabi/lib/thumb/v6-m/nofp\libcr_c.a(memcpy.o)
 .comment       0x00000076       0x77 c:/nxp/mcuxpressoide_11.1.0_3209/ide/plugins/com.nxp.mcuxpresso.tools.win32_11.1.0.201909161352/tools/bin/../lib/gcc/arm-none-eabi/8.3.1/../../../../arm-none-eabi/lib/thumb/v6-m/nofp\libcr_c.a(memset.o)
 .comment       0x00000076       0x77 c:/nxp/mcuxpressoide_11.1.0_3209/ide/plugins/com.nxp.mcuxpresso.tools.win32_11.1.0.201909161352/tools/bin/../lib/gcc/arm-none-eabi/8.3.1/../../../../arm-none-eabi/lib/thumb/v6-m/nofp\libcr_c.a(_deferredlazyseek.o)
 .comment       0x00000076       0x77 c:/nxp/mcuxpressoide_11.1.0_3209/ide/plugins/com.nxp.mcuxpresso.tools.win32_11.1.0.201909161352/tools/bin/../lib/gcc/arm-none-eabi/8.3.1/../../../../arm-none-eabi/lib/thumb/v6-m/nofp\libcr_c.a(_fflush.o)
 .comment       0x00000076       0x77 c:/nxp/mcuxpressoide_11.1.0_3209/ide/plugins/com.nxp.mcuxpresso.tools.win32_11.1.0.201909161352/tools/bin/../lib/gcc/arm-none-eabi/8.3.1/../../../../arm-none-eabi/lib/thumb/v6-m/nofp\libcr_c.a(_writebuf.o)
 .comment       0x00000076       0x77 c:/nxp/mcuxpressoide_11.1.0_3209/ide/plugins/com.nxp.mcuxpresso.tools.win32_11.1.0.201909161352/tools/bin/../lib/gcc/arm-none-eabi/8.3.1/../../../../arm-none-eabi/lib/thumb/v6-m/nofp\libcr_c.a(alloc.o)
 .comment       0x00000076       0x77 c:/nxp/mcuxpressoide_11.1.0_3209/ide/plugins/com.nxp.mcuxpresso.tools.win32_11.1.0.201909161352/tools/bin/../lib/gcc/arm-none-eabi/8.3.1/../../../../arm-none-eabi/lib/thumb/v6-m/nofp\libcr_c.a(fpprintf.o)
 .comment       0x00000076       0x77 c:/nxp/mcuxpressoide_11.1.0_3209/ide/plugins/com.nxp.mcuxpresso.tools.win32_11.1.0.201909161352/tools/bin/../lib/gcc/arm-none-eabi/8.3.1/../../../../arm-none-eabi/lib/thumb/v6-m/nofp\libcr_c.a(fputs.o)
 .comment       0x00000076       0x77 c:/nxp/mcuxpressoide_11.1.0_3209/ide/plugins/com.nxp.mcuxpresso.tools.win32_11.1.0.201909161352/tools/bin/../lib/gcc/arm-none-eabi/8.3.1/../../../../arm-none-eabi/lib/thumb/v6-m/nofp\libcr_c.a(fseek.o)
 .comment       0x00000076       0x77 c:/nxp/mcuxpressoide_11.1.0_3209/ide/plugins/com.nxp.mcuxpresso.tools.win32_11.1.0.201909161352/tools/bin/../lib/gcc/arm-none-eabi/8.3.1/../../../../arm-none-eabi/lib/thumb/v6-m/nofp\libcr_c.a(ftell.o)
 .comment       0x00000076       0x77 c:/nxp/mcuxpressoide_11.1.0_3209/ide/plugins/com.nxp.mcuxpresso.tools.win32_11.1.0.201909161352/tools/bin/../lib/gcc/arm-none-eabi/8.3.1/../../../../arm-none-eabi/lib/thumb/v6-m/nofp\libcr_c.a(initio.o)
 .comment       0x00000076       0x77 c:/nxp/mcuxpressoide_11.1.0_3209/ide/plugins/com.nxp.mcuxpresso.tools.win32_11.1.0.201909161352/tools/bin/../lib/gcc/arm-none-eabi/8.3.1/../../../../arm-none-eabi/lib/thumb/v6-m/nofp\libcr_c.a(printf.o)
 .comment       0x00000076       0x77 c:/nxp/mcuxpressoide_11.1.0_3209/ide/plugins/com.nxp.mcuxpresso.tools.win32_11.1.0.201909161352/tools/bin/../lib/gcc/arm-none-eabi/8.3.1/../../../../arm-none-eabi/lib/thumb/v6-m/nofp\libcr_c.a(setvbuf.o)
 .comment       0x00000076       0x77 c:/nxp/mcuxpressoide_11.1.0_3209/ide/plugins/com.nxp.mcuxpresso.tools.win32_11.1.0.201909161352/tools/bin/../lib/gcc/arm-none-eabi/8.3.1/../../../../arm-none-eabi/lib/thumb/v6-m/nofp\libcr_c.a(sin.o)