core_cm0plus.h:745:22:NVIC_EnableIRQ	16	static
fsl_common.h:212:20:EnableIRQ	16	static
fsl_dac.h:210:20:DAC_Enable	16	static
fsl_adc16.h:382:20:ADC16_EnableHardwareTrigger	16	static
fsl_adc16.h:500:24:ADC16_GetChannelConversionValue	16	static
fsl_dma.h:558:20:DMA_StartTransfer	16	static
fsl_dmamux.h:98:20:DMAMUX_EnableChannel	16	static
fsl_dmamux.h:128:20:DMAMUX_SetSource	24	static
Program2.c:161:13:InitDAC	16	static
Program2.c:183:13:InitADC	24	static
Program2.c:231:13:InitDMA	8	static
Program2.c:244:6:Define_SineTable	40	static
Program2.c:263:6:ADC0_IRQHandler	8	static
Program2.c:275:6:DMA_Callback	16	static
Program2.c:283:5:main	24	static
Program2.c:397:13:LEDgive_task	24	static
Program2.c:412:13:DAC_task	16	static
Program2.c:431:13:ADCstart_task	16	static
Program2.c:445:13:ADCread_task	56	static
Program2.c:483:13:DSP_task	112	static
Program2.c:537:13:SwTimerCallback	16	static
