core_cm0plus.h:745:22:NVIC_EnableIRQ	16	static
fsl_common.h:212:20:EnableIRQ	16	static
fsl_dac.h:210:20:DAC_Enable	16	static
fsl_adc16.h:382:20:ADC16_EnableHardwareTrigger	16	static
fsl_adc16.h:500:24:ADC16_GetChannelConversionValue	16	static
fsl_dma.h:558:20:DMA_StartTransfer	16	static
fsl_dmamux.h:98:20:DMAMUX_EnableChannel	16	static
fsl_dmamux.h:128:20:DMAMUX_SetSource	24	static
Program2.c:152:13:InitDAC	16	static
Program2.c:174:13:InitADC	24	static
Program2.c:222:13:InitDMA	8	static
Program2.c:235:6:Define_SineTable	40	static
Program2.c:254:6:ADC0_IRQHandler	8	static
Program2.c:266:6:DMA_Callback	16	static
Program2.c:274:5:main	24	static
Program2.c:377:13:DAC_task	16	static
Program2.c:394:13:ADCstart_task	16	static
Program2.c:408:13:ADCread_task	56	static
Program2.c:440:13:DSP_task	112	static
Program2.c:492:13:SwTimerCallback	16	static
