Archive member included to satisfy reference by file (symbol)

c:/nxp/mcuxpressoide_11.1.0_3209/ide/plugins/com.nxp.mcuxpresso.tools.win32_11.1.0.201909161352/tools/bin/../lib/gcc/arm-none-eabi/8.3.1/../../../../arm-none-eabi/lib/thumb/v6-m/nofp\libcr_semihost_nf.a(_cr__main.o)
                              ./startup/startup_mkl25z4.o (__main)
c:/nxp/mcuxpressoide_11.1.0_3209/ide/plugins/com.nxp.mcuxpresso.tools.win32_11.1.0.201909161352/tools/bin/../lib/gcc/arm-none-eabi/8.3.1/../../../../arm-none-eabi/lib/thumb/v6-m/nofp\libcr_semihost_nf.a(_cr_assert.o)
                              ./source/Program2.o (__assertion_failed)
c:/nxp/mcuxpressoide_11.1.0_3209/ide/plugins/com.nxp.mcuxpresso.tools.win32_11.1.0.201909161352/tools/bin/../lib/gcc/arm-none-eabi/8.3.1/../../../../arm-none-eabi/lib/thumb/v6-m/nofp\libcr_semihost_nf.a(__ciob.o)
                              c:/nxp/mcuxpressoide_11.1.0_3209/ide/plugins/com.nxp.mcuxpresso.tools.win32_11.1.0.201909161352/tools/bin/../lib/gcc/arm-none-eabi/8.3.1/../../../../arm-none-eabi/lib/thumb/v6-m/nofp\libcr_semihost_nf.a(_cr_assert.o) (__Ciob)
c:/nxp/mcuxpressoide_11.1.0_3209/ide/plugins/com.nxp.mcuxpresso.tools.win32_11.1.0.201909161352/tools/bin/../lib/gcc/arm-none-eabi/8.3.1/../../../../arm-none-eabi/lib/thumb/v6-m/nofp\libcr_semihost_nf.a(__sys_appexit.o)
                              c:/nxp/mcuxpressoide_11.1.0_3209/ide/plugins/com.nxp.mcuxpresso.tools.win32_11.1.0.201909161352/tools/bin/../lib/gcc/arm-none-eabi/8.3.1/../../../../arm-none-eabi/lib/thumb/v6-m/nofp\libcr_semihost_nf.a(_cr_assert.o) (__sys_appexit)
c:/nxp/mcuxpressoide_11.1.0_3209/ide/plugins/com.nxp.mcuxpresso.tools.win32_11.1.0.201909161352/tools/bin/../lib/gcc/arm-none-eabi/8.3.1/../../../../arm-none-eabi/lib/thumb/v6-m/nofp\libcr_c.a(memcpy.o)
                              ./freertos/queue.o (memcpy)
c:/nxp/mcuxpressoide_11.1.0_3209/ide/plugins/com.nxp.mcuxpresso.tools.win32_11.1.0.201909161352/tools/bin/../lib/gcc/arm-none-eabi/8.3.1/../../../../arm-none-eabi/lib/thumb/v6-m/nofp\libcr_c.a(memset.o)
                              ./freertos/tasks.o (memset)
c:/nxp/mcuxpressoide_11.1.0_3209/ide/plugins/com.nxp.mcuxpresso.tools.win32_11.1.0.201909161352/tools/bin/../lib/gcc/arm-none-eabi/8.3.1/../../../../arm-none-eabi/lib/thumb/v6-m/nofp\libcr_c.a(_deferredlazyseek.o)
                              c:/nxp/mcuxpressoide_11.1.0_3209/ide/plugins/com.nxp.mcuxpresso.tools.win32_11.1.0.201909161352/tools/bin/../lib/gcc/arm-none-eabi/8.3.1/../../../../arm-none-eabi/lib/thumb/v6-m/nofp\libcr_semihost_nf.a(_cr_assert.o) (__flsbuf)
c:/nxp/mcuxpressoide_11.1.0_3209/ide/plugins/com.nxp.mcuxpresso.tools.win32_11.1.0.201909161352/tools/bin/../lib/gcc/arm-none-eabi/8.3.1/../../../../arm-none-eabi/lib/thumb/v6-m/nofp\libcr_c.a(_fflush.o)
                              c:/nxp/mcuxpressoide_11.1.0_3209/ide/plugins/com.nxp.mcuxpresso.tools.win32_11.1.0.201909161352/tools/bin/../lib/gcc/arm-none-eabi/8.3.1/../../../../arm-none-eabi/lib/thumb/v6-m/nofp\libcr_c.a(_deferredlazyseek.o) (_fflush)
c:/nxp/mcuxpressoide_11.1.0_3209/ide/plugins/com.nxp.mcuxpresso.tools.win32_11.1.0.201909161352/tools/bin/../lib/gcc/arm-none-eabi/8.3.1/../../../../arm-none-eabi/lib/thumb/v6-m/nofp\libcr_c.a(_writebuf.o)
                              c:/nxp/mcuxpressoide_11.1.0_3209/ide/plugins/com.nxp.mcuxpresso.tools.win32_11.1.0.201909161352/tools/bin/../lib/gcc/arm-none-eabi/8.3.1/../../../../arm-none-eabi/lib/thumb/v6-m/nofp\libcr_c.a(_deferredlazyseek.o) (_Cwritebuf)
c:/nxp/mcuxpressoide_11.1.0_3209/ide/plugins/com.nxp.mcuxpresso.tools.win32_11.1.0.201909161352/tools/bin/../lib/gcc/arm-none-eabi/8.3.1/../../../../arm-none-eabi/lib/thumb/v6-m/nofp\libcr_c.a(alloc.o)
                              c:/nxp/mcuxpressoide_11.1.0_3209/ide/plugins/com.nxp.mcuxpresso.tools.win32_11.1.0.201909161352/tools/bin/../lib/gcc/arm-none-eabi/8.3.1/../../../../arm-none-eabi/lib/thumb/v6-m/nofp\libcr_c.a(_deferredlazyseek.o) (_Csys_alloc)
c:/nxp/mcuxpressoide_11.1.0_3209/ide/plugins/com.nxp.mcuxpresso.tools.win32_11.1.0.201909161352/tools/bin/../lib/gcc/arm-none-eabi/8.3.1/../../../../arm-none-eabi/lib/thumb/v6-m/nofp\libcr_c.a(fpprintf.o)
                              ./source/Program2.o (printf)
c:/nxp/mcuxpressoide_11.1.0_3209/ide/plugins/com.nxp.mcuxpresso.tools.win32_11.1.0.201909161352/tools/bin/../lib/gcc/arm-none-eabi/8.3.1/../../../../arm-none-eabi/lib/thumb/v6-m/nofp\libcr_c.a(fputs.o)
                              c:/nxp/mcuxpressoide_11.1.0_3209/ide/plugins/com.nxp.mcuxpresso.tools.win32_11.1.0.201909161352/tools/bin/../lib/gcc/arm-none-eabi/8.3.1/../../../../arm-none-eabi/lib/thumb/v6-m/nofp\libcr_semihost_nf.a(_cr_assert.o) (fputs)
c:/nxp/mcuxpressoide_11.1.0_3209/ide/plugins/com.nxp.mcuxpresso.tools.win32_11.1.0.201909161352/tools/bin/../lib/gcc/arm-none-eabi/8.3.1/../../../../arm-none-eabi/lib/thumb/v6-m/nofp\libcr_c.a(fseek.o)
[...]
Memory Configuration

Name             Origin             Length             Attributes
PROGRAM_FLASH    0x00000000         0x00020000         xr
SRAM             0x1ffff000         0x00004000         xrw
*default*        0x00000000         0xffffffff

Linker script and memory map

LOAD ./utilities/fsl_debug_console.o
LOAD ./startup/startup_mkl25z4.o
LOAD ./source/LED_control.o
LOAD ./source/Program2.o
LOAD ./source/delay.o
LOAD ./source/mtb.o
LOAD ./source/semihost_hardfault.o
LOAD ./freertos/croutine.o
LOAD ./freertos/event_groups.o
LOAD ./freertos/fsl_tickless_lptmr.o
LOAD ./freertos/fsl_tickless_systick.o
LOAD ./freertos/heap_4.o
LOAD ./freertos/list.o
LOAD ./freertos/port.o
LOAD ./freertos/queue.o
LOAD ./freertos/tasks.o
LOAD ./freertos/timers.o
LOAD ./drivers/fsl_adc16.o
LOAD ./drivers/fsl_clock.o
LOAD ./drivers/fsl_common.o
LOAD ./drivers/fsl_dac.o
LOAD ./drivers/fsl_dma.o
LOAD ./drivers/fsl_dmamux.o
LOAD ./drivers/fsl_flash.o
LOAD ./drivers/fsl_gpio.o
LOAD ./drivers/fsl_lpsci.o
LOAD ./drivers/fsl_lpsci_dma.o
LOAD ./drivers/fsl_lpsci_freertos.o
LOAD ./drivers/fsl_smc.o
LOAD ./drivers/fsl_uart.o
LOAD ./drivers/fsl_uart_dma.o
LOAD ./drivers/fsl_uart_freertos.o
LOAD ./board/board.o
LOAD ./board/clock_config.o
LOAD ./board/peripherals.o
LOAD ./board/pin_mux.o
LOAD ./CMSIS/system_MKL25Z4.o
START GROUP
LOAD c:/nxp/mcuxpressoide_11.1.0_3209/ide/plugins/com.nxp.mcuxpresso.tools.win32_11.1.0.201909161352/tools/bin/../lib/gcc/arm-none-eabi/8.3.1/../../../../arm-none-eabi/lib/thumb/v6-m/nofp\libcr_semihost_nf.a
LOAD c:/nxp/mcuxpressoide_11.1.0_3209/ide/plugins/com.nxp.mcuxpresso.tools.win32_11.1.0.201909161352/tools/bin/../lib/gcc/arm-none-eabi/8.3.1/../../../../arm-none-eabi/lib/thumb/v6-m/nofp\libcr_c.a
LOAD c:/nxp/mcuxpressoide_11.1.0_3209/ide/plugins/com.nxp.mcuxpresso.tools.win32_11.1.0.201909161352/tools/bin/../lib/gcc/arm-none-eabi/8.3.1/thumb/v6-m/nofp\libcr_eabihelpers.a
LOAD c:/nxp/mcuxpressoide_11.1.0_3209/ide/plugins/com.nxp.mcuxpresso.tools.win32_11.1.0.201909161352/tools/bin/../lib/gcc/arm-none-eabi/8.3.1/thumb/v6-m/nofp\libgcc.a
END GROUP
                0x00000000                __base_PROGRAM_FLASH = 0x0
                0x00000000                __base_Flash = 0x0
                0x00020000                __top_PROGRAM_FLASH = 0x20000
                0x00020000                __top_Flash = 0x20000
                0x1ffff000                __base_SRAM = 0x1ffff000
                0x1ffff000                __base_RAM = 0x1ffff000
                0x20003000                __top_SRAM = 0x20003000
                0x20003000                __top_RAM = 0x20003000

.text           0x00000000     0x91b8
 FILL mask 0xff
                0x00000000                __vectors_start__ = ABSOLUTE (.)
 *(SORT_BY_ALIGNMENT(.isr_vector))
 .isr_vector    0x00000000       0xc0 ./startup/startup_mkl25z4.o
                0x00000000                g_pfnVectors
                0x00000000                __Vectors
                0x000000c0                . = ALIGN (0x4)
                0x000000c0                __section_table_start = .
                0x000000c0                __data_section_table = .
                0x000000c0        0x4 LONG 0x91b8 LOADADDR (.data)
                0x000000c4        0x4 LONG 0x1ffff080 ADDR (.data)
                0x000000c8        0x4 LONG 0x10 SIZEOF (.data)
                0x000000cc                __data_section_table_end = .
                0x000000cc                __bss_section_table = .
                0x000000cc        0x4 LONG 0x1ffff090 ADDR (.bss)
                0x000000d0        0x4 LONG 0x2d94 SIZEOF (.bss)
                0x000000d4                __bss_section_table_end = .
                0x000000d4                __section_table_end = .
 *(SORT_BY_ALIGNMENT(.after_vectors*))
 .after_vectors.reset
                0x000000d4       0x4c ./startup/startup_mkl25z4.o
                0x000000d4                ResetISR
 .after_vectors.init_data
                0x00000120       0x12 ./startup/startup_mkl25z4.o
                0x00000120                data_init
 .after_vectors.init_bss
                0x00000132       0x10 ./startup/startup_mkl25z4.o
                0x00000132                bss_init
 .after_vectors
                0x00000142      0x10c ./startup/startup_mkl25z4.o
                0x00000142                NMI_Handler
                0x0000014c                I2C0_DriverIRQHandler
                0x0000014c                SPI1_DriverIRQHandler
                0x0000014c                LPTMR0_DriverIRQHandler
                0x0000014c                Reserved39_DriverIRQHandler
                0x0000014c                PIT_DriverIRQHandler
                0x0000014c                PORTD_DriverIRQHandler
                0x0000014c                CMP0_DriverIRQHandler
                0x0000014c                ADC0_DriverIRQHandler
                0x0000014c                TPM2_DriverIRQHandler
                0x0000014c                SPI0_DriverIRQHandler
                0x0000014c                I2C1_DriverIRQHandler
                0x0000014c                TSI0_DriverIRQHandler
                0x0000014c                RTC_Seconds_DriverIRQHandler
                0x0000014c                RTC_DriverIRQHandler
                0x0000014c                TPM1_DriverIRQHandler
                0x0000014c                LLWU_DriverIRQHandler
                0x0000014c                MCG_DriverIRQHandler
                0x0000014c                PORTA_DriverIRQHandler
                0x0000014c                Reserved45_DriverIRQHandler
                0x0000014c                FTFA_DriverIRQHandler
                0x0000014c                IntDefaultHandler
                0x0000014c                USB0_DriverIRQHandler
                0x0000014c                DAC0_DriverIRQHandler
                0x0000014c                Reserved20_DriverIRQHandler
                0x0000014c                LVD_LVW_DriverIRQHandler
                0x0000014c                TPM0_DriverIRQHandler
                0x0000014e                DMA0_IRQHandler
                0x00000156                DMA1_IRQHandler
                0x0000015e                DMA2_IRQHandler
                0x00000166                DMA3_IRQHandler
                0x0000016e                Reserved20_IRQHandler
                0x00000176                FTFA_IRQHandler
                0x0000017e                LVD_LVW_IRQHandler
                0x00000186                LLWU_IRQHandler
                0x0000018e                I2C0_IRQHandler
                0x00000196                I2C1_IRQHandler
                0x0000019e                SPI0_IRQHandler
                0x000001a6                SPI1_IRQHandler
                0x000001ae                UART0_IRQHandler
                0x000001b6                UART1_IRQHandler
                0x000001be                UART2_IRQHandler
                0x000001ce                CMP0_IRQHandler
                0x000001d6                TPM0_IRQHandler
                0x000001de                TPM1_IRQHandler
                0x000001e6                TPM2_IRQHandler
                0x000001ee                RTC_IRQHandler
                0x000001f6                RTC_Seconds_IRQHandler
                0x000001fe                PIT_IRQHandler
                0x00000206                Reserved39_IRQHandler
                0x0000020e                USB0_IRQHandler
                0x00000216                DAC0_IRQHandler
                0x0000021e                TSI0_IRQHandler
                0x00000226                MCG_IRQHandler
                0x0000022e                LPTMR0_IRQHandler
                0x00000236                Reserved45_IRQHandler
                0x0000023e                PORTA_IRQHandler
                0x00000246                PORTD_IRQHandler
                0x00000400                . = 0x400
 *fill*         0x0000024e      0x1b2 ff
                0x00000400                PROVIDE (__FLASH_CONFIG_START__ = .)
 *(SORT_BY_ALIGNMENT(.FlashConfig))
 .FlashConfig   0x00000400       0x10 ./startup/startup_mkl25z4.o
                0x00000400                Flash_Config
                0x00000410                PROVIDE (__FLASH_CONFIG_END__ = .)
                0x00000001                ASSERT (! ((__FLASH_CONFIG_START__ == __FLASH_CONFIG_END__)), Linker Flash Config Support Enabled, but no .FlashConfig section provided within application)
 *(SORT_BY_ALIGNMENT(.text*))
 .text.vPortStartFirstTask
                0x00000410       0x38 ./freertos/port.o
 *fill*         0x00000448        0x8 ff
 .text.PendSV_Handler
                0x00000450       0x48 ./freertos/port.o
                0x00000450                PendSV_Handler
 .text.DbgConsole_Init
                0x00000498       0xf0 ./utilities/fsl_debug_console.o
                0x00000498                DbgConsole_Init
 .text.__sys_write
                0x00000588       0x58 ./utilities/fsl_debug_console.o
                0x00000588                __sys_write
 .text.LED_init
                0x000005e0       0xd0 ./source/LED_control.o
                0x000005e0                LED_init
 .text.LED_toggle
                0x000006b0       0x74 ./source/LED_control.o
                0x000006b0                LED_toggle
 .text.NVIC_EnableIRQ
                0x00000724       0x2c ./source/Program2.o
 .text.ADC16_GetChannelConversionValue
                0x00000750       0x30 ./source/Program2.o
 .text.DMA_StartTransfer
                0x00000780       0x54 ./source/Program2.o
 .text.DMAMUX_EnableChannel
                0x000007d4       0x40 ./source/Program2.o
 .text.DMAMUX_SetSource
                0x00000814       0x50 ./source/Program2.o
 .text.InitDAC  0x00000864       0x30 ./source/Program2.o
 .text.InitADC  0x00000894       0x6c ./source/Program2.o
 .text.InitDMA  0x00000900       0x2c ./source/Program2.o
 .text.Define_SineTable
                0x0000092c       0xcc ./source/Program2.o
                0x0000092c                Define_SineTable
 .text.ADC0_IRQHandler
                0x000009f8       0x30 ./source/Program2.o
                0x000009f8                ADC0_IRQHandler
 .text.DMA_Callback
                0x00000a28       0x20 ./source/Program2.o
                0x00000a28                DMA_Callback
 .text.main     0x00000a48      0x118 ./source/Program2.o
                0x00000a48                main
 .text.DAC_task
                0x00000b60       0x48 ./source/Program2.o
 .text.ADCstart_task
                0x00000ba8       0x30 ./source/Program2.o
 .text.ADCread_task
                0x00000bd8       0xac ./source/Program2.o
 .text.DSP_task
                0x00000c84      0x28c ./source/Program2.o
 .text.SwTimerCallback
                0x00000f10       0x40 ./source/Program2.o
 .text.HardFault_Handler
                0x00000f50       0x30 ./source/semihost_hardfault.o
                0x00000f50                HardFault_Handler
 .text.prvSetupTimerInterrupt
                0x00000f80       0x40 ./freertos/fsl_tickless_lptmr.o
                0x00000f80                prvSetupTimerInterrupt
 .text.pvPortMalloc
                0x00000fc0      0x14c ./freertos/heap_4.o
                0x00000fc0                pvPortMalloc
 .text.vPortFree
                0x0000110c       0x90 ./freertos/heap_4.o
                0x0000110c                vPortFree
 .text.prvHeapInit
                0x0000119c       0xc0 ./freertos/heap_4.o
 .text.prvInsertBlockIntoFreeList
                0x0000125c       0xb0 ./freertos/heap_4.o
 .text.pxPortInitialiseStack
                0x0000130c       0x54 ./freertos/port.o
                0x0000130c                pxPortInitialiseStack
 .text.prvTaskExitError
                0x00001360       0x18 ./freertos/port.o
 .text.xPortStartScheduler
                0x00001378       0x44 ./freertos/port.o
                0x00001378                xPortStartScheduler
 .text.vPortEndScheduler
                0x000013bc       0x20 ./freertos/port.o
                0x000013bc                vPortEndScheduler
 .text.vPortYield
                0x000013dc       0x20 ./freertos/port.o
                0x000013dc                vPortYield
 .text.vPortEnterCritical
                0x000013fc       0x24 ./freertos/port.o
                0x000013fc                vPortEnterCritical
 .text.vPortExitCritical
                0x00001420       0x30 ./freertos/port.o
                0x00001420                vPortExitCritical
 .text.SysTick_Handler
                0x00001450       0x34 ./freertos/port.o
                0x00001450                SysTick_Handler
 .text.vQueueAddToRegistry
                0x00001484       0x50 ./freertos/queue.o
                0x00001484                vQueueAddToRegistry
 .text.prvInitialiseNewTask
                0x000014d4      0x120 ./freertos/tasks.o
 .text.prvAddNewTaskToReadyList
                0x000015f4       0xd0 ./freertos/tasks.o
 .text.vTaskSuspend
                0x000016c4       0xb8 ./freertos/tasks.o
                0x000016c4                vTaskSuspend
 .text.prvTaskIsTaskSuspended
                0x0000177c       0x60 ./freertos/tasks.o
 .text.vTaskResume
                0x000017dc       0x9c ./freertos/tasks.o
                0x000017dc                vTaskResume
 .text.xTaskResumeFromISR
                0x00001878       0xbc ./freertos/tasks.o
                0x00001878                xTaskResumeFromISR
 .text.vTaskStartScheduler
                0x00001934       0x78 ./freertos/tasks.o
                0x00001934                vTaskStartScheduler
 .text.vTaskEndScheduler
                0x000019ac       0x1c ./freertos/tasks.o
                0x000019ac                vTaskEndScheduler
 .text.vTaskSuspendAll
                0x000019c8       0x18 ./freertos/tasks.o
                0x000019c8                vTaskSuspendAll
 .text.xTaskResumeAll
                0x000019e0      0x118 ./freertos/tasks.o
                0x000019e0                xTaskResumeAll
 .text.xTaskGetTickCount
                0x00001af8       0x1c ./freertos/tasks.o
                0x00001af8                xTaskGetTickCount
 .text.xTaskIncrementTick
                0x00001b14      0x14c ./freertos/tasks.o
                0x00001b14                xTaskIncrementTick
 .text.vTaskSwitchContext
                0x00001c60       0xa4 ./freertos/tasks.o
                0x00001c60                vTaskSwitchContext
 .text.vTaskPlaceOnEventList
                0x00001d04       0x3c ./freertos/tasks.o
                0x00001d04                vTaskPlaceOnEventList
 .text.vTaskPlaceOnEventListRestricted
                0x00001d40       0x4c ./freertos/tasks.o
                0x00001d40                vTaskPlaceOnEventListRestricted
 .text.xTaskRemoveFromEventList
                0x00001d8c       0xb8 ./freertos/tasks.o
                0x00001d8c                xTaskRemoveFromEventList
 .text.vTaskSetTimeOutState
                0x00001e44       0x34 ./freertos/tasks.o
                0x00001e44                vTaskSetTimeOutState
 .text.xTaskCheckForTimeOut
                0x00001e78       0x9c ./freertos/tasks.o
                0x00001e78                xTaskCheckForTimeOut
 .text.vTaskMissedYield
                0x00001f14       0x14 ./freertos/tasks.o
                0x00001f14                vTaskMissedYield
 .text.prvIdleTask
                0x00001f28       0x20 ./freertos/tasks.o
 .text.prvInitialiseTaskLists
                0x00001f48       0x88 ./freertos/tasks.o
 .text.prvCheckTasksWaitingTermination
                0x00001fd0       0x74 ./freertos/tasks.o
 .text.prvResetNextTaskUnblockTime
                0x00002044       0x48 ./freertos/tasks.o
 .text.xTaskGetSchedulerState
                0x0000208c       0x38 ./freertos/tasks.o
                0x0000208c                xTaskGetSchedulerState
 .text.vTaskPriorityInherit
                0x000020c4       0xbc ./freertos/tasks.o
                0x000020c4                vTaskPriorityInherit
 .text.xTaskPriorityDisinherit
                0x00002180       0xb8 ./freertos/tasks.o
                0x00002180                xTaskPriorityDisinherit
 .text.pvTaskIncrementMutexHeldCount
                0x00002238       0x24 ./freertos/tasks.o
                0x00002238                pvTaskIncrementMutexHeldCount
 .text.xTaskGenericNotify
                0x0000225c      0x118 ./freertos/tasks.o
                0x0000225c                xTaskGenericNotify
 .text.xTaskGenericNotifyFromISR
                0x00002374      0x154 ./freertos/tasks.o
                0x00002374                xTaskGenericNotifyFromISR
 .text.prvAddCurrentTaskToDelayedList
                0x000024c8       0xa8 ./freertos/tasks.o
 .text.xTimerCreateTimerTask
                0x00002570       0x54 ./freertos/timers.o
                0x00002570                xTimerCreateTimerTask
 .text.xTimerGenericCommand
                0x000025c4       0x94 ./freertos/timers.o
                0x000025c4                xTimerGenericCommand
 .text.prvProcessExpiredTimer
                0x00002658       0x70 ./freertos/timers.o
 .text.prvProcessTimerOrBlockTask
                0x000026c8       0x8c ./freertos/timers.o
 .text.prvGetNextExpireTime
                0x00002754       0x40 ./freertos/timers.o
 .text.prvSampleTimeNow
                0x00002794       0x40 ./freertos/timers.o
 .text.prvInsertTimerInActiveList
                0x000027d4       0x84 ./freertos/timers.o
 .text.prvProcessReceivedCommands
                0x00002858      0x124 ./freertos/timers.o
 .text.prvSwitchTimerLists
                0x0000297c       0xb4 ./freertos/timers.o
 .text.prvCheckForValidListAndQueue
                0x00002a30       0x74 ./freertos/timers.o
 .text.CLOCK_EnableClock
                0x00002aa4       0x34 ./drivers/fsl_adc16.o
 .text.ADC16_GetInstance
                0x00002ad8       0x48 ./drivers/fsl_adc16.o
 .text.ADC16_Init
                0x00002b20      0x114 ./drivers/fsl_adc16.o
                0x00002b20                ADC16_Init
 .text.ADC16_GetDefaultConfig
                0x00002c34       0x58 ./drivers/fsl_adc16.o
                0x00002c34                ADC16_GetDefaultConfig
 .text.ADC16_SetChannelConfig
                0x00002c8c       0x6c ./drivers/fsl_adc16.o
                0x00002c8c                ADC16_SetChannelConfig
 .text.ADC16_GetChannelStatusFlags
                0x00002cf8       0x40 ./drivers/fsl_adc16.o
                0x00002cf8                ADC16_GetChannelStatusFlags
 .text.CLOCK_SetEr32kClock
                0x00002d38       0x34 ./drivers/fsl_clock.o
 .text.CLOCK_SetPllFllSelClock
                0x00002d6c       0x38 ./drivers/fsl_clock.o
 .text.CLOCK_GetMcgExtClkFreq
                0x00002da4       0x28 ./drivers/fsl_clock.o
 .text.CLOCK_GetFllExtRefClkFreq
                0x00002dcc       0xa4 ./drivers/fsl_clock.o
 .text.CLOCK_GetFllRefClkFreq
                0x00002e70       0x2c ./drivers/fsl_clock.o
 .text.CLOCK_GetOscRangeFromFreq
                0x00002e9c       0x4c ./drivers/fsl_clock.o
 .text.CLOCK_GetPllFllSelClkFreq
                0x00002ee8       0x4c ./drivers/fsl_clock.o
                0x00002ee8                CLOCK_GetPllFllSelClkFreq
 .text.CLOCK_SetSimConfig
                0x00002f34       0x38 ./drivers/fsl_clock.o
                0x00002f34                CLOCK_SetSimConfig
 .text.CLOCK_GetFllFreq
                0x00002f6c       0x84 ./drivers/fsl_clock.o
                0x00002f6c                CLOCK_GetFllFreq
 .text.CLOCK_GetPll0Freq
                0x00002ff0       0x70 ./drivers/fsl_clock.o
                0x00002ff0                CLOCK_GetPll0Freq
 .text.CLOCK_SetInternalRefClkConfig
                0x00003060      0x124 ./drivers/fsl_clock.o
                0x00003060                CLOCK_SetInternalRefClkConfig
 .text.CLOCK_EnablePll0
                0x00003184       0x90 ./drivers/fsl_clock.o
                0x00003184                CLOCK_EnablePll0
 .text.CLOCK_InitOsc0
                0x00003214       0x94 ./drivers/fsl_clock.o
                0x00003214                CLOCK_InitOsc0
 .text.CLOCK_SetPbeMode
                0x000032a8       0xb0 ./drivers/fsl_clock.o
                0x000032a8                CLOCK_SetPbeMode
 .text.CLOCK_BootToPeeMode
                0x00003358       0x70 ./drivers/fsl_clock.o
                0x00003358                CLOCK_BootToPeeMode
 .text.CLOCK_EnableClock
                0x000033c8       0x34 ./drivers/fsl_dac.o
 .text.DAC_GetInstance
                0x000033fc       0x48 ./drivers/fsl_dac.o
 .text.DAC_Init
                0x00003444       0x80 ./drivers/fsl_dac.o
                0x00003444                DAC_Init
 .text.DAC_GetDefaultConfig
                0x000034c4       0x30 ./drivers/fsl_dac.o
                0x000034c4                DAC_GetDefaultConfig
 .text.DAC_SetBufferValue
                0x000034f4       0x64 ./drivers/fsl_dac.o
                0x000034f4                DAC_SetBufferValue
 .text.NVIC_EnableIRQ
                0x00003558       0x2c ./drivers/fsl_dma.o
 .text.CLOCK_EnableClock
                0x00003584       0x34 ./drivers/fsl_dma.o
 .text.DMA_EnableInterrupts
                0x000035b8       0x4c ./drivers/fsl_dma.o
 .text.DMA_ClearChannelStatusFlags
                0x00003604       0x54 ./drivers/fsl_dma.o
 .text.DMA_GetInstance
                0x00003658       0x48 ./drivers/fsl_dma.o
 .text.DMA_Init
                0x000036a0       0x24 ./drivers/fsl_dma.o
                0x000036a0                DMA_Init
 .text.DMA_ResetChannel
                0x000036c4       0x90 ./drivers/fsl_dma.o
                0x000036c4                DMA_ResetChannel
 .text.DMA_SetTransferConfig
                0x00003754       0xdc ./drivers/fsl_dma.o
                0x00003754                DMA_SetTransferConfig
 .text.DMA_CreateHandle
                0x00003830       0x90 ./drivers/fsl_dma.o
                0x00003830                DMA_CreateHandle
 .text.DMA_PrepareTransfer
                0x000038c0      0x130 ./drivers/fsl_dma.o
                0x000038c0                DMA_PrepareTransfer
 .text.DMA_SetCallback
                0x000039f0       0x34 ./drivers/fsl_dma.o
                0x000039f0                DMA_SetCallback
 .text.DMA_SubmitTransfer
                0x00003a24       0x9c ./drivers/fsl_dma.o
                0x00003a24                DMA_SubmitTransfer
 .text.DMA_HandleIRQ
                0x00003ac0       0x4c ./drivers/fsl_dma.o
                0x00003ac0                DMA_HandleIRQ
 .text.DMA0_DriverIRQHandler
                0x00003b0c       0x18 ./drivers/fsl_dma.o
                0x00003b0c                DMA0_DriverIRQHandler
 .text.DMA1_DriverIRQHandler
                0x00003b24       0x18 ./drivers/fsl_dma.o
                0x00003b24                DMA1_DriverIRQHandler
 .text.DMA2_DriverIRQHandler
                0x00003b3c       0x18 ./drivers/fsl_dma.o
                0x00003b3c                DMA2_DriverIRQHandler
 .text.DMA3_DriverIRQHandler
                0x00003b54       0x18 ./drivers/fsl_dma.o
                0x00003b54                DMA3_DriverIRQHandler
 .text.CLOCK_EnableClock
                0x00003b6c       0x34 ./drivers/fsl_dmamux.o
 .text.DMAMUX_GetInstance
                0x00003ba0       0x48 ./drivers/fsl_dmamux.o
 .text.DMAMUX_Init
                0x00003be8       0x24 ./drivers/fsl_dmamux.o
                0x00003be8                DMAMUX_Init
 .text.CLOCK_EnableClock
                0x00003c0c       0x34 ./drivers/fsl_lpsci.o
 .text.LPSCI_GetInstance
                0x00003c40       0x48 ./drivers/fsl_lpsci.o
                0x00003c40                LPSCI_GetInstance
 .text.LPSCI_Init
                0x00003c88      0x258 ./drivers/fsl_lpsci.o
                0x00003c88                LPSCI_Init
 .text.LPSCI_GetDefaultConfig
                0x00003ee0       0x44 ./drivers/fsl_lpsci.o
                0x00003ee0                LPSCI_GetDefaultConfig
 .text.LPSCI_ClearStatusFlags
                0x00003f24       0x94 ./drivers/fsl_lpsci.o
                0x00003f24                LPSCI_ClearStatusFlags
 .text.LPSCI_WriteBlocking
                0x00003fb8       0x4c ./drivers/fsl_lpsci.o
                0x00003fb8                LPSCI_WriteBlocking
 .text.LPSCI_ReadBlocking
                0x00004004       0xc0 ./drivers/fsl_lpsci.o
                0x00004004                LPSCI_ReadBlocking
 .text.UART0_DriverIRQHandler
                0x000040c4       0x24 ./drivers/fsl_lpsci.o
                0x000040c4                UART0_DriverIRQHandler
 .text.CLOCK_EnableClock
                0x000040e8       0x34 ./drivers/fsl_uart.o
 .text.UART_GetInstance
                0x0000411c       0x54 ./drivers/fsl_uart.o
                0x0000411c                UART_GetInstance
 .text.UART_Init
                0x00004170      0x1e0 ./drivers/fsl_uart.o
                0x00004170                UART_Init
 .text.UART_GetDefaultConfig
                0x00004350       0x44 ./drivers/fsl_uart.o
                0x00004350                UART_GetDefaultConfig
 .text.UART_ReadBlocking
                0x00004394       0x98 ./drivers/fsl_uart.o
                0x00004394                UART_ReadBlocking
 .text.UART1_DriverIRQHandler
                0x0000442c       0x24 ./drivers/fsl_uart.o
                0x0000442c                UART1_DriverIRQHandler
 .text.UART2_DriverIRQHandler
                0x00004450       0x24 ./drivers/fsl_uart.o
                0x00004450                UART2_DriverIRQHandler
 .text.CLOCK_SetLpsci0Clock
                0x00004474       0x38 ./board/board.o
 .text.BOARD_InitDebugConsole
                0x000044ac       0x30 ./board/board.o
                0x000044ac                BOARD_InitDebugConsole
 .text.CLOCK_SetSimSafeDivs
                0x000044dc       0x20 ./board/clock_config.o
 .text.CLOCK_SetXtal0Freq
                0x000044fc       0x1c ./board/clock_config.o
 .text.CLOCK_CONFIG_SetFllExtRefDiv
                0x00004518       0x3c ./board/clock_config.o
 .text.BOARD_BootClockRUN
                0x00004554       0x64 ./board/clock_config.o
                0x00004554                BOARD_BootClockRUN
 .text.CLOCK_EnableClock
                0x000045b8       0x34 ./board/pin_mux.o
 .text.PORT_SetPinMux
                0x000045ec       0x40 ./board/pin_mux.o
 .text.BOARD_InitPins
                0x0000462c       0x4c ./board/pin_mux.o
                0x0000462c                BOARD_InitPins
 .text.SystemInit
                0x00004678       0x18 ./CMSIS/system_MKL25Z4.o
                0x00004678                SystemInit
 .text.SystemCoreClockUpdate
                0x00004690      0x238 ./CMSIS/system_MKL25Z4.o
                0x00004690                SystemCoreClockUpdate
 .text.__assertion_failed
                0x000048c8       0x4c c:/nxp/mcuxpressoide_11.1.0_3209/ide/plugins/com.nxp.mcuxpresso.tools.win32_11.1.0.201909161352/tools/bin/../lib/gcc/arm-none-eabi/8.3.1/../../../../arm-none-eabi/lib/thumb/v6-m/nofp\libcr_semihost_nf.a(_cr_assert.o)
                0x000048c8                __assertion_failed
 .text.__sys_appexit
                0x00004914        0xc c:/nxp/mcuxpressoide_11.1.0_3209/ide/plugins/com.nxp.mcuxpresso.tools.win32_11.1.0.201909161352/tools/bin/../lib/gcc/arm-none-eabi/8.3.1/../../../../arm-none-eabi/lib/thumb/v6-m/nofp\libcr_semihost_nf.a(__sys_appexit.o)
                0x00004914                __sys_appexit
                0x00004914                __exit
 .text._deferredlazyseek
                0x00004920       0x40 c:/nxp/mcuxpressoide_11.1.0_3209/ide/plugins/com.nxp.mcuxpresso.tools.win32_11.1.0.201909161352/tools/bin/../lib/gcc/arm-none-eabi/8.3.1/../../../../arm-none-eabi/lib/thumb/v6-m/nofp\libcr_c.a(_deferredlazyseek.o)
                0x00004920                _deferredlazyseek
 .text.__flsbuf
                0x00004960      0x14c c:/nxp/mcuxpressoide_11.1.0_3209/ide/plugins/com.nxp.mcuxpresso.tools.win32_11.1.0.201909161352/tools/bin/../lib/gcc/arm-none-eabi/8.3.1/../../../../arm-none-eabi/lib/thumb/v6-m/nofp\libcr_c.a(_deferredlazyseek.o)
                0x00004960                __flsbuf
 .text._fflush  0x00004aac       0x5c c:/nxp/mcuxpressoide_11.1.0_3209/ide/plugins/com.nxp.mcuxpresso.tools.win32_11.1.0.201909161352/tools/bin/../lib/gcc/arm-none-eabi/8.3.1/../../../../arm-none-eabi/lib/thumb/v6-m/nofp\libcr_c.a(_fflush.o)
                0x00004aac                _fflush
 .text._Cwritebuf
                0x00004b08       0x68 c:/nxp/mcuxpressoide_11.1.0_3209/ide/plugins/com.nxp.mcuxpresso.tools.win32_11.1.0.201909161352/tools/bin/../lib/gcc/arm-none-eabi/8.3.1/../../../../arm-none-eabi/lib/thumb/v6-m/nofp\libcr_c.a(_writebuf.o)
                0x00004b08                _Cwritebuf
 .text.malloc   0x00004b70       0xcc c:/nxp/mcuxpressoide_11.1.0_3209/ide/plugins/com.nxp.mcuxpresso.tools.win32_11.1.0.201909161352/tools/bin/../lib/gcc/arm-none-eabi/8.3.1/../../../../arm-none-eabi/lib/thumb/v6-m/nofp\libcr_c.a(alloc.o)
                0x00004b70                malloc
 .text._Csys_alloc
                0x00004c3c       0x20 c:/nxp/mcuxpressoide_11.1.0_3209/ide/plugins/com.nxp.mcuxpresso.tools.win32_11.1.0.201909161352/tools/bin/../lib/gcc/arm-none-eabi/8.3.1/../../../../arm-none-eabi/lib/thumb/v6-m/nofp\libcr_c.a(alloc.o)
                0x00004c3c                _Csys_alloc
 .text.sprintf  0x00004c5c       0x6c c:/nxp/mcuxpressoide_11.1.0_3209/ide/plugins/com.nxp.mcuxpresso.tools.win32_11.1.0.201909161352/tools/bin/../lib/gcc/arm-none-eabi/8.3.1/../../../../arm-none-eabi/lib/thumb/v6-m/nofp\libcr_c.a(fpprintf.o)
                0x00004c5c                sprintf
 .text.fp_display
                0x00004cc8      0x964 c:/nxp/mcuxpressoide_11.1.0_3209/ide/plugins/com.nxp.mcuxpresso.tools.win32_11.1.0.201909161352/tools/bin/../lib/gcc/arm-none-eabi/8.3.1/../../../../arm-none-eabi/lib/thumb/v6-m/nofp\libcr_c.a(fpprintf.o)
 .text.vsnprintf
                0x0000562c       0x70 c:/nxp/mcuxpressoide_11.1.0_3209/ide/plugins/com.nxp.mcuxpresso.tools.win32_11.1.0.201909161352/tools/bin/../lib/gcc/arm-none-eabi/8.3.1/../../../../arm-none-eabi/lib/thumb/v6-m/nofp\libcr_c.a(fpprintf.o)
                0x0000562c                vsnprintf
 .text.printf   0x0000569c       0x50 c:/nxp/mcuxpressoide_11.1.0_3209/ide/plugins/com.nxp.mcuxpresso.tools.win32_11.1.0.201909161352/tools/bin/../lib/gcc/arm-none-eabi/8.3.1/../../../../arm-none-eabi/lib/thumb/v6-m/nofp\libcr_c.a(fpprintf.o)
                0x0000569c                printf
 .text.fseek    0x000056ec       0xf0 c:/nxp/mcuxpressoide_11.1.0_3209/ide/plugins/com.nxp.mcuxpresso.tools.win32_11.1.0.201909161352/tools/bin/../lib/gcc/arm-none-eabi/8.3.1/../../../../arm-none-eabi/lib/thumb/v6-m/nofp\libcr_c.a(fseek.o)
                0x000056ec                fseek
 .text.ftell    0x000057dc       0x48 c:/nxp/mcuxpressoide_11.1.0_3209/ide/plugins/com.nxp.mcuxpresso.tools.win32_11.1.0.201909161352/tools/bin/../lib/gcc/arm-none-eabi/8.3.1/../../../../arm-none-eabi/lib/thumb/v6-m/nofp\libcr_c.a(ftell.o)
                0x000057dc                ftell
 .text._initio  0x00005824       0x7c c:/nxp/mcuxpressoide_11.1.0_3209/ide/plugins/com.nxp.mcuxpresso.tools.win32_11.1.0.201909161352/tools/bin/../lib/gcc/arm-none-eabi/8.3.1/../../../../arm-none-eabi/lib/thumb/v6-m/nofp\libcr_c.a(initio.o)
                0x00005824                _initio
 .text.__vfprintf
                0x000058a0      0xcd8 c:/nxp/mcuxpressoide_11.1.0_3209/ide/plugins/com.nxp.mcuxpresso.tools.win32_11.1.0.201909161352/tools/bin/../lib/gcc/arm-none-eabi/8.3.1/../../../../arm-none-eabi/lib/thumb/v6-m/nofp\libcr_c.a(printf.o)
                0x000058a0                __vfprintf
 .text.setvbuf  0x00006578       0x4c c:/nxp/mcuxpressoide_11.1.0_3209/ide/plugins/com.nxp.mcuxpresso.tools.win32_11.1.0.201909161352/tools/bin/../lib/gcc/arm-none-eabi/8.3.1/../../../../arm-none-eabi/lib/thumb/v6-m/nofp\libcr_c.a(setvbuf.o)
                0x00006578                setvbuf
 .text.sqrt     0x000065c4      0x13c c:/nxp/mcuxpressoide_11.1.0_3209/ide/plugins/com.nxp.mcuxpresso.tools.win32_11.1.0.201909161352/tools/bin/../lib/gcc/arm-none-eabi/8.3.1/../../../../arm-none-eabi/lib/thumb/v6-m/nofp\libcr_c.a(sqrt.o)
                0x000065c4                sqrt
 .text.strlen   0x00006700       0x58 c:/nxp/mcuxpressoide_11.1.0_3209/ide/plugins/com.nxp.mcuxpresso.tools.win32_11.1.0.201909161352/tools/bin/../lib/gcc/arm-none-eabi/8.3.1/../../../../arm-none-eabi/lib/thumb/v6-m/nofp\libcr_c.a(strlen.o)
                0x00006700                strlen
 .text._sbrk    0x00006758       0x40 c:/nxp/mcuxpressoide_11.1.0_3209/ide/plugins/com.nxp.mcuxpresso.tools.win32_11.1.0.201909161352/tools/bin/../lib/gcc/arm-none-eabi/8.3.1/../../../../arm-none-eabi/lib/thumb/v6-m/nofp\libcr_c.a(_cr_sbrk.o)
                0x00006758                _sbrk
 .text._fdopen  0x00006798       0x74 c:/nxp/mcuxpressoide_11.1.0_3209/ide/plugins/com.nxp.mcuxpresso.tools.win32_11.1.0.201909161352/tools/bin/../lib/gcc/arm-none-eabi/8.3.1/../../../../arm-none-eabi/lib/thumb/v6-m/nofp\libcr_c.a(_fdopen.o)
                0x00006798                _fdopen
 .text._frexpl  0x0000680c       0x80 c:/nxp/mcuxpressoide_11.1.0_3209/ide/plugins/com.nxp.mcuxpresso.tools.win32_11.1.0.201909161352/tools/bin/../lib/gcc/arm-none-eabi/8.3.1/../../../../arm-none-eabi/lib/thumb/v6-m/nofp\libcr_c.a(_frexpl.o)
                0x0000680c                _frexpl
 .text._ldexpl  0x0000688c       0x58 c:/nxp/mcuxpressoide_11.1.0_3209/ide/plugins/com.nxp.mcuxpresso.tools.win32_11.1.0.201909161352/tools/bin/../lib/gcc/arm-none-eabi/8.3.1/../../../../arm-none-eabi/lib/thumb/v6-m/nofp\libcr_c.a(_ldexpl.o)
                0x0000688c                _ldexpl
 .text._sincos  0x000068e4      0x1dc c:/nxp/mcuxpressoide_11.1.0_3209/ide/plugins/com.nxp.mcuxpresso.tools.win32_11.1.0.201909161352/tools/bin/../lib/gcc/arm-none-eabi/8.3.1/../../../../arm-none-eabi/lib/thumb/v6-m/nofp\libcr_c.a(_sincos.o)
                0x000068e4                _sincos
 .text.fclose   0x00006ac0       0x5c c:/nxp/mcuxpressoide_11.1.0_3209/ide/plugins/com.nxp.mcuxpresso.tools.win32_11.1.0.201909161352/tools/bin/../lib/gcc/arm-none-eabi/8.3.1/../../../../arm-none-eabi/lib/thumb/v6-m/nofp\libcr_c.a(fclose.o)
                0x00006ac0                fclose
 .text.fflush   0x00006b1c       0x44 c:/nxp/mcuxpressoide_11.1.0_3209/ide/plugins/com.nxp.mcuxpresso.tools.win32_11.1.0.201909161352/tools/bin/../lib/gcc/arm-none-eabi/8.3.1/../../../../arm-none-eabi/lib/thumb/v6-m/nofp\libcr_c.a(fflush.o)
                0x00006b1c                fflush
 .text.__check_heap_overflow
                0x00006b60       0x14 c:/nxp/mcuxpressoide_11.1.0_3209/ide/plugins/com.nxp.mcuxpresso.tools.win32_11.1.0.201909161352/tools/bin/../lib/gcc/arm-none-eabi/8.3.1/../../../../arm-none-eabi/lib/thumb/v6-m/nofp\libcr_c.a(_cr_check_heap.o)
                0x00006b60                __check_heap_overflow
 .text._do_fflush
                0x00006b74       0x44 c:/nxp/mcuxpressoide_11.1.0_3209/ide/plugins/com.nxp.mcuxpresso.tools.win32_11.1.0.201909161352/tools/bin/../lib/gcc/arm-none-eabi/8.3.1/../../../../arm-none-eabi/lib/thumb/v6-m/nofp\libcr_c.a(_do_fflush.o)
                0x00006b74                _do_fflush
 .text.__aeabi_dmul
                0x00006bb8      0x188 c:/nxp/mcuxpressoide_11.1.0_3209/ide/plugins/com.nxp.mcuxpresso.tools.win32_11.1.0.201909161352/tools/bin/../lib/gcc/arm-none-eabi/8.3.1/thumb/v6-m/nofp\libcr_eabihelpers.a(double.o)
                0x00006bb8                __aeabi_dmul
 .text.__aeabi_ddiv
                0x00006d40      0x148 c:/nxp/mcuxpressoide_11.1.0_3209/ide/plugins/com.nxp.mcuxpresso.tools.win32_11.1.0.201909161352/tools/bin/../lib/gcc/arm-none-eabi/8.3.1/thumb/v6-m/nofp\libcr_eabihelpers.a(double.o)
                0x00006d40                __aeabi_ddiv
 .text.__aeabi_dsub
                0x00006e88      0x1c4 c:/nxp/mcuxpressoide_11.1.0_3209/ide/plugins/com.nxp.mcuxpresso.tools.win32_11.1.0.201909161352/tools/bin/../lib/gcc/arm-none-eabi/8.3.1/thumb/v6-m/nofp\libcr_eabihelpers.a(double.o)
                0x00006e88                __aeabi_dsub
 .text.__aeabi_dadd
                0x0000704c      0x12c c:/nxp/mcuxpressoide_11.1.0_3209/ide/plugins/com.nxp.mcuxpresso.tools.win32_11.1.0.201909161352/tools/bin/../lib/gcc/arm-none-eabi/8.3.1/thumb/v6-m/nofp\libcr_eabihelpers.a(double.o)
                0x0000704c                __aeabi_dadd
 .text.__aeabi_d2f
                0x00007178       0x60 c:/nxp/mcuxpressoide_11.1.0_3209/ide/plugins/com.nxp.mcuxpresso.tools.win32_11.1.0.201909161352/tools/bin/../lib/gcc/arm-none-eabi/8.3.1/thumb/v6-m/nofp\libcr_eabihelpers.a(double.o)
                0x00007178                __aeabi_d2f
 .text.__aeabi_d2iz
                0x000071d8       0x4c c:/nxp/mcuxpressoide_11.1.0_3209/ide/plugins/com.nxp.mcuxpresso.tools.win32_11.1.0.201909161352/tools/bin/../lib/gcc/arm-none-eabi/8.3.1/thumb/v6-m/nofp\libcr_eabihelpers.a(double.o)
                0x000071d8                __aeabi_d2iz
 .text.__aeabi_d2uiz
                0x00007224       0x34 c:/nxp/mcuxpressoide_11.1.0_3209/ide/plugins/com.nxp.mcuxpresso.tools.win32_11.1.0.201909161352/tools/bin/../lib/gcc/arm-none-eabi/8.3.1/thumb/v6-m/nofp\libcr_eabihelpers.a(double.o)
                0x00007224                __aeabi_d2uiz
 .text.__aeabi_dcmpeq
                0x00007258       0x30 c:/nxp/mcuxpressoide_11.1.0_3209/ide/plugins/com.nxp.mcuxpresso.tools.win32_11.1.0.201909161352/tools/bin/../lib/gcc/arm-none-eabi/8.3.1/thumb/v6-m/nofp\libcr_eabihelpers.a(double.o)
                0x00007258                __aeabi_dcmpeq
 .text.__aeabi_dcmplt
                0x00007288       0x60 c:/nxp/mcuxpressoide_11.1.0_3209/ide/plugins/com.nxp.mcuxpresso.tools.win32_11.1.0.201909161352/tools/bin/../lib/gcc/arm-none-eabi/8.3.1/thumb/v6-m/nofp\libcr_eabihelpers.a(double.o)
                0x00007288                __aeabi_dcmplt
 .text.__aeabi_dcmple
                0x000072e8       0x58 c:/nxp/mcuxpressoide_11.1.0_3209/ide/plugins/com.nxp.mcuxpresso.tools.win32_11.1.0.201909161352/tools/bin/../lib/gcc/arm-none-eabi/8.3.1/thumb/v6-m/nofp\libcr_eabihelpers.a(double.o)
                0x000072e8                __aeabi_dcmple
 .text.__aeabi_dcmpge
                0x00007340       0x60 c:/nxp/mcuxpressoide_11.1.0_3209/ide/plugins/com.nxp.mcuxpresso.tools.win32_11.1.0.201909161352/tools/bin/../lib/gcc/arm-none-eabi/8.3.1/thumb/v6-m/nofp\libcr_eabihelpers.a(double.o)
                0x00007340                __aeabi_dcmpge
 .text.__aeabi_f2d
                0x000073a0       0x3c c:/nxp/mcuxpressoide_11.1.0_3209/ide/plugins/com.nxp.mcuxpresso.tools.win32_11.1.0.201909161352/tools/bin/../lib/gcc/arm-none-eabi/8.3.1/thumb/v6-m/nofp\libcr_eabihelpers.a(float.o)
                0x000073a0                __aeabi_f2d
 .text.UART_EnableTx
                0x000073dc       0x40 ./utilities/fsl_debug_console.o
 .text.UART_EnableRx
                0x0000741c       0x40 ./utilities/fsl_debug_console.o
 .text.LPSCI_EnableTx
                0x0000745c       0x40 ./utilities/fsl_debug_console.o
 .text.LPSCI_EnableRx
                0x0000749c       0x40 ./utilities/fsl_debug_console.o
 .text.EnableIRQ
                0x000074dc       0x2c ./source/Program2.o
 .text.DAC_Enable
                0x00007508       0x4a ./source/Program2.o
 .text.ADC16_EnableHardwareTrigger
                0x00007552       0x3a ./source/Program2.o
 .text.vListInitialise
                0x0000758c       0x3c ./freertos/list.o
                0x0000758c                vListInitialise
 .text.vListInitialiseItem
                0x000075c8       0x16 ./freertos/list.o
                0x000075c8                vListInitialiseItem
 .text.vListInsertEnd
                0x000075de       0x44 ./freertos/list.o
                0x000075de                vListInsertEnd
 .text.vListInsert
                0x00007622       0x6c ./freertos/list.o
                0x00007622                vListInsert
 .text.uxListRemove
                0x0000768e       0x50 ./freertos/list.o
                0x0000768e                uxListRemove
 .text.SVC_Handler
                0x000076de        0xa ./freertos/port.o
                0x000076de                SVC_Handler
 .text.ulSetInterruptMaskFromISR
                0x000076e8        0xc ./freertos/port.o
                0x000076e8                ulSetInterruptMaskFromISR
 .text.vClearInterruptMaskFromISR
                0x000076f4        0x8 ./freertos/port.o
                0x000076f4                vClearInterruptMaskFromISR
 .text.xQueueGenericReset
                0x000076fc       0xa8 ./freertos/queue.o
                0x000076fc                xQueueGenericReset
 .text.xQueueGenericCreate
                0x000077a4       0x64 ./freertos/queue.o
                0x000077a4                xQueueGenericCreate
 .text.prvInitialiseNewQueue
                0x00007808       0x4e ./freertos/queue.o
 .text.xQueueGenericSend
                0x00007856      0x188 ./freertos/queue.o
                0x00007856                xQueueGenericSend
 .text.xQueueGenericSendFromISR
                0x000079de       0xe2 ./freertos/queue.o
                0x000079de                xQueueGenericSendFromISR
 .text.xQueueGenericReceive
                0x00007ac0      0x1c8 ./freertos/queue.o
                0x00007ac0                xQueueGenericReceive
 .text.prvCopyDataToQueue
                0x00007c88       0xd6 ./freertos/queue.o
 .text.prvCopyDataFromQueue
                0x00007d5e       0x4c ./freertos/queue.o
 .text.prvUnlockQueue
                0x00007daa       0xbc ./freertos/queue.o
 .text.prvIsQueueEmpty
                0x00007e66       0x2c ./freertos/queue.o
 .text.prvIsQueueFull
                0x00007e92       0x30 ./freertos/queue.o
 .text.vQueueWaitForMessageRestricted
                0x00007ec2       0x66 ./freertos/queue.o
                0x00007ec2                vQueueWaitForMessageRestricted
 .text.xTaskCreate
                0x00007f28       0x90 ./freertos/tasks.o
                0x00007f28                xTaskCreate
 .text.prvDeleteTCB
                0x00007fb8       0x22 ./freertos/tasks.o
 .text.xTimerCreate
                0x00007fda       0x3e ./freertos/timers.o
                0x00007fda                xTimerCreate
 .text.prvInitialiseNewTimer
                0x00008018       0x52 ./freertos/timers.o
 .text.prvTimerTask
                0x0000806a       0x28 ./freertos/timers.o
 .text.ADC16_DoAutoCalibration
                0x00008092      0x118 ./drivers/fsl_adc16.o
                0x00008092                ADC16_DoAutoCalibration
 .text.ADC16_GetStatusFlags
                0x000081aa       0x3a ./drivers/fsl_adc16.o
                0x000081aa                ADC16_GetStatusFlags
 .text.OSC_SetExtRefClkConfig
                0x000081e4       0x3e ./drivers/fsl_clock.o
 .text.OSC_SetCapLoad
                0x00008222       0x42 ./drivers/fsl_clock.o
 .text.CLOCK_GetPll0RefFreq
                0x00008264       0x10 ./drivers/fsl_clock.o
 .text.CLOCK_SetExternalRefClkConfig
                0x00008274       0x16 ./drivers/fsl_clock.o
                0x00008274                CLOCK_SetExternalRefClkConfig
 .text.EnableIRQ
                0x0000828a       0x2c ./drivers/fsl_dma.o
 .text.LPSCI_GetStatusFlags
                0x000082b6       0x26 ./drivers/fsl_lpsci.o
                0x000082b6                LPSCI_GetStatusFlags
 .text.UART_GetStatusFlags
                0x000082dc       0x26 ./drivers/fsl_uart.o
                0x000082dc                UART_GetStatusFlags
 .text.UART_WriteBlocking
                0x00008302       0x3a ./drivers/fsl_uart.o
                0x00008302                UART_WriteBlocking
 .text.BOARD_InitBootClocks
                0x0000833c        0xe ./board/clock_config.o
                0x0000833c                BOARD_InitBootClocks
 .text.BOARD_InitBootPeripherals
                0x0000834a        0xa ./board/peripherals.o
                0x0000834a                BOARD_InitBootPeripherals
 .text.BOARD_InitBootPins
                0x00008354        0xe ./board/pin_mux.o
                0x00008354                BOARD_InitBootPins
 .text.__main   0x00008362        0xc c:/nxp/mcuxpressoide_11.1.0_3209/ide/plugins/com.nxp.mcuxpresso.tools.win32_11.1.0.201909161352/tools/bin/../lib/gcc/arm-none-eabi/8.3.1/../../../../arm-none-eabi/lib/thumb/v6-m/nofp\libcr_semihost_nf.a(_cr__main.o)
                0x00008362                __CR_SEMIHOST
                0x00008362                __main
 .text.memcpy   0x0000836e        0x8 c:/nxp/mcuxpressoide_11.1.0_3209/ide/plugins/com.nxp.mcuxpresso.tools.win32_11.1.0.201909161352/tools/bin/../lib/gcc/arm-none-eabi/8.3.1/../../../../arm-none-eabi/lib/thumb/v6-m/nofp\libcr_c.a(memcpy.o)
                0x0000836e                memcpy
 .text.memset   0x00008376        0x8 c:/nxp/mcuxpressoide_11.1.0_3209/ide/plugins/com.nxp.mcuxpresso.tools.win32_11.1.0.201909161352/tools/bin/../lib/gcc/arm-none-eabi/8.3.1/../../../../arm-none-eabi/lib/thumb/v6-m/nofp\libcr_c.a(memset.o)
                0x00008376                memset
 .text.free     0x0000837e       0x2c c:/nxp/mcuxpressoide_11.1.0_3209/ide/plugins/com.nxp.mcuxpresso.tools.win32_11.1.0.201909161352/tools/bin/../lib/gcc/arm-none-eabi/8.3.1/../../../../arm-none-eabi/lib/thumb/v6-m/nofp\libcr_c.a(alloc.o)
                0x0000837e                free
 .text.fp_round
                0x000083aa       0x4a c:/nxp/mcuxpressoide_11.1.0_3209/ide/plugins/com.nxp.mcuxpresso.tools.win32_11.1.0.201909161352/tools/bin/../lib/gcc/arm-none-eabi/8.3.1/../../../../arm-none-eabi/lib/thumb/v6-m/nofp\libcr_c.a(fpprintf.o)
 .text.pr_dec.constprop.1
                0x000083f4       0x30 c:/nxp/mcuxpressoide_11.1.0_3209/ide/plugins/com.nxp.mcuxpresso.tools.win32_11.1.0.201909161352/tools/bin/../lib/gcc/arm-none-eabi/8.3.1/../../../../arm-none-eabi/lib/thumb/v6-m/nofp\libcr_c.a(fpprintf.o)
 .text.fputs    0x00008424       0x2e c:/nxp/mcuxpressoide_11.1.0_3209/ide/plugins/com.nxp.mcuxpresso.tools.win32_11.1.0.201909161352/tools/bin/../lib/gcc/arm-none-eabi/8.3.1/../../../../arm-none-eabi/lib/thumb/v6-m/nofp\libcr_c.a(fputs.o)
                0x00008424                fputs
 .text.sin      0x00008452       0x36 c:/nxp/mcuxpressoide_11.1.0_3209/ide/plugins/com.nxp.mcuxpresso.tools.win32_11.1.0.201909161352/tools/bin/../lib/gcc/arm-none-eabi/8.3.1/../../../../arm-none-eabi/lib/thumb/v6-m/nofp\libcr_c.a(sin.o)
                0x00008452                sin
 .text.fabs     0x00008488       0x22 c:/nxp/mcuxpressoide_11.1.0_3209/ide/plugins/com.nxp.mcuxpresso.tools.win32_11.1.0.201909161352/tools/bin/../lib/gcc/arm-none-eabi/8.3.1/../../../../arm-none-eabi/lib/thumb/v6-m/nofp\libcr_c.a(fabs.o)
                0x00008488                fabs
 .text.remove   0x000084aa       0x12 c:/nxp/mcuxpressoide_11.1.0_3209/ide/plugins/com.nxp.mcuxpresso.tools.win32_11.1.0.201909161352/tools/bin/../lib/gcc/arm-none-eabi/8.3.1/../../../../arm-none-eabi/lib/thumb/v6-m/nofp\libcr_c.a(remove.o)
                0x000084aa                remove
 .text.__aeabi_division_idivmod
                0x000084bc       0x78 c:/nxp/mcuxpressoide_11.1.0_3209/ide/plugins/com.nxp.mcuxpresso.tools.win32_11.1.0.201909161352/tools/bin/../lib/gcc/arm-none-eabi/8.3.1/thumb/v6-m/nofp\libcr_eabihelpers.a(division_32.o)
                0x000084bc                __aeabi_idivmod
                0x000084bc                __aeabi_idiv
                0x000084c2                __aeabi_uidivmod
                0x000084c2                __aeabi_uidiv
 .text.__aeabi_division_idiv0
                0x00008534        0x2 c:/nxp/mcuxpressoide_11.1.0_3209/ide/plugins/com.nxp.mcuxpresso.tools.win32_11.1.0.201909161352/tools/bin/../lib/gcc/arm-none-eabi/8.3.1/thumb/v6-m/nofp\libcr_eabihelpers.a(division_idiv0.o)
                0x00008534                __aeabi_idiv0
 .text.__bhs_ui2d
                0x00008536       0x5e c:/nxp/mcuxpressoide_11.1.0_3209/ide/plugins/com.nxp.mcuxpresso.tools.win32_11.1.0.201909161352/tools/bin/../lib/gcc/arm-none-eabi/8.3.1/thumb/v6-m/nofp\libcr_eabihelpers.a(double.o)
                0x00008536                __bhs_ui2d
 .text.__aeabi_i2d
                0x00008594       0x18 c:/nxp/mcuxpressoide_11.1.0_3209/ide/plugins/com.nxp.mcuxpresso.tools.win32_11.1.0.201909161352/tools/bin/../lib/gcc/arm-none-eabi/8.3.1/thumb/v6-m/nofp\libcr_eabihelpers.a(double.o)
                0x00008594                __aeabi_i2d
 .text.__aeabi_ui2d
                0x000085ac        0xc c:/nxp/mcuxpressoide_11.1.0_3209/ide/plugins/com.nxp.mcuxpresso.tools.win32_11.1.0.201909161352/tools/bin/../lib/gcc/arm-none-eabi/8.3.1/thumb/v6-m/nofp\libcr_eabihelpers.a(double.o)
                0x000085ac                __aeabi_ui2d
 .text.__aeabi_llong_lmul
                0x000085b8       0x2e c:/nxp/mcuxpressoide_11.1.0_3209/ide/plugins/com.nxp.mcuxpresso.tools.win32_11.1.0.201909161352/tools/bin/../lib/gcc/arm-none-eabi/8.3.1/thumb/v6-m/nofp\libcr_eabihelpers.a(llong.o)
                0x000085b8                __aeabi_lmul
 .text.__aeabi_memcpy
                0x000085e6       0x2c c:/nxp/mcuxpressoide_11.1.0_3209/ide/plugins/com.nxp.mcuxpresso.tools.win32_11.1.0.201909161352/tools/bin/../lib/gcc/arm-none-eabi/8.3.1/thumb/v6-m/nofp\libcr_eabihelpers.a(memcpy.o)
                0x000085e6                __aeabi_memcpy4
                0x000085e6                __aeabi_memcpy8
                0x000085e6                __aeabi_memcpy
 .text.__aeabi_memset_lowlevel
                0x00008612       0x2a c:/nxp/mcuxpressoide_11.1.0_3209/ide/plugins/com.nxp.mcuxpresso.tools.win32_11.1.0.201909161352/tools/bin/../lib/gcc/arm-none-eabi/8.3.1/thumb/v6-m/nofp\libcr_eabihelpers.a(memcpy.o)
                0x00008612                __aeabi_lowlevel_memset
 .text.__sys_close
                0x0000863c        0xc c:/nxp/mcuxpressoide_11.1.0_3209/ide/plugins/com.nxp.mcuxpresso.tools.win32_11.1.0.201909161352/tools/bin/../lib/gcc/arm-none-eabi/8.3.1/../../../../arm-none-eabi/lib/thumb/v6-m/nofp\libcr_semihost_nf.a(__sys_close.o)
                0x0000863c                __sys_close
 .text.__sys_flen
                0x00008648        0xc c:/nxp/mcuxpressoide_11.1.0_3209/ide/plugins/com.nxp.mcuxpresso.tools.win32_11.1.0.201909161352/tools/bin/../lib/gcc/arm-none-eabi/8.3.1/../../../../arm-none-eabi/lib/thumb/v6-m/nofp\libcr_semihost_nf.a(__sys_flen.o)
                0x00008648                __sys_flen
 .text.__sys_istty
                0x00008654        0xc c:/nxp/mcuxpressoide_11.1.0_3209/ide/plugins/com.nxp.mcuxpresso.tools.win32_11.1.0.201909161352/tools/bin/../lib/gcc/arm-none-eabi/8.3.1/../../../../arm-none-eabi/lib/thumb/v6-m/nofp\libcr_semihost_nf.a(__sys_istty.o)
                0x00008654                __sys_istty
 .text.__sys_remove
                0x00008660        0xc c:/nxp/mcuxpressoide_11.1.0_3209/ide/plugins/com.nxp.mcuxpresso.tools.win32_11.1.0.201909161352/tools/bin/../lib/gcc/arm-none-eabi/8.3.1/../../../../arm-none-eabi/lib/thumb/v6-m/nofp\libcr_semihost_nf.a(__sys_remove.o)
                0x00008660                __sys_remove
 .text.__sys_seek
                0x0000866c        0xc c:/nxp/mcuxpressoide_11.1.0_3209/ide/plugins/com.nxp.mcuxpresso.tools.win32_11.1.0.201909161352/tools/bin/../lib/gcc/arm-none-eabi/8.3.1/../../../../arm-none-eabi/lib/thumb/v6-m/nofp\libcr_semihost_nf.a(__sys_seek.o)
                0x0000866c                __sys_seek
 .text.__sys_tmpnam
                0x00008678        0xc c:/nxp/mcuxpressoide_11.1.0_3209/ide/plugins/com.nxp.mcuxpresso.tools.win32_11.1.0.201909161352/tools/bin/../lib/gcc/arm-none-eabi/8.3.1/../../../../arm-none-eabi/lib/thumb/v6-m/nofp\libcr_semihost_nf.a(__sys_tmpnam.o)
                0x00008678                __sys_tmpnam
 *freertos*/tasks.o(SORT_BY_ALIGNMENT(.rodata*))
 .rodata.vTaskStartScheduler.str1.4
                0x00008684        0x5 ./freertos/tasks.o
 *fill*         0x00008689        0x3 ff
 .rodata.xTaskGenericNotify
                0x0000868c       0x14 ./freertos/tasks.o
 .rodata.xTaskGenericNotifyFromISR
                0x000086a0       0x14 ./freertos/tasks.o
 *(SORT_BY_ALIGNMENT(.rodata) SORT_BY_ALIGNMENT(.rodata.*) SORT_BY_ALIGNMENT(.constdata) SORT_BY_ALIGNMENT(.constdata.*))
 .rodata.ADC16_GetChannelConversionValue.str1.4
                0x000086b4       0x83 ./source/Program2.o
 *fill*         0x00008737        0x1 ff
 .rodata.DMA_StartTransfer.str1.4
                0x00008738       0x75 ./source/Program2.o
 *fill*         0x000087ad        0x3 ff
 .rodata.DMAMUX_EnableChannel.str1.4
                0x000087b0       0x95 ./source/Program2.o
 *fill*         0x00008845        0x3 ff
 .rodata.DMAMUX_SetSource.str1.4
                0x00008848       0x95 ./source/Program2.o
 *fill*         0x000088dd        0x3 ff
 .rodata.InitADC.str1.4
                0x000088e0       0x48 ./source/Program2.o
 .rodata.main.str1.4
                0x00008928       0x40 ./source/Program2.o
 .rodata.DSP_task.str1.4
                0x00008968       0x34 ./source/Program2.o
 .rodata.xTimerCreateTimerTask.str1.4
                0x0000899c        0x8 ./freertos/timers.o
 .rodata.prvProcessReceivedCommands
                0x000089a4       0x28 ./freertos/timers.o
 .rodata.prvCheckForValidListAndQueue.str1.4
                0x000089cc        0x5 ./freertos/timers.o
 *fill*         0x000089d1        0x3 ff
 .rodata.ADC16_GetInstance.str1.4
                0x000089d4       0x36 ./drivers/fsl_adc16.o
 *fill*         0x00008a0a        0x2 ff
 .rodata.ADC16_Init.str1.4
                0x00008a0c       0x21 ./drivers/fsl_adc16.o
 *fill*         0x00008a2d        0x3 ff
 .rodata.ADC16_GetDefaultConfig.str1.4
                0x00008a30       0x22 ./drivers/fsl_adc16.o
 *fill*         0x00008a52        0x2 ff
 .rodata.ADC16_SetChannelConfig.str1.4
                0x00008a54       0x52 ./drivers/fsl_adc16.o
 *fill*         0x00008aa6        0x2 ff
 .rodata.ADC16_GetChannelStatusFlags.str1.4
                0x00008aa8       0x30 ./drivers/fsl_adc16.o
 .rodata.CLOCK_GetMcgExtClkFreq.str1.4
                0x00008ad8       0x1f ./drivers/fsl_clock.o
 *fill*         0x00008af7        0x1 ff
 .rodata.CLOCK_GetPll0Freq.str1.4
                0x00008af8       0x1e ./drivers/fsl_clock.o
 *fill*         0x00008b16        0x2 ff
 .rodata.CLOCK_EnablePll0.str1.4
                0x00008b18       0x1a ./drivers/fsl_clock.o
 *fill*         0x00008b32        0x2 ff
 .rodata.CLOCK_SetPbeMode.str1.4
                0x00008b34       0x1b ./drivers/fsl_clock.o
 *fill*         0x00008b4f        0x1 ff
 .rodata.CLOCK_BootToPeeMode.str1.4
                0x00008b50       0x1b ./drivers/fsl_clock.o
 *fill*         0x00008b6b        0x1 ff
 .rodata.fllFactorTable.5230
                0x00008b6c       0x10 ./drivers/fsl_clock.o
 .rodata.DAC_GetInstance.str1.4
                0x00008b7c       0x32 ./drivers/fsl_dac.o
 *fill*         0x00008bae        0x2 ff
 .rodata.DAC_Init.str1.4
                0x00008bb0       0x1f ./drivers/fsl_dac.o
 *fill*         0x00008bcf        0x1 ff
 .rodata.DAC_GetDefaultConfig.str1.4
                0x00008bd0       0x20 ./drivers/fsl_dac.o
 .rodata.DAC_SetBufferValue.str1.4
                0x00008bf0       0x28 ./drivers/fsl_dac.o
 .rodata.DMA_EnableInterrupts.str1.4
                0x00008c18       0x3d ./drivers/fsl_dma.o
 *fill*         0x00008c55        0x3 ff
 .rodata.DMA_ClearChannelStatusFlags.str1.4
                0x00008c58       0x3d ./drivers/fsl_dma.o
 *fill*         0x00008c95        0x3 ff
 .rodata.s_dmaIRQNumber
                0x00008c98        0x4 ./drivers/fsl_dma.o
 .rodata.DMA_GetInstance.str1.4
                0x00008c9c       0x32 ./drivers/fsl_dma.o
 *fill*         0x00008cce        0x2 ff
 .rodata.DMA_ResetChannel.str1.4
                0x00008cd0       0x3a ./drivers/fsl_dma.o
 *fill*         0x00008d0a        0x2 ff
 .rodata.DMA_SetTransferConfig.str1.4
                0x00008d0c       0x5c ./drivers/fsl_dma.o
 .rodata.DMA_CreateHandle.str1.4
                0x00008d68       0x5a ./drivers/fsl_dma.o
 *fill*         0x00008dc2        0x2 ff
 .rodata.DMA_PrepareTransfer.str1.4
                0x00008dc4      0x101 ./drivers/fsl_dma.o
 *fill*         0x00008ec5        0x3 ff
 .rodata.DMA_SetCallback.str1.4
                0x00008ec8       0x20 ./drivers/fsl_dma.o
 .rodata.DMA_SubmitTransfer.str1.4
                0x00008ee8       0x40 ./drivers/fsl_dma.o
 .rodata.DMA_HandleIRQ.str1.4
                0x00008f28       0x20 ./drivers/fsl_dma.o
 .rodata.DMAMUX_GetInstance.str1.4
                0x00008f48       0x38 ./drivers/fsl_dmamux.o
 .rodata.LPSCI_GetInstance.str1.4
                0x00008f80       0x37 ./drivers/fsl_lpsci.o
 *fill*         0x00008fb7        0x1 ff
 .rodata.LPSCI_Init.str1.4
                0x00008fb8       0x44 ./drivers/fsl_lpsci.o
 .rodata.LPSCI_GetDefaultConfig.str1.4
                0x00008ffc       0x1a ./drivers/fsl_lpsci.o
 *fill*         0x00009016        0x2 ff
 .rodata.LPSCI_WriteBlocking.str1.4
                0x00009018       0x18 ./drivers/fsl_lpsci.o
 .rodata.LPSCI_ReadBlocking.str1.4
                0x00009030       0x18 ./drivers/fsl_lpsci.o
 .rodata.s_uartBases
                0x00009048        0xc ./drivers/fsl_uart.o
 .rodata.s_uartClock
                0x00009054        0xc ./drivers/fsl_uart.o
 .rodata.UART_GetInstance.str1.4
                0x00009060       0x2c ./drivers/fsl_uart.o
 .rodata.UART_Init.str1.4
                0x0000908c       0x43 ./drivers/fsl_uart.o
 *fill*         0x000090cf        0x1 ff
 .rodata.UART_GetDefaultConfig.str1.4
                0x000090d0       0x19 ./drivers/fsl_uart.o
 *fill*         0x000090e9        0x3 ff
 .rodata.UART_ReadBlocking.str1.4
                0x000090ec       0x18 ./drivers/fsl_uart.o
                                 0x17 (size before relaxing)
 .rodata.mcgConfig_BOARD_BootClockRUN
                0x00009104        0xa ./board/clock_config.o
                0x00009104                mcgConfig_BOARD_BootClockRUN
 *fill*         0x0000910e        0x2 ff
 .rodata.simConfig_BOARD_BootClockRUN
                0x00009110        0x8 ./board/clock_config.o
                0x00009110                simConfig_BOARD_BootClockRUN
 .rodata.oscConfig_BOARD_BootClockRUN
                0x00009118        0x8 ./board/clock_config.o
                0x00009118                oscConfig_BOARD_BootClockRUN
 .rodata.__num_Ciob_streams
                0x00009120        0x4 c:/nxp/mcuxpressoide_11.1.0_3209/ide/plugins/com.nxp.mcuxpresso.tools.win32_11.1.0.201909161352/tools/bin/../lib/gcc/arm-none-eabi/8.3.1/../../../../arm-none-eabi/lib/thumb/v6-m/nofp\libcr_semihost_nf.a(__ciob.o)
                0x00009120                __num_Ciob_streams
 .rodata.__assertion_failed.str1.1
                0x00009124       0x15 c:/nxp/mcuxpressoide_11.1.0_3209/ide/plugins/com.nxp.mcuxpresso.tools.win32_11.1.0.201909161352/tools/bin/../lib/gcc/arm-none-eabi/8.3.1/../../../../arm-none-eabi/lib/thumb/v6-m/nofp\libcr_semihost_nf.a(_cr_assert.o)
 .rodata._Csys_alloc.str1.1
                0x00009139       0x18 c:/nxp/mcuxpressoide_11.1.0_3209/ide/plugins/com.nxp.mcuxpresso.tools.win32_11.1.0.201909161352/tools/bin/../lib/gcc/arm-none-eabi/8.3.1/../../../../arm-none-eabi/lib/thumb/v6-m/nofp\libcr_c.a(alloc.o)
 .rodata.fp_display.str1.1
                0x00009151       0x32 c:/nxp/mcuxpressoide_11.1.0_3209/ide/plugins/com.nxp.mcuxpresso.tools.win32_11.1.0.201909161352/tools/bin/../lib/gcc/arm-none-eabi/8.3.1/../../../../arm-none-eabi/lib/thumb/v6-m/nofp\libcr_c.a(fpprintf.o)
                                 0x35 (size before relaxing)
 .rodata._initio.str1.1
                0x00009183        0x4 c:/nxp/mcuxpressoide_11.1.0_3209/ide/plugins/com.nxp.mcuxpresso.tools.win32_11.1.0.201909161352/tools/bin/../lib/gcc/arm-none-eabi/8.3.1/../../../../arm-none-eabi/lib/thumb/v6-m/nofp\libcr_c.a(initio.o)
 .rodata.__vfprintf.str1.1
                0x00009187       0x31 c:/nxp/mcuxpressoide_11.1.0_3209/ide/plugins/com.nxp.mcuxpresso.tools.win32_11.1.0.201909161352/tools/bin/../lib/gcc/arm-none-eabi/8.3.1/../../../../arm-none-eabi/lib/thumb/v6-m/nofp\libcr_c.a(printf.o)
                                 0x38 (size before relaxing)
                0x000091b8                . = ALIGN (0x4)

.glue_7         0x000091b8        0x0
 .glue_7        0x000091b8        0x0 linker stubs

.glue_7t        0x000091b8        0x0
 .glue_7t       0x000091b8        0x0 linker stubs

.vfp11_veneer   0x000091b8        0x0
 .vfp11_veneer  0x000091b8        0x0 linker stubs

.v4_bx          0x000091b8        0x0
 .v4_bx         0x000091b8        0x0 linker stubs

.iplt           0x000091b8        0x0
 .iplt          0x000091b8        0x0 ./utilities/fsl_debug_console.o

.rel.dyn        0x000091b8        0x0
 .rel.iplt      0x000091b8        0x0 ./utilities/fsl_debug_console.o

.ARM.extab
 *(SORT_BY_ALIGNMENT(.ARM.extab*) SORT_BY_ALIGNMENT(.gnu.linkonce.armextab.*))
                0x000091b8                __exidx_start = .

.ARM.exidx
 *(SORT_BY_ALIGNMENT(.ARM.exidx*) SORT_BY_ALIGNMENT(.gnu.linkonce.armexidx.*))
                0x000091b8                __exidx_end = .
                0x000091b8                _etext = .

.m_usb_data
 *(SORT_BY_ALIGNMENT(m_usb_bdt))

.mtb_buffer_default
                0x1ffff000       0x80
 *(SORT_BY_ALIGNMENT(.mtb*))
 .mtb.$RAM1     0x1ffff000       0x80 ./source/mtb.o
                0x1ffff000                __mtb_buffer__

.uninit_RESERVED
                0x1ffff080        0x0
                0x1ffff080                _start_uninit_RESERVED = .
 *(SORT_BY_ALIGNMENT(.bss.$RESERVED*))
                0x1ffff080                . = ALIGN (0x4)
                0x1ffff080                _end_uninit_RESERVED = .

.data           0x1ffff080       0x10 load address 0x000091b8
 FILL mask 0xff
                0x1ffff080                _data = .
                [!provide]                PROVIDE (__start_data_RAM = .)
                [!provide]                PROVIDE (__start_data_SRAM = .)
 *(SORT_BY_ALIGNMENT(vtable))
 *(SORT_BY_ALIGNMENT(.ramfunc*))
 *(SORT_BY_ALIGNMENT(CodeQuickAccess))
 *(SORT_BY_ALIGNMENT(DataQuickAccess))
 *(SORT_BY_ALIGNMENT(RamFunction))
 *(SORT_BY_ALIGNMENT(.data*))
 .data.uxCriticalNesting
                0x1ffff080        0x4 ./freertos/port.o
 .data.s_slowIrcFreq
                0x1ffff084        0x4 ./drivers/fsl_clock.o
 .data.SystemCoreClock
                0x1ffff088        0x4 ./CMSIS/system_MKL25Z4.o
                0x1ffff088                SystemCoreClock
 .data.run_count.6479
                0x1ffff08c        0x1 ./source/Program2.o
                0x1ffff090                . = ALIGN (0x4)
 *fill*         0x1ffff08d        0x3 ff
                0x1ffff090                _edata = .
                [!provide]                PROVIDE (__end_data_RAM = .)
                [!provide]                PROVIDE (__end_data_SRAM = .)

.igot.plt       0x1ffff090        0x0 load address 0x000091c8
 .igot.plt      0x1ffff090        0x0 ./utilities/fsl_debug_console.o

.bss            0x1ffff090     0x2d94
                0x1ffff090                _bss = .
                [!provide]                PROVIDE (__start_bss_RAM = .)
                [!provide]                PROVIDE (__start_bss_SRAM = .)
 *(SORT_BY_ALIGNMENT(.bss*))
 .bss.s_debugConsole
                0x1ffff090       0x10 ./utilities/fsl_debug_console.o
 .bss.LEDport   0x1ffff0a0        0x4 ./source/LED_control.o
                0x1ffff0a0                LEDport
 .bss.LEDpin    0x1ffff0a4        0x4 ./source/LED_control.o
                0x1ffff0a4                LEDpin
 .bss.xDACtaskHandle
                0x1ffff0a8        0x4 ./source/Program2.o
                0x1ffff0a8                xDACtaskHandle
 .bss.xADCstartTaskHandle
                0x1ffff0ac        0x4 ./source/Program2.o
                0x1ffff0ac                xADCstartTaskHandle
 .bss.xADCreadTaskHandle
                0x1ffff0b0        0x4 ./source/Program2.o
                0x1ffff0b0                xADCreadTaskHandle
 .bss.xDSPtaskHandle
                0x1ffff0b4        0x4 ./source/Program2.o
                0x1ffff0b4                xDSPtaskHandle
 .bss.g_DMA_Handle
                0x1ffff0b8       0x10 ./source/Program2.o
                0x1ffff0b8                g_DMA_Handle
 .bss.g_sine_table
                0x1ffff0c8       0xc8 ./source/Program2.o
                0x1ffff0c8                g_sine_table
 .bss.g_Adc16ConversionValue
                0x1ffff190        0x4 ./source/Program2.o
                0x1ffff190                g_Adc16ConversionValue
 .bss.g_adc16ChannelConfigStruct
                0x1ffff194        0x8 ./source/Program2.o
                0x1ffff194                g_adc16ChannelConfigStruct
 .bss.g_ADC_buffer
                0x1ffff19c      0x100 ./source/Program2.o
                0x1ffff19c                g_ADC_buffer
 .bss.g_DSP_buffer
                0x1ffff29c      0x100 ./source/Program2.o
                0x1ffff29c                g_DSP_buffer
 .bss.ucHeap    0x1ffff39c     0x2800 ./freertos/heap_4.o
 .bss.xStart    0x20001b9c        0x8 ./freertos/heap_4.o
 .bss.pxEnd     0x20001ba4        0x4 ./freertos/heap_4.o
 .bss.xFreeBytesRemaining
                0x20001ba8        0x4 ./freertos/heap_4.o
 .bss.xMinimumEverFreeBytesRemaining
                0x20001bac        0x4 ./freertos/heap_4.o
 .bss.xBlockAllocatedBit
                0x20001bb0        0x4 ./freertos/heap_4.o
 .bss.xQueueRegistry
                0x20001bb4       0x40 ./freertos/queue.o
                0x20001bb4                xQueueRegistry
 .bss.pxCurrentTCB
                0x20001bf4        0x4 ./freertos/tasks.o
                0x20001bf4                pxCurrentTCB
 .bss.pxReadyTasksLists
                0x20001bf8       0x64 ./freertos/tasks.o
 .bss.xDelayedTaskList1
                0x20001c5c       0x14 ./freertos/tasks.o
 .bss.xDelayedTaskList2
                0x20001c70       0x14 ./freertos/tasks.o
 .bss.pxDelayedTaskList
                0x20001c84        0x4 ./freertos/tasks.o
 .bss.pxOverflowDelayedTaskList
                0x20001c88        0x4 ./freertos/tasks.o
 .bss.xPendingReadyList
                0x20001c8c       0x14 ./freertos/tasks.o
 .bss.xTasksWaitingTermination
                0x20001ca0       0x14 ./freertos/tasks.o
 .bss.uxDeletedTasksWaitingCleanUp
                0x20001cb4        0x4 ./freertos/tasks.o
 .bss.xSuspendedTaskList
                0x20001cb8       0x14 ./freertos/tasks.o
 .bss.uxCurrentNumberOfTasks
                0x20001ccc        0x4 ./freertos/tasks.o
 .bss.xTickCount
                0x20001cd0        0x4 ./freertos/tasks.o
 .bss.uxTopReadyPriority
                0x20001cd4        0x4 ./freertos/tasks.o
 .bss.xSchedulerRunning
                0x20001cd8        0x4 ./freertos/tasks.o
 .bss.uxPendedTicks
                0x20001cdc        0x4 ./freertos/tasks.o
 .bss.xYieldPending
                0x20001ce0        0x4 ./freertos/tasks.o
 .bss.xNumOfOverflows
                0x20001ce4        0x4 ./freertos/tasks.o
 .bss.uxTaskNumber
                0x20001ce8        0x4 ./freertos/tasks.o
 .bss.xNextTaskUnblockTime
                0x20001cec        0x4 ./freertos/tasks.o
 .bss.xIdleTaskHandle
                0x20001cf0        0x4 ./freertos/tasks.o
 .bss.uxSchedulerSuspended
                0x20001cf4        0x4 ./freertos/tasks.o
 .bss.xActiveTimerList1
                0x20001cf8       0x14 ./freertos/timers.o
 .bss.xActiveTimerList2
                0x20001d0c       0x14 ./freertos/timers.o
 .bss.pxCurrentTimerList
                0x20001d20        0x4 ./freertos/timers.o
 .bss.pxOverflowTimerList
                0x20001d24        0x4 ./freertos/timers.o
 .bss.xTimerQueue
                0x20001d28        0x4 ./freertos/timers.o
 .bss.xTimerTaskHandle
                0x20001d2c        0x4 ./freertos/timers.o
 .bss.xLastTime.4575
                0x20001d30        0x4 ./freertos/timers.o
 .bss.g_xtal0Freq
                0x20001d34        0x4 ./drivers/fsl_clock.o
                0x20001d34                g_xtal0Freq
 .bss.s_DMAHandle
                0x20001d38       0x10 ./drivers/fsl_dma.o
 .bss.s_lpsciHandle
                0x20001d48        0x4 ./drivers/fsl_lpsci.o
 .bss.s_lpsciIsr
                0x20001d4c        0x4 ./drivers/fsl_lpsci.o
 .bss.s_uartHandle
                0x20001d50        0xc ./drivers/fsl_uart.o
 .bss.s_uartIsr
                0x20001d5c        0x4 ./drivers/fsl_uart.o
 .bss.__Ciob    0x20001d60       0xb4 c:/nxp/mcuxpressoide_11.1.0_3209/ide/plugins/com.nxp.mcuxpresso.tools.win32_11.1.0.201909161352/tools/bin/../lib/gcc/arm-none-eabi/8.3.1/../../../../arm-none-eabi/lib/thumb/v6-m/nofp\libcr_semihost_nf.a(__ciob.o)
                0x20001d60                __Ciob
 .bss.__end_of_heap
                0x20001e14        0x4 c:/nxp/mcuxpressoide_11.1.0_3209/ide/plugins/com.nxp.mcuxpresso.tools.win32_11.1.0.201909161352/tools/bin/../lib/gcc/arm-none-eabi/8.3.1/../../../../arm-none-eabi/lib/thumb/v6-m/nofp\libcr_c.a(__init_alloc.o)
                0x20001e14                __end_of_heap
 .bss.__heaps   0x20001e18        0x4 c:/nxp/mcuxpressoide_11.1.0_3209/ide/plugins/com.nxp.mcuxpresso.tools.win32_11.1.0.201909161352/tools/bin/../lib/gcc/arm-none-eabi/8.3.1/../../../../arm-none-eabi/lib/thumb/v6-m/nofp\libcr_c.a(__init_alloc.o)
                0x20001e18                __heaps
 .bss.errno     0x20001e1c        0x4 c:/nxp/mcuxpressoide_11.1.0_3209/ide/plugins/com.nxp.mcuxpresso.tools.win32_11.1.0.201909161352/tools/bin/../lib/gcc/arm-none-eabi/8.3.1/../../../../arm-none-eabi/lib/thumb/v6-m/nofp\libcr_c.a(errno.o)
                0x20001e1c                errno
 .bss.g_index   0x20001e20        0x1 ./source/Program2.o
                0x20001e20                g_index
 .bss.g_Adc16ConversionDoneFlag
                0x20001e21        0x1 ./source/Program2.o
                0x20001e21                g_Adc16ConversionDoneFlag
 .bss.ADC_index.6473
                0x20001e22        0x1 ./source/Program2.o
 *(SORT_BY_ALIGNMENT(COMMON))
                0x20001e24                . = ALIGN (0x4)
 *fill*         0x20001e23        0x1 
                0x20001e24                _ebss = .
                [!provide]                PROVIDE (__end_bss_RAM = .)
                [!provide]                PROVIDE (__end_bss_SRAM = .)
                [!provide]                PROVIDE (end = .)

.noinit         0x20001e24        0x0
                0x20001e24                _noinit = .
                [!provide]                PROVIDE (__start_noinit_RAM = .)
                [!provide]                PROVIDE (__start_noinit_SRAM = .)
 *(SORT_BY_ALIGNMENT(.noinit*))
                0x20001e24                . = ALIGN (0x4)
                0x20001e24                _end_noinit = .
                [!provide]                PROVIDE (__end_noinit_RAM = .)
                [!provide]                PROVIDE (__end_noinit_SRAM = .)
                0x00000400                _HeapSize = 0x400

.heap           0x20001e24      0x400
                0x20001e24                _pvHeapStart = .
                0x20002224                . = (. + _HeapSize)
 *fill*         0x20001e24      0x400 
                0x20002224                . = ALIGN (0x4)
                0x20002224                _pvHeapLimit = .
                0x00000400                _StackSize = 0x400

.heap2stackfill
                0x20002224      0x400
                0x20002624                . = (. + _StackSize)
 *fill*         0x20002224      0x400 

.stack          0x20002c00        0x0
                0x20002c00                _vStackBase = .
                0x20002c00                . = ALIGN (0x4)
                0x20003000                _vStackTop = (. + _StackSize)
                0x00000000                _image_start = LOADADDR (.text)
                0x000091c8                _image_end = (LOADADDR (.data) + SIZEOF (.data))
                0x000091c8                _image_size = (_image_end - _image_start)
OUTPUT(Program2.axf elf32-littlearm)

.debug_info     0x00000000     0xf103
 .debug_info    0x00000000      0xa38 ./utilities/fsl_debug_console.o
 .debug_info    0x00000a38      0x4df ./startup/startup_mkl25z4.o
 .debug_info    0x00000f17      0x4a0 ./source/LED_control.o
 .debug_info    0x000013b7     0x1642 ./source/Program2.o
 .debug_info    0x000029f9       0x53 ./source/mtb.o
 .debug_info    0x00002a4c       0x3c ./source/semihost_hardfault.o
 .debug_info    0x00002a88       0xec ./freertos/fsl_tickless_lptmr.o
 .debug_info    0x00002b74      0x334 ./freertos/heap_4.o
 .debug_info    0x00002ea8      0x2eb ./freertos/list.o
 .debug_info    0x00003193      0x27a ./freertos/port.o
 .debug_info    0x0000340d      0xefb ./freertos/queue.o
 .debug_info    0x00004308     0x18af ./freertos/tasks.o
 .debug_info    0x00005bb7      0xb92 ./freertos/timers.o
 .debug_info    0x00006749      0xc9e ./drivers/fsl_adc16.o
 .debug_info    0x000073e7     0x1a97 ./drivers/fsl_clock.o
 .debug_info    0x00008e7e      0x8ba ./drivers/fsl_dac.o
 .debug_info    0x00009738      0xf4e ./drivers/fsl_dma.o
 .debug_info    0x0000a686      0x4e7 ./drivers/fsl_dmamux.o
 .debug_info    0x0000ab6d     0x1469 ./drivers/fsl_lpsci.o
 .debug_info    0x0000bfd6     0x140a ./drivers/fsl_uart.o
 .debug_info    0x0000d3e0      0x80b ./board/board.o
 .debug_info    0x0000dbeb      0xb00 ./board/clock_config.o
 .debug_info    0x0000e6eb       0x3c ./board/peripherals.o
 .debug_info    0x0000e727      0x5a3 ./board/pin_mux.o
 .debug_info    0x0000ecca      0x439 ./CMSIS/system_MKL25Z4.o

.debug_abbrev   0x00000000     0x2f4f
 .debug_abbrev  0x00000000      0x22c ./utilities/fsl_debug_console.o
 .debug_abbrev  0x0000022c      0x18d ./startup/startup_mkl25z4.o
 .debug_abbrev  0x000003b9      0x181 ./source/LED_control.o
 .debug_abbrev  0x0000053a      0x36f ./source/Program2.o
 .debug_abbrev  0x000008a9       0x46 ./source/mtb.o
 .debug_abbrev  0x000008ef       0x31 ./source/semihost_hardfault.o
 .debug_abbrev  0x00000920       0x9a ./freertos/fsl_tickless_lptmr.o
 .debug_abbrev  0x000009ba      0x1a7 ./freertos/heap_4.o
 .debug_abbrev  0x00000b61      0x126 ./freertos/list.o
 .debug_abbrev  0x00000c87      0x1b3 ./freertos/port.o
 .debug_abbrev  0x00000e3a      0x214 ./freertos/queue.o
 .debug_abbrev  0x0000104e      0x2c3 ./freertos/tasks.o
 .debug_abbrev  0x00001311      0x225 ./freertos/timers.o
 .debug_abbrev  0x00001536      0x2a2 ./drivers/fsl_adc16.o
 .debug_abbrev  0x000017d8      0x36f ./drivers/fsl_clock.o
 .debug_abbrev  0x00001b47      0x237 ./drivers/fsl_dac.o
 .debug_abbrev  0x00001d7e      0x2ec ./drivers/fsl_dma.o
 .debug_abbrev  0x0000206a      0x1b0 ./drivers/fsl_dmamux.o
 .debug_abbrev  0x0000221a      0x309 ./drivers/fsl_lpsci.o
 .debug_abbrev  0x00002523      0x323 ./drivers/fsl_uart.o
 .debug_abbrev  0x00002846      0x1a7 ./board/board.o
 .debug_abbrev  0x000029ed      0x220 ./board/clock_config.o
 .debug_abbrev  0x00002c0d       0x31 ./board/peripherals.o
 .debug_abbrev  0x00002c3e      0x1bb ./board/pin_mux.o
 .debug_abbrev  0x00002df9      0x156 ./CMSIS/system_MKL25Z4.o

.debug_aranges  0x00000000      0xf20
 .debug_aranges
                0x00000000       0x58 ./utilities/fsl_debug_console.o
 .debug_aranges
                0x00000058      0x160 ./startup/startup_mkl25z4.o
 .debug_aranges
                0x000001b8       0x38 ./source/LED_control.o
 .debug_aranges
                0x000001f0       0xb8 ./source/Program2.o
 .debug_aranges
                0x000002a8       0x18 ./source/mtb.o
 .debug_aranges
                0x000002c0       0x20 ./source/semihost_hardfault.o
 .debug_aranges
                0x000002e0       0x20 ./freertos/fsl_tickless_lptmr.o
 .debug_aranges
                0x00000300       0x50 ./freertos/heap_4.o
 .debug_aranges
                0x00000350       0x40 ./freertos/list.o
 .debug_aranges
                0x00000390       0x80 ./freertos/port.o
 .debug_aranges
                0x00000410      0x118 ./freertos/queue.o
 .debug_aranges
                0x00000528      0x1e8 ./freertos/tasks.o
 .debug_aranges
                0x00000710       0xc8 ./freertos/timers.o
 .debug_aranges
                0x000007d8       0x88 ./drivers/fsl_adc16.o
 .debug_aranges
                0x00000860      0x1d8 ./drivers/fsl_clock.o
 .debug_aranges
                0x00000a38       0x90 ./drivers/fsl_dac.o
 .debug_aranges
                0x00000ac8       0xd0 ./drivers/fsl_dma.o
 .debug_aranges
                0x00000b98       0x40 ./drivers/fsl_dmamux.o
 .debug_aranges
                0x00000bd8      0x118 ./drivers/fsl_lpsci.o
 .debug_aranges
                0x00000cf0      0x130 ./drivers/fsl_uart.o
 .debug_aranges
                0x00000e20       0x28 ./board/board.o
 .debug_aranges
                0x00000e48       0x58 ./board/clock_config.o
 .debug_aranges
                0x00000ea0       0x20 ./board/peripherals.o
 .debug_aranges
                0x00000ec0       0x38 ./board/pin_mux.o
 .debug_aranges
                0x00000ef8       0x28 ./CMSIS/system_MKL25Z4.o

.debug_ranges   0x00000000      0xd88
 .debug_ranges  0x00000000       0x48 ./utilities/fsl_debug_console.o
 .debug_ranges  0x00000048      0x150 ./startup/startup_mkl25z4.o
 .debug_ranges  0x00000198       0x28 ./source/LED_control.o
 .debug_ranges  0x000001c0       0xa8 ./source/Program2.o
 .debug_ranges  0x00000268       0x10 ./source/semihost_hardfault.o
 .debug_ranges  0x00000278       0x10 ./freertos/fsl_tickless_lptmr.o
 .debug_ranges  0x00000288       0x40 ./freertos/heap_4.o
 .debug_ranges  0x000002c8       0x30 ./freertos/list.o
 .debug_ranges  0x000002f8       0x70 ./freertos/port.o
 .debug_ranges  0x00000368      0x108 ./freertos/queue.o
 .debug_ranges  0x00000470      0x1d8 ./freertos/tasks.o
 .debug_ranges  0x00000648       0xb8 ./freertos/timers.o
 .debug_ranges  0x00000700       0x78 ./drivers/fsl_adc16.o
 .debug_ranges  0x00000778      0x1c8 ./drivers/fsl_clock.o
 .debug_ranges  0x00000940       0x80 ./drivers/fsl_dac.o
 .debug_ranges  0x000009c0       0xc0 ./drivers/fsl_dma.o
 .debug_ranges  0x00000a80       0x30 ./drivers/fsl_dmamux.o
 .debug_ranges  0x00000ab0      0x108 ./drivers/fsl_lpsci.o
 .debug_ranges  0x00000bb8      0x120 ./drivers/fsl_uart.o
 .debug_ranges  0x00000cd8       0x18 ./board/board.o
 .debug_ranges  0x00000cf0       0x48 ./board/clock_config.o
 .debug_ranges  0x00000d38       0x10 ./board/peripherals.o
 .debug_ranges  0x00000d48       0x28 ./board/pin_mux.o
 .debug_ranges  0x00000d70       0x18 ./CMSIS/system_MKL25Z4.o

.debug_macro    0x00000000     0xa322
 .debug_macro   0x00000000      0x13a ./utilities/fsl_debug_console.o
 .debug_macro   0x0000013a      0xab4 ./utilities/fsl_debug_console.o
 .debug_macro   0x00000bee       0x10 ./utilities/fsl_debug_console.o
 .debug_macro   0x00000bfe       0x16 ./utilities/fsl_debug_console.o
 .debug_macro   0x00000c14       0x10 ./utilities/fsl_debug_console.o
 .debug_macro   0x00000c24      0x12e ./utilities/fsl_debug_console.o
 .debug_macro   0x00000d52       0x28 ./utilities/fsl_debug_console.o
 .debug_macro   0x00000d7a       0xc4 ./utilities/fsl_debug_console.o
 .debug_macro   0x00000e3e       0x16 ./utilities/fsl_debug_console.o
 .debug_macro   0x00000e54       0x22 ./utilities/fsl_debug_console.o
 .debug_macro   0x00000e76      0x5b3 ./utilities/fsl_debug_console.o
 .debug_macro   0x00001429       0x10 ./utilities/fsl_debug_console.o
 .debug_macro   0x00001439       0x3f ./utilities/fsl_debug_console.o
 .debug_macro   0x00001478       0x3a ./utilities/fsl_debug_console.o
 .debug_macro   0x000014b2       0x26 ./utilities/fsl_debug_console.o
 .debug_macro   0x000014d8      0x329 ./utilities/fsl_debug_console.o
 .debug_macro   0x00001801       0x30 ./utilities/fsl_debug_console.o
 .debug_macro   0x00001831     0x51e2 ./utilities/fsl_debug_console.o
 .debug_macro   0x00006a13     0x1352 ./utilities/fsl_debug_console.o
 .debug_macro   0x00007d65       0x3a ./utilities/fsl_debug_console.o
 .debug_macro   0x00007d9f       0xf4 ./utilities/fsl_debug_console.o
 .debug_macro   0x00007e93       0x35 ./utilities/fsl_debug_console.o
 .debug_macro   0x00007ec8       0x9a ./utilities/fsl_debug_console.o
 .debug_macro   0x00007f62       0x2e ./utilities/fsl_debug_console.o
 .debug_macro   0x00007f90       0x10 ./utilities/fsl_debug_console.o
 .debug_macro   0x00007fa0       0x10 ./utilities/fsl_debug_console.o
 .debug_macro   0x00007fb0       0x29 ./startup/startup_mkl25z4.o
 .debug_macro   0x00007fd9       0x97 ./source/LED_control.o
 .debug_macro   0x00008070       0x34 ./source/LED_control.o
 .debug_macro   0x000080a4       0x2e ./source/LED_control.o
 .debug_macro   0x000080d2      0x29c ./source/Program2.o
 .debug_macro   0x0000836e       0xa0 ./source/Program2.o
 .debug_macro   0x0000840e       0x16 ./source/Program2.o
 .debug_macro   0x00008424       0x10 ./source/Program2.o
 .debug_macro   0x00008434      0x112 ./source/Program2.o
 .debug_macro   0x00008546       0x34 ./source/Program2.o
 .debug_macro   0x0000857a       0x10 ./source/Program2.o
 .debug_macro   0x0000858a       0x10 ./source/Program2.o
 .debug_macro   0x0000859a       0x10 ./source/Program2.o
 .debug_macro   0x000085aa       0x10 ./source/Program2.o
 .debug_macro   0x000085ba       0x34 ./source/Program2.o
 .debug_macro   0x000085ee       0x10 ./source/Program2.o
 .debug_macro   0x000085fe      0x18b ./source/Program2.o
 .debug_macro   0x00008789      0x168 ./source/Program2.o
 .debug_macro   0x000088f1       0xb6 ./source/Program2.o
 .debug_macro   0x000089a7       0x10 ./source/Program2.o
 .debug_macro   0x000089b7       0x1f ./source/Program2.o
 .debug_macro   0x000089d6      0x361 ./source/Program2.o
 .debug_macro   0x00008d37       0xc0 ./source/Program2.o
 .debug_macro   0x00008df7       0x8c ./source/Program2.o
 .debug_macro   0x00008e83       0x94 ./source/Program2.o
 .debug_macro   0x00008f17       0x91 ./source/Program2.o
 .debug_macro   0x00008fa8       0x2f ./source/mtb.o
 .debug_macro   0x00008fd7       0x82 ./source/mtb.o
 .debug_macro   0x00009059       0x10 ./source/mtb.o
 .debug_macro   0x00009069       0x11 ./source/semihost_hardfault.o
 .debug_macro   0x0000907a       0xbd ./freertos/fsl_tickless_lptmr.o
 .debug_macro   0x00009137       0x8e ./freertos/fsl_tickless_lptmr.o
 .debug_macro   0x000091c5       0xe0 ./freertos/heap_4.o
 .debug_macro   0x000092a5       0xb9 ./freertos/list.o
 .debug_macro   0x0000935e       0xcf ./freertos/port.o
 .debug_macro   0x0000942d      0x122 ./freertos/queue.o
 .debug_macro   0x0000954f      0x182 ./freertos/tasks.o
 .debug_macro   0x000096d1       0x11 ./freertos/tasks.o
 .debug_macro   0x000096e2       0xec ./freertos/timers.o
 .debug_macro   0x000097ce       0xec ./drivers/fsl_adc16.o
 .debug_macro   0x000098ba       0x1c ./drivers/fsl_adc16.o
 .debug_macro   0x000098d6      0x196 ./drivers/fsl_clock.o
 .debug_macro   0x00009a6c       0xec ./drivers/fsl_dac.o
 .debug_macro   0x00009b58       0xec ./drivers/fsl_dma.o
 .debug_macro   0x00009c44       0xec ./drivers/fsl_dmamux.o
 .debug_macro   0x00009d30       0xec ./drivers/fsl_lpsci.o
 .debug_macro   0x00009e1c       0xf2 ./drivers/fsl_uart.o
 .debug_macro   0x00009f0e      0x12b ./board/board.o
 .debug_macro   0x0000a039      0x123 ./board/clock_config.o
 .debug_macro   0x0000a15c       0x1b ./board/peripherals.o
 .debug_macro   0x0000a177      0x107 ./board/pin_mux.o
 .debug_macro   0x0000a27e       0x10 ./board/pin_mux.o
 .debug_macro   0x0000a28e       0x94 ./CMSIS/system_MKL25Z4.o

.debug_line     0x00000000     0x9e8d
 .debug_line    0x00000000      0x509 ./utilities/fsl_debug_console.o
 .debug_line    0x00000509      0x1e7 ./startup/startup_mkl25z4.o
 .debug_line    0x000006f0      0x30c ./source/LED_control.o
 .debug_line    0x000009fc      0x97d ./source/Program2.o
 .debug_line    0x00001379       0xd1 ./source/mtb.o
 .debug_line    0x0000144a       0x5a ./source/semihost_hardfault.o
 .debug_line    0x000014a4      0x255 ./freertos/fsl_tickless_lptmr.o
 .debug_line    0x000016f9      0x490 ./freertos/heap_4.o
 .debug_line    0x00001b89      0x319 ./freertos/list.o
 .debug_line    0x00001ea2      0x3c8 ./freertos/port.o
 .debug_line    0x0000226a      0xc90 ./freertos/queue.o
 .debug_line    0x00002efa     0x1527 ./freertos/tasks.o
 .debug_line    0x00004421      0x722 ./freertos/timers.o
 .debug_line    0x00004b43      0x65f ./drivers/fsl_adc16.o
 .debug_line    0x000051a2     0x12fc ./drivers/fsl_clock.o
 .debug_line    0x0000649e      0x545 ./drivers/fsl_dac.o
 .debug_line    0x000069e3      0x74e ./drivers/fsl_dma.o
 .debug_line    0x00007131      0x370 ./drivers/fsl_dmamux.o
 .debug_line    0x000074a1      0xd7d ./drivers/fsl_lpsci.o
 .debug_line    0x0000821e      0xd6c ./drivers/fsl_uart.o
 .debug_line    0x00008f8a      0x3cf ./board/board.o
 .debug_line    0x00009359      0x409 ./board/clock_config.o
 .debug_line    0x00009762       0x5c ./board/peripherals.o
 .debug_line    0x000097be      0x390 ./board/pin_mux.o
 .debug_line    0x00009b4e      0x33f ./CMSIS/system_MKL25Z4.o

.debug_str      0x00000000    0x3e09b
 .debug_str     0x00000000    0x31561 ./utilities/fsl_debug_console.o
                              0x317e1 (size before relaxing)
 .debug_str     0x00031561      0x3a6 ./startup/startup_mkl25z4.o
                               0x3205 (size before relaxing)
 .debug_str     0x00031907      0x1f5 ./source/LED_control.o
                              0x28f64 (size before relaxing)
 .debug_str     0x00031afc     0x5fa8 ./source/Program2.o
                              0x373f2 (size before relaxing)
 .debug_str     0x00037aa4      0x532 ./source/mtb.o
                               0x3311 (size before relaxing)
 .debug_str     0x00037fd6       0x1f ./source/semihost_hardfault.o
                               0x2dfe (size before relaxing)
 .debug_str     0x00037ff5      0x43c ./freertos/fsl_tickless_lptmr.o
                               0x7c7a (size before relaxing)
 .debug_str     0x00038431      0x27e ./freertos/heap_4.o
                               0x7b15 (size before relaxing)
 .debug_str     0x000386af      0x12a ./freertos/list.o
                               0x7432 (size before relaxing)
 .debug_str     0x000387d9      0x17b ./freertos/port.o
                               0x7e21 (size before relaxing)
 .debug_str     0x00038954      0x75b ./freertos/queue.o
                               0x898e (size before relaxing)
 .debug_str     0x000390af     0x1313 ./freertos/tasks.o
                               0x95ff (size before relaxing)
 .debug_str     0x0003a3c2      0x4c6 ./freertos/timers.o
                               0x8ed9 (size before relaxing)
 .debug_str     0x0003a888      0x5ae ./drivers/fsl_adc16.o
                              0x315aa (size before relaxing)
 .debug_str     0x0003ae36     0x132e ./drivers/fsl_clock.o
                              0x3230c (size before relaxing)
 .debug_str     0x0003c164      0x253 ./drivers/fsl_dac.o
                              0x30ef9 (size before relaxing)
 .debug_str     0x0003c3b7      0x55d ./drivers/fsl_dma.o
                              0x315da (size before relaxing)
 .debug_str     0x0003c914       0x65 ./drivers/fsl_dmamux.o
                              0x30c07 (size before relaxing)
 .debug_str     0x0003c979      0x94b ./drivers/fsl_lpsci.o
                              0x31914 (size before relaxing)
 .debug_str     0x0003d2c4      0x832 ./drivers/fsl_uart.o
                              0x31937 (size before relaxing)
 .debug_str     0x0003daf6       0x4c ./board/board.o
                              0x316f4 (size before relaxing)
 .debug_str     0x0003db42      0x300 ./board/clock_config.o
                              0x3123a (size before relaxing)
 .debug_str     0x0003de42       0x31 ./board/peripherals.o
                               0x2e0f (size before relaxing)
 .debug_str     0x0003de73      0x1e1 ./board/pin_mux.o
                              0x3099d (size before relaxing)
 .debug_str     0x0003e054       0x47 ./CMSIS/system_MKL25Z4.o
                              0x2fc76 (size before relaxing)

.comment        0x00000000       0x76
 .comment       0x00000000       0x76 ./utilities/fsl_debug_console.o
                                 0x77 (size before relaxing)
 .comment       0x00000076       0x77 ./startup/startup_mkl25z4.o
 .comment       0x00000076       0x77 ./source/LED_control.o
 .comment       0x00000076       0x77 ./source/Program2.o
 .comment       0x00000076       0x77 ./source/mtb.o
 .comment       0x00000076       0x77 ./source/semihost_hardfault.o
 .comment       0x00000076       0x77 ./freertos/fsl_tickless_lptmr.o
 .comment       0x00000076       0x77 ./freertos/heap_4.o
 .comment       0x00000076       0x77 ./freertos/list.o
 .comment       0x00000076       0x77 ./freertos/port.o
 .comment       0x00000076       0x77 ./freertos/queue.o
 .comment       0x00000076       0x77 ./freertos/tasks.o
 .comment       0x00000076       0x77 ./freertos/timers.o
 .comment       0x00000076       0x77 ./drivers/fsl_adc16.o
 .comment       0x00000076       0x77 ./drivers/fsl_clock.o
 .comment       0x00000076       0x77 ./drivers/fsl_dac.o
 .comment       0x00000076       0x77 ./drivers/fsl_dma.o
 .comment       0x00000076       0x77 ./drivers/fsl_dmamux.o
 .comment       0x00000076       0x77 ./drivers/fsl_lpsci.o
 .comment       0x00000076       0x77 ./drivers/fsl_uart.o
 .comment       0x00000076       0x77 ./board/board.o
 .comment       0x00000076       0x77 ./board/clock_config.o
 .comment       0x00000076       0x77 ./board/peripherals.o
 .comment       0x00000076       0x77 ./board/pin_mux.o
 .comment       0x00000076       0x77 ./CMSIS/system_MKL25Z4.o
 .comment       0x00000076       0x77 c:/nxp/mcuxpressoide_11.1.0_3209/ide/plugins/com.nxp.mcuxpresso.tools.win32_11.1.0.201909161352/tools/bin/../lib/gcc/arm-none-eabi/8.3.1/../../../../arm-none-eabi/lib/thumb/v6-m/nofp\libcr_semihost_nf.a(_cr__main.o)
 .comment       0x00000076       0x77 c:/nxp/mcuxpressoide_11.1.0_3209/ide/plugins/com.nxp.mcuxpresso.tools.win32_11.1.0.201909161352/tools/bin/../lib/gcc/arm-none-eabi/8.3.1/../../../../arm-none-eabi/lib/thumb/v6-m/nofp\libcr_semihost_nf.a(_cr_assert.o)
 .comment       0x00000076       0x77 c:/nxp/mcuxpressoide_11.1.0_3209/ide/plugins/com.nxp.mcuxpresso.tools.win32_11.1.0.201909161352/tools/bin/../lib/gcc/arm-none-eabi/8.3.1/../../../../arm-none-eabi/lib/thumb/v6-m/nofp\libcr_semihost_nf.a(__ciob.o)
 .comment       0x00000076       0x77 c:/nxp/mcuxpressoide_11.1.0_3209/ide/plugins/com.nxp.mcuxpresso.tools.win32_11.1.0.201909161352/tools/bin/../lib/gcc/arm-none-eabi/8.3.1/../../../../arm-none-eabi/lib/thumb/v6-m/nofp\libcr_c.a(memcpy.o)
 .comment       0x00000076       0x77 c:/nxp/mcuxpressoide_11.1.0_3209/ide/plugins/com.nxp.mcuxpresso.tools.win32_11.1.0.201909161352/tools/bin/../lib/gcc/arm-none-eabi/8.3.1/../../../../arm-none-eabi/lib/thumb/v6-m/nofp\libcr_c.a(memset.o)
 .comment       0x00000076       0x77 c:/nxp/mcuxpressoide_11.1.0_3209/ide/plugins/com.nxp.mcuxpresso.tools.win32_11.1.0.201909161352/tools/bin/../lib/gcc/arm-none-eabi/8.3.1/../../../../arm-none-eabi/lib/thumb/v6-m/nofp\libcr_c.a(_deferredlazyseek.o)
 .comment       0x00000076       0x77 c:/nxp/mcuxpressoide_11.1.0_3209/ide/plugins/com.nxp.mcuxpresso.tools.win32_11.1.0.201909161352/tools/bin/../lib/gcc/arm-none-eabi/8.3.1/../../../../arm-none-eabi/lib/thumb/v6-m/nofp\libcr_c.a(_fflush.o)
 .comment       0x00000076       0x77 c:/nxp/mcuxpressoide_11.1.0_3209/ide/plugins/com.nxp.mcuxpresso.tools.win32_11.1.0.201909161352/tools/bin/../lib/gcc/arm-none-eabi/8.3.1/../../../../arm-none-eabi/lib/thumb/v6-m/nofp\libcr_c.a(_writebuf.o)
 .comment       0x00000076       0x77 c:/nxp/mcuxpressoide_11.1.0_3209/ide/plugins/com.nxp.mcuxpresso.tools.win32_11.1.0.201909161352/tools/bin/../lib/gcc/arm-none-eabi/8.3.1/../../../../arm-none-eabi/lib/thumb/v6-m/nofp\libcr_c.a(alloc.o)
 .comment       0x00000076       0x77 c:/nxp/mcuxpressoide_11.1.0_3209/ide/plugins/com.nxp.mcuxpresso.tools.win32_11.1.0.201909161352/tools/bin/../lib/gcc/arm-none-eabi/8.3.1/../../../../arm-none-eabi/lib/thumb/v6-m/nofp\libcr_c.a(fpprintf.o)
 .comment       0x00000076       0x77 c:/nxp/mcuxpressoide_11.1.0_3209/ide/plugins/com.nxp.mcuxpresso.tools.win32_11.1.0.201909161352/tools/bin/../lib/gcc/arm-none-eabi/8.3.1/../../../../arm-none-eabi/lib/thumb/v6-m/nofp\libcr_c.a(fputs.o)
 .comment       0x00000076       0x77 c:/nxp/mcuxpressoide_11.1.0_3209/ide/plugins/com.nxp.mcuxpresso.tools.win32_11.1.0.201909161352/tools/bin/../lib/gcc/arm-none-eabi/8.3.1/../../../../arm-none-eabi/lib/thumb/v6-m/nofp\libcr_c.a(fseek.o)
 .comment       0x00000076       0x77 c:/nxp/mcuxpressoide_11.1.0_3209/ide/plugins/com.nxp.mcuxpresso.tools.win32_11.1.0.201909161352/tools/bin/../lib/gcc/arm-none-eabi/8.3.1/../../../../arm-none-eabi/lib/thumb/v6-m/nofp\libcr_c.a(ftell.o)
 .comment       0x00000076       0x77 c:/nxp/mcuxpressoide_11.1.0_3209/ide/plugins/com.nxp.mcuxpresso.tools.win32_11.1.0.201909161352/tools/bin/../lib/gcc/arm-none-eabi/8.3.1/../../../../arm-none-eabi/lib/thumb/v6-m/nofp\libcr_c.a(initio.o)
 .comment       0x00000076       0x77 c:/nxp/mcuxpressoide_11.1.0_3209/ide/plugins/com.nxp.mcuxpresso.tools.win32_11.1.0.201909161352/tools/bin/../lib/gcc/arm-none-eabi/8.3.1/../../../../arm-none-eabi/lib/thumb/v6-m/nofp\libcr_c.a(printf.o)
 .comment       0x00000076       0x77 c:/nxp/mcuxpressoide_11.1.0_3209/ide/plugins/com.nxp.mcuxpresso.tools.win32_11.1.0.201909161352/tools/bin/../lib/gcc/arm-none-eabi/8.3.1/../../../../arm-none-eabi/lib/thumb/v6-m/nofp\libcr_c.a(setvbuf.o)
 .comment       0x00000076       0x77 c:/nxp/mcuxpressoide_11.1.0_3209/ide/plugins/com.nxp.mcuxpresso.tools.win32_11.1.0.201909161352/tools/bin/../lib/gcc/arm-none-eabi/8.3.1/../../../../arm-none-eabi/lib/thumb/v6-m/nofp\libcr_c.a(sin.o)
 .comment       0x00000076       0x77 c:/nxp/mcuxpressoide_11.1.0_3209/ide/plugins/com.nxp.mcuxpresso.tools.win32_11.1.0.201909161352/tools/bin/../lib/gcc/arm-none-eabi/8.3.1/../../../../arm-none-eabi/lib/thumb/v6-m/nofp\libcr_c.a(sqrt.o)
 .comment       0x00000076       0x77 c:/nxp/mcuxpressoide_11.1.0_3209/ide/plugins/com.nxp.mcuxpresso.tools.win32_11.1.0.201909161352/tools/bin/../lib/gcc/arm-none-eabi/8.3.1/../../../../arm-none-eabi/lib/thumb/v6-m/nofp\libcr_c.a(strlen.o)
 .comment       0x00000076       0x77 c:/nxp/mcuxpressoide_11.1.0_3209/ide/plugins/com.nxp.mcuxpresso.tools.win32_11.1.0.201909161352/tools/bin/../lib/gcc/arm-none-eabi/8.3.1/../../../../arm-none-eabi/lib/thumb/v6-m/nofp\libcr_c.a(__init_alloc.o)
 .comment       0x00000076       0x77 c:/nxp/mcuxpressoide_11.1.0_3209/ide/plugins/com.nxp.mcuxpresso.tools.win32_11.1.0.201909161352/tools/bin/../lib/gcc/arm-none-eabi/8.3.1/../../../../arm-none-eabi/lib/thumb/v6-m/nofp\libcr_c.a(_cr_sbrk.o)
 .comment       0x00000076       0x77 c:/nxp/mcuxpressoide_11.1.0_3209/ide/plugins/com.nxp.mcuxpresso.tools.win32_11.1.0.201909161352/tools/bin/../lib/gcc/arm-none-eabi/8.3.1/../../../../arm-none-eabi/lib/thumb/v6-m/nofp\libcr_c.a(_fdopen.o)